 DGC_MCR

 Timestamp is 4ed105a7 (Sat Nov 26 08:28:39 2011)

 Preferred load address is 00400000

 Start         Length     Name                   Class
 0001:00000000 0000aab0H .text                   CODE
 0001:0000aab0 00000900H .text$x                 CODE
 0002:00000000 00000224H .idata$5                DATA
 0002:00000228 000000ecH .rdata                  DATA
 0002:00000318 00000044H .rdata$r                DATA
 0002:00000360 00001330H .xdata$x                DATA
 0002:00001690 0000008cH .idata$2                DATA
 0002:0000171c 00000014H .idata$3                DATA
 0002:00001730 00000224H .idata$4                DATA
 0002:00001954 00000532H .idata$6                DATA
 0002:00001e86 00000000H .edata                  DATA
 0003:00000000 00000004H .CRT$XCA                DATA
 0003:00000004 00000030H .CRT$XCU                DATA
 0003:00000034 00000004H .CRT$XCZ                DATA
 0003:00000038 00000004H .CRT$XIA                DATA
 0003:0000003c 00000004H .CRT$XIZ                DATA
 0003:00000040 00003074H .data                   DATA
 0003:000030b8 0000e134H .bss                    DATA
 0004:00000000 000000a0H .rsrc$01                DATA
 0004:000000a0 00000340H .rsrc$02                DATA

  Address         Publics by Value              Rva+Base     Lib:Object

 0001:00000000       ??0Thread@@IAE@PAX@Z       00401000 f   ActivationTimer.obj
 0001:00000020       ??_EThread@@MAEPAXI@Z      00401020 f i ActivationTimer.obj
 0001:00000020       ??_GThread@@MAEPAXI@Z      00401020 f i ActivationTimer.obj
 0001:00000040       ??1Thread@@MAE@XZ          00401040 f   ActivationTimer.obj
 0001:00000080       ??0ThreadList@@IAE@PAX@Z   00401080 f   ActivationTimer.obj
 0001:000000f0       ??_EThreadList@@MAEPAXI@Z  004010f0 f i ActivationTimer.obj
 0001:000000f0       ??_GThreadList@@MAEPAXI@Z  004010f0 f i ActivationTimer.obj
 0001:00000110       ?AppendThread@ThreadList@@IAEHPAX@Z 00401110 f   ActivationTimer.obj
 0001:00000170       ?CloseThreadObject@ThreadList@@IAEHH@Z 00401170 f   ActivationTimer.obj
 0001:000001e0       ?GetNumOfThreads@ThreadList@@IBEHXZ 004011e0 f   ActivationTimer.obj
 0001:000001f0       ?IsThreadActive@ThreadList@@IBE_NH@Z 004011f0 f   ActivationTimer.obj
 0001:00000230       ??AThreadList@@IBEPAUThread@@H@Z 00401230 f   ActivationTimer.obj
 0001:00000260       ??1ThreadList@@MAE@XZ      00401260 f   ActivationTimer.obj
 0001:00000290       ??0Task@@IAE@KPAX0@Z       00401290 f   ActivationTimer.obj
 0001:00000310       ??_GTask@@MAEPAXI@Z        00401310 f i ActivationTimer.obj
 0001:00000310       ??_ETask@@MAEPAXI@Z        00401310 f i ActivationTimer.obj
 0001:00000330       ??1Task@@MAE@XZ            00401330 f   ActivationTimer.obj
 0001:00000350       ?Execute@Task@@IAEXXZ      00401350 f   ActivationTimer.obj
 0001:000003b0       ??0TaskList@@IAE@KPAX0@Z   004013b0 f   ActivationTimer.obj
 0001:00000440       ??_GTaskList@@MAEPAXI@Z    00401440 f i ActivationTimer.obj
 0001:00000440       ??_ETaskList@@MAEPAXI@Z    00401440 f i ActivationTimer.obj
 0001:00000460       ??ATaskList@@IBEPAVTask@@H@Z 00401460 f   ActivationTimer.obj
 0001:00000490       ?GetTaskTimeout@TaskList@@IBEKH@Z 00401490 f   ActivationTimer.obj
 0001:000004a0       ?CallTask@TaskList@@IAEXH@Z 004014a0 f   ActivationTimer.obj
 0001:000004c0       ??1TaskList@@MAE@XZ        004014c0 f   ActivationTimer.obj
 0001:000004f0       ??0ActivationTimer@@QAE@KPAX0@Z 004014f0 f   ActivationTimer.obj
 0001:000005d0       ??_EActivationTimer@@UAEPAXI@Z 004015d0 f i ActivationTimer.obj
 0001:000005d0       ??_GActivationTimer@@UAEPAXI@Z 004015d0 f i ActivationTimer.obj
 0001:000005f0       ??1ActivationTimer@@UAE@XZ 004015f0 f   ActivationTimer.obj
 0001:00000610       ?ExecAppropriateFunc@ActivationTimer@@KAXXZ 00401610 f   ActivationTimer.obj
 0001:00000680       ?Halt@ActivationTimer@@QAEXXZ 00401680 f   ActivationTimer.obj
 0001:000006a0       ?Restart@ActivationTimer@@QAEXXZ 004016a0 f   ActivationTimer.obj
 0001:000006c0       ?TimerProc@ActivationTimer@@KGXPAUHWND__@@IIK@Z 004016c0 f   ActivationTimer.obj
 0001:000006d0       ??0CActiveAccounts@@QAE@XZ 004016d0 f   ActiveAccounts.obj
 0001:00000750       ??_GCActiveAccounts@@UAEPAXI@Z 00401750 f i ActiveAccounts.obj
 0001:00000750       ??_ECActiveAccounts@@UAEPAXI@Z 00401750 f i ActiveAccounts.obj
 0001:00000770       ??1CActiveAccounts@@UAE@XZ 00401770 f   ActiveAccounts.obj
 0001:000007f0       ?IsAccountActive@CActiveAccounts@@QAEHPAD@Z 004017f0 f   ActiveAccounts.obj
 0001:00000830       ?AddActiveAccount@CActiveAccounts@@QAEHPAD@Z 00401830 f   ActiveAccounts.obj
 0001:00000860       ?RemoveActiveAccount@CActiveAccounts@@QAEHPAD@Z 00401860 f   ActiveAccounts.obj
 0001:000008a0       ?AssertValid@CObject@@UBEXXZ 004018a0 f i ActiveAccounts.obj
 0001:000008b0       ?Dump@CObject@@UBEXAAVCDumpContext@@@Z 004018b0 f i ActiveAccounts.obj
 0001:000008b0       ?Serialize@CObject@@UAEXAAVCArchive@@@Z 004018b0 f i ActiveAccounts.obj
 0001:000008c0       ?Unlock@CSyncObject@@UAEHJPAJ@Z 004018c0 f i ActiveAccounts.obj
 0001:000008d0       ??_GCCriticalSection@@UAEPAXI@Z 004018d0 f i ActiveAccounts.obj
 0001:000008d0       ??_ECCriticalSection@@UAEPAXI@Z 004018d0 f i ActiveAccounts.obj
 0001:000008f0       ??1CCriticalSection@@UAE@XZ 004018f0 f i ActiveAccounts.obj
 0001:00000910       ?Lock@CCriticalSection@@UAEHK@Z 00401910 f i ActiveAccounts.obj
 0001:00000930       ?Unlock@CCriticalSection@@UAEHXZ 00401930 f i ActiveAccounts.obj
 0001:00000980       ??1CMyDatabase@@QAE@XZ     00401980 f   Database.obj
 0001:00000a00       ??0CMyDatabase@@QAE@XZ     00401a00 f   Database.obj
 0001:00000aa0       ?ReadStationsFromTable@CMyDatabase@@QAEHAAVCDatabase@@@Z 00401aa0 f   Database.obj
 0001:00000e30       ??1CODBCFieldInfo@@QAE@XZ  00401e30 f i Database.obj
 0001:00000e40       ?GetStationCustomPL@CMyDatabase@@QAEXAAU_TagStation@@AAVCDatabase@@H@Z 00401e40 f   Database.obj
 0001:00001120       ?GetUnitOrCurrency@CMyDatabase@@QAEHAAVCDatabase@@@Z 00402120 f   Database.obj
 0001:00001220       ?ReadIni@CMyDatabase@@QAE?AVCString@@XZ 00402220 f   Database.obj
 0001:00001250       ?OpenConnection@CMyDatabase@@QAEHAAVCDatabase@@@Z 00402250 f   Database.obj
 0001:00001330       ?OpenConnection@CMyDatabase@@QAEHAAVCDatabase@@H@Z 00402330 f   Database.obj
 0001:000013f0       ?CheckHandle@CMyDatabase@@QAEHAAVCDatabase@@H@Z 004023f0 f   Database.obj
 0001:00001510       ?CloseConnection@CMyDatabase@@QAEHAAVCDatabase@@H@Z 00402510 f   Database.obj
 0001:000015c0       ?CloseConnection@CMyDatabase@@QAEHAAVCDatabase@@@Z 004025c0 f   Database.obj
 0001:00001670       ?GetGroup@CMyDatabase@@QAEXAAU_NetcashDevice@@AAVCDatabase@@H@Z 00402670 f   Database.obj
 0001:00001870       ?GetInsertGuid@CMyDatabase@@QAEXAAU_NetcashDevice@@AAVCDatabase@@H@Z 00402870 f   Database.obj
 0001:000019a0       ?GetAccMaxSpend@CMyDatabase@@QAEXAAU_NetcashDevice@@AAVCDatabase@@H@Z 004029a0 f   Database.obj
 0001:00001b30       ?GetAt@CStringArray@@QBE?AVCString@@H@Z 00402b30 f i Database.obj
 0001:00001b60       ?GetOUMaxSpend@CMyDatabase@@QAEXAAU_NetcashDevice@@AAVCDatabase@@H@Z 00402b60 f   Database.obj
 0001:00001cf0       ?GetGlobalMaxSpend@CMyDatabase@@QAEXAAU_NetcashDevice@@AAVCDatabase@@H@Z 00402cf0 f   Database.obj
 0001:00001e70       ?GetAccount@CMyDatabase@@QAEXAAU_NetcashDevice@@AAVCDatabase@@H@Z 00402e70 f   Database.obj
 0001:00002080       ?VerifyClient@CMyDatabase@@QAEHAAU_NetcashDevice@@AAVCDatabase@@H@Z 00403080 f   Database.obj
 0001:00002220       ?VerifyMatter@CMyDatabase@@QAEHAAU_NetcashDevice@@AAVCDatabase@@H@Z 00403220 f   Database.obj
 0001:000023d0       ?GetStation@CMyDatabase@@QAEHAAU_NetcashDevice@@AAVCDatabase@@H@Z 004033d0 f   Database.obj
 0001:000026f0       ?GetAccountID@CMyDatabase@@QAEXAAU_NetcashDevice@@AAVCDatabase@@H@Z 004036f0 f   Database.obj
 0001:00002870       ?GetOfflineAccountID@CMyDatabase@@QAEXAAU_NetcashDevice@@AAVCDatabase@@H@Z 00403870 f   Database.obj
 0001:000029c0       ?UpdateCopier@CMyDatabase@@QAEXAAU_NetcashDevice@@AAVCDatabase@@H@Z 004039c0 f   Database.obj
 0001:000029f0       ?UpdateOfflineCopier@CMyDatabase@@QAEXAAU_NetcashDevice@@AAVCDatabase@@H@Z 004039f0 f   Database.obj
 0001:00002ad0       ?UpdateAccount@CMyDatabase@@QAEXAAU_NetcashDevice@@AAVCDatabase@@H@Z 00403ad0 f   Database.obj
 0001:00002bb0       ?UpdateOfflineAccount@CMyDatabase@@QAEXAAU_NetcashDevice@@AAVCDatabase@@H@Z 00403bb0 f   Database.obj
 0001:00002cb0       ?LogCopyJob@CMyDatabase@@QAEXAAU_NetcashDevice@@AAVCDatabase@@H@Z 00403cb0 f   Database.obj
 0001:00002dc0       ?LogJournel@CMyDatabase@@QAEXAAU_NetcashDevice@@AAVCDatabase@@H@Z 00403dc0 f   Database.obj
 0001:00002ee0       ?LogCopyJobPL@CMyDatabase@@QAEXAAU_NetcashDevice@@AAVCDatabase@@H@Z 00403ee0 f   Database.obj
 0001:00002fd0       ?Handle_ServiceUp@CMyDatabase@@QAEXAAVCDatabase@@@Z 00403fd0 f   Database.obj
 0001:00002fe0       ?RemoveAllActiveSessions@CMyDatabase@@QAEXAAVCDatabase@@@Z 00403fe0 f   Database.obj
 0001:00003080       ?DeleteActiveSession@CMyDatabase@@QAEXPADAAVCDatabase@@@Z 00404080 f   Database.obj
 0001:00003180       ?AddActiveSession@CMyDatabase@@QAEXPADAAVCDatabase@@@Z 00404180 f   Database.obj
 0001:00003250       ?IsActiveSession@CMyDatabase@@QAEHPADAAVCDatabase@@@Z 00404250 f   Database.obj
 0001:000033a0       ?Handle_DroppedConnection@CMyDatabase@@QAEXAAU_NetcashDevice@@AAVCDatabase@@H@Z 004043a0 f   Database.obj
 0001:000034a0       ?Handle_SessionActive@CMyDatabase@@QAEXAAU_NetcashDevice@@AAVCDatabase@@@Z 004044a0 f   Database.obj
 0001:00003590       ?Handle_SessionClosed@CMyDatabase@@QAEXAAU_NetcashDevice@@AAVCDatabase@@@Z 00404590 f   Database.obj
 0001:00003680       ?Handle_SessionIdle@CMyDatabase@@QAEXAAU_NetcashDevice@@AAVCDatabase@@@Z 00404680 f   Database.obj
 0001:00003770       ?Handle_NewConnection@CMyDatabase@@QAEXAAU_NetcashDevice@@AAVCDatabase@@H@Z 00404770 f   Database.obj
 0001:00003880       ?UpdateSchema@CMyDatabase@@QAEHAAVCDatabase@@@Z 00404880 f   Database.obj
 0001:000039a0       ??0CCriticalSection@@QAE@XZ 004049a0 f i Database.obj
 0001:000039c0       ?NetCashActivationThread@@YAIPAX@Z 004049c0 f   Discovery.obj
 0001:00003a90       ??0CIniEx@@QAE@H@Z         00404a90 f   IniEx.obj
 0001:00003b30       ??_GCIniEx@@UAEPAXI@Z      00404b30 f i IniEx.obj
 0001:00003b30       ??_ECIniEx@@UAEPAXI@Z      00404b30 f i IniEx.obj
 0001:00003b50       ??1CIniEx@@UAE@XZ          00404b50 f   IniEx.obj
 0001:00003c00       ?WriteFile@CIniEx@@QAE?AVCString@@H@Z 00404c00 f   IniEx.obj
 0001:00003e90       ?FindBackupFile@CIniEx@@AAEXXZ 00404e90 f   IniEx.obj
 0001:00003fc0       ?ResetContent@CIniEx@@QAEXXZ 00404fc0 f   IniEx.obj
 0001:00004060       ??1CException@@UAE@XZ      00405060 f i IniEx.obj
 0001:00004070       ??_GCObject@@UAEPAXI@Z     00405070 f i IniEx.obj
 0001:00004070       ??_ECObject@@UAEPAXI@Z     00405070 f i IniEx.obj
 0001:00004090       ??_ECFileException@@UAEPAXI@Z 00405090 f i IniEx.obj
 0001:00004090       ??_GCFileException@@UAEPAXI@Z 00405090 f i IniEx.obj
 0001:000040b0       ??1CFileException@@UAE@XZ  004050b0 f i IniEx.obj
 0001:00004140       ?WriteLog@@YAXPAD0@Z       00405140 f   Logger.obj
 0001:00004440       ?WriteLog@@YAXAAVCString@@PAD@Z 00405440 f   Logger.obj
 0001:000049d0       _main                      004059d0 f   TheApp.obj
 0001:00004e00       ??0CHandler@@QAE@H@Z       00405e00 f   Worker.obj
 0001:00004f50       ?FireDataIn@CHandler@@UAEHAAPADAAGAAH@Z 00405f50 f i Worker.obj
 0001:00005ad0       ?FireDisconnected@CHandler@@UAEHAAGAAPAD@Z 00406ad0 f i Worker.obj
 0001:00005ba0       ?FireError@CHandler@@UAEHAAGAAPAD@Z 00406ba0 f i Worker.obj
 0001:00005c00       ??_ECHandler@@UAEPAXI@Z    00406c00 f i Worker.obj
 0001:00005c00       ??_GCHandler@@UAEPAXI@Z    00406c00 f i Worker.obj
 0001:00005c20       ??1CHandler@@UAE@XZ        00406c20 f   Worker.obj
 0001:00005ec0       ?WorkerThread@@YAIPAX@Z    00406ec0 f   Worker.obj
 0001:00007be0       ?StartCopierSession@@YAXAAVCHandler@@@Z 00408be0 f   Worker.obj
 0001:00008160       ??GCTime@@QBE?AVCTimeSpan@@V0@@Z 00409160 f i Worker.obj
 0001:00008180       ?HandleIdler@@YAHAAVCTime@@JJ@Z 00409180 f   Worker.obj
 0001:00008280       ?SetHighBalance@@YAXAAVCHandler@@K@Z 00409280 f   Worker.obj
 0001:00008340       ?SetPriceLine@@YAHAAVCHandler@@@Z 00409340 f   Worker.obj
 0001:00008620       ?PingNat@@YAXAAVCHandler@@@Z 00409620 f   Worker.obj
 0001:000086b0       ?SetDelay@@YAHAAVCHandler@@@Z 004096b0 f   Worker.obj
 0001:000087d0       ?SetTime@@YAHAAVCHandler@@@Z 004097d0 f   Worker.obj
 0001:00008970       ?ShowError@@YAXAAVCHandler@@PAD@Z 00409970 f   Worker.obj
 0001:00008aa0       ?SetInitial@@YAHAAVCHandler@@@Z 00409aa0 f   Worker.obj
 0001:00008be0       ?SetBadData@@YAHAAVCHandler@@@Z 00409be0 f   Worker.obj
 0001:00008d00       ?SetAuthenticate1@@YAHAAVCHandler@@@Z 00409d00 f   Worker.obj
 0001:00008e10       ?SetAuthenticate2@@YAHAAVCHandler@@@Z 00409e10 f   Worker.obj
 0001:00008f50       ?RequestLocation@@YAHAAVCHandler@@@Z 00409f50 f   Worker.obj
 0001:00009060       ?RequestGateway@@YAHAAVCHandler@@@Z 0040a060 f   Worker.obj
 0001:00009170       ?RequestMac@@YAHAAVCHandler@@@Z 0040a170 f   Worker.obj
 0001:00009280       ?RequestMask@@YAHAAVCHandler@@@Z 0040a280 f   Worker.obj
 0001:00009390       ?RequestAddress@@YAHAAVCHandler@@@Z 0040a390 f   Worker.obj
 0001:000094a0       ?SetKeyBoard@@YAHAAVCHandler@@H@Z 0040a4a0 f   Worker.obj
 0001:000095d0       ?SetCurrency@@YAHAAVCHandler@@@Z 0040a5d0 f   Worker.obj
 0001:000096f0       ?SetupGetAccount@@YAXAAVCHandler@@@Z 0040a6f0 f   Worker.obj
 0001:00009a90       ?SetupGetClient@@YAXAAVCHandler@@@Z 0040aa90 f   Worker.obj
 0001:00009e30       ?SetupGetMatter@@YAXAAVCHandler@@@Z 0040ae30 f   Worker.obj
 0001:0000a1d0       ?SetupGetPassword@@YAXAAVCHandler@@@Z 0040b1d0 f   Worker.obj
 0001:0000a550       ?HandleCharge@@YAXAAU_NetcashDevice@@@Z 0040b550 f   Worker.obj
 0001:0000a5b0       ?FireDataIn@IPPortA@@UAEHAAPADAAGAAH@Z 0040b5b0 f i Worker.obj
 0001:0000a5c0       ?FireDisconnected@IPPortA@@UAEHAAGAAPAD@Z 0040b5c0 f i Worker.obj
 0001:0000a5c0       ?FireError@IPPortA@@UAEHAAGAAPAD@Z 0040b5c0 f i Worker.obj
 0001:0000a5c0       ?FireConnected@IPPortA@@UAEHAAGAAPAD@Z 0040b5c0 f i Worker.obj
 0001:0000a5d0       ?FireReadyToSend@IPPortA@@UAEHXZ 0040b5d0 f i Worker.obj
 0001:0000a5e0       ?dSink@IPPortA@@CAHPAXHHQAPAXQAI@Z 0040b5e0 f i Worker.obj
 0001:0000a6d0       ??_GIPPortA@@UAEPAXI@Z     0040b6d0 f i Worker.obj
 0001:0000a6d0       ??_EIPPortA@@UAEPAXI@Z     0040b6d0 f i Worker.obj
 0001:0000a700       ??_EIPPort@@UAEPAXI@Z      0040b700 f i Worker.obj
 0001:0000a700       ??_GIPPort@@UAEPAXI@Z      0040b700 f i Worker.obj
 0001:0000a720       ??1IPPort@@UAE@XZ          0040b720 f i Worker.obj
 0001:0000a740       ?Packet2Buffer@@YGJPAU_NetcashPacket@@PAE@Z 0040b740 f   netcashapi:NETCASHAPI.dll
 0001:0000a746       ?Buffer2Packet@@YGJJPAEPAU_NetcashPacket@@@Z 0040b746 f   netcashapi:NETCASHAPI.dll
 0001:0000a74c       _IPPort_Create             0040b74c f   ipworks5:ipworks5.dll
 0001:0000a752       _IPPort_Do                 0040b752 f   ipworks5:ipworks5.dll
 0001:0000a758       _IPPort_Destroy            0040b758 f   ipworks5:ipworks5.dll
 0001:0000a75e       _IPPort_Set                0040b75e f   ipworks5:ipworks5.dll
 0001:0000a764       _IPPort_Get                0040b764 f   ipworks5:ipworks5.dll
 0001:0000a76a       ??3@YAXPAX@Z               0040b76a f   mfc42:MFC42.DLL
 0001:0000a770       ??2@YAPAXI@Z               0040b770 f   mfc42:MFC42.DLL
 0001:0000a776       ?GetRuntimeClass@CCriticalSection@@UBEPAUCRuntimeClass@@XZ 0040b776 f   mfc42:MFC42.DLL
 0001:0000a77c       ??1CStringList@@UAE@XZ     0040b77c f   mfc42:MFC42.DLL
 0001:0000a782       ?RemoveAll@CStringList@@QAEXXZ 0040b782 f   mfc42:MFC42.DLL
 0001:0000a788       ??0CSyncObject@@QAE@PBD@Z  0040b788 f   mfc42:MFC42.DLL
 0001:0000a78e       ??0CStringList@@QAE@H@Z    0040b78e f   mfc42:MFC42.DLL
 0001:0000a794       ??1CSyncObject@@UAE@XZ     0040b794 f   mfc42:MFC42.DLL
 0001:0000a79a       ?Find@CStringList@@QBEPAU__POSITION@@PBDPAU2@@Z 0040b79a f   mfc42:MFC42.DLL
 0001:0000a7a0       ?AddHead@CStringList@@QAEPAU__POSITION@@PBD@Z 0040b7a0 f   mfc42:MFC42.DLL
 0001:0000a7a6       ?RemoveAt@CStringList@@QAEXPAU__POSITION@@@Z 0040b7a6 f   mfc42:MFC42.DLL
 0001:0000a7ac       ??1CString@@QAE@XZ         0040b7ac f   mfc42:MFC42.DLL
 0001:0000a7b2       ??4CString@@QAEABV0@PBD@Z  0040b7b2 f   mfc42:MFC42.DLL
 0001:0000a7b8       ?Empty@CString@@QAEXXZ     0040b7b8 f   mfc42:MFC42.DLL
 0001:0000a7be       ??0CString@@QAE@XZ         0040b7be f   mfc42:MFC42.DLL
 0001:0000a7c4       ??4CString@@QAEABV0@ABV0@@Z 0040b7c4 f   mfc42:MFC42.DLL
 0001:0000a7ca       ??0CString@@QAE@ABV0@@Z    0040b7ca f   mfc42:MFC42.DLL
 0001:0000a7d0       ??0CString@@QAE@PBD@Z      0040b7d0 f   mfc42:MFC42.DLL
 0001:0000a7d6       ??1CRecordset@@UAE@XZ      0040b7d6 f   mfc42:MFC42.DLL
 0001:0000a7dc       ?Delete@CException@@QAEXXZ 0040b7dc f   mfc42:MFC42.DLL
 0001:0000a7e2       ?Close@CRecordset@@UAEXXZ  0040b7e2 f   mfc42:MFC42.DLL
 0001:0000a7e8       ?IsOpen@CRecordset@@QBEHXZ 0040b7e8 f   mfc42:MFC42.DLL
 0001:0000a7ee       ?GetODBCFieldInfo@CRecordset@@QAEXFAAUCODBCFieldInfo@@@Z 0040b7ee f   mfc42:MFC42.DLL
 0001:0000a7f4       ?GetFieldValue@CRecordset@@QAEXFAAVCString@@@Z 0040b7f4 f   mfc42:MFC42.DLL
 0001:0000a7fa       ?Open@CRecordset@@UAEHIPBDK@Z 0040b7fa f   mfc42:MFC42.DLL
 0001:0000a800       ?Format@CString@@QAAXPBDZZ 0040b800 f   mfc42:MFC42.DLL
 0001:0000a806       ??0CRecordset@@QAE@PAVCDatabase@@@Z 0040b806 f   mfc42:MFC42.DLL
 0001:0000a80c       ?ExecuteSQL@CDatabase@@QAEXPBD@Z 0040b80c f   mfc42:MFC42.DLL
 0001:0000a812       ?Replace@CString@@QAEHPBD0@Z 0040b812 f   mfc42:MFC42.DLL
 0001:0000a818       ?AfxBeginThread@@YGPAVCWinThread@@P6AIPAX@Z0HIKPAU_SECURITY_ATTRIBUTES@@@Z 0040b818 f   mfc42:MFC42.DLL
 0001:0000a81e       ??1CStringArray@@UAE@XZ    0040b81e f   mfc42:MFC42.DLL
 0001:0000a824       ??0CStringArray@@QAE@XZ    0040b824 f   mfc42:MFC42.DLL
 0001:0000a82a       ??YCString@@QAEABV0@PBD@Z  0040b82a f   mfc42:MFC42.DLL
 0001:0000a830       ?ReverseFind@CString@@QBEHD@Z 0040b830 f   mfc42:MFC42.DLL
 0001:0000a836       ?ReportError@CException@@UAEHII@Z 0040b836 f   mfc42:MFC42.DLL
 0001:0000a83c       ?GetErrorMessage@CFileException@@UAEHPADIPAI@Z 0040b83c f   mfc42:MFC42.DLL
 0001:0000a842       ?GetRuntimeClass@CFileException@@UBEPAUCRuntimeClass@@XZ 0040b842 f   mfc42:MFC42.DLL
 0001:0000a848       ?Close@CStdioFile@@UAEXXZ  0040b848 f   mfc42:MFC42.DLL
 0001:0000a84e       ??1CStdioFile@@UAE@XZ      0040b84e f   mfc42:MFC42.DLL
 0001:0000a854       ?Open@CStdioFile@@UAEHPBDIPAVCFileException@@@Z 0040b854 f   mfc42:MFC42.DLL
 0001:0000a85a       ??0CStdioFile@@QAE@XZ      0040b85a f   mfc42:MFC42.DLL
 0001:0000a860       ??0CException@@QAE@XZ      0040b860 f   mfc42:MFC42.DLL
 0001:0000a866       ?Delete@CString@@QAEHHH@Z  0040b866 f   mfc42:MFC42.DLL
 0001:0000a86c       ?WriteString@CStdioFile@@UAEXPBD@Z 0040b86c f   mfc42:MFC42.DLL
 0001:0000a872       ?SetSize@CStringArray@@QAEXHH@Z 0040b872 f   mfc42:MFC42.DLL
 0001:0000a878       ?GetRuntimeClass@CObject@@UBEPAUCRuntimeClass@@XZ 0040b878 f   mfc42:MFC42.DLL
 0001:0000a87e       ??1CFile@@UAE@XZ           0040b87e f   mfc42:MFC42.DLL
 0001:0000a884       ?Format@CTime@@QBE?AVCString@@PBD@Z 0040b884 f   mfc42:MFC42.DLL
 0001:0000a88a       ?GetTickCount@CTime@@SG?AV1@XZ 0040b88a f   mfc42:MFC42.DLL
 0001:0000a890       ?Close@CFile@@UAEXXZ       0040b890 f   mfc42:MFC42.DLL
 0001:0000a896       ?Open@CFile@@UAEHPBDIPAVCFileException@@@Z 0040b896 f   mfc42:MFC42.DLL
 0001:0000a89c       ??0CFile@@QAE@XZ           0040b89c f   mfc42:MFC42.DLL
 0001:0000a8a2       ??1CDatabase@@UAE@XZ       0040b8a2 f   mfc42:MFC42.DLL
 0001:0000a8a8       ??0CDatabase@@QAE@XZ       0040b8a8 f   mfc42:MFC42.DLL
 0001:0000a8ae       ??0CWinApp@@QAE@PBD@Z      0040b8ae f   mfc42:MFC42.DLL
 0001:0000a8b4       ??1CWinApp@@UAE@XZ         0040b8b4 f   mfc42:MFC42.DLL
 0001:0000a8ba       ?AfxWinInit@@YGHPAUHINSTANCE__@@0PADH@Z 0040b8ba f   mfc42:MFC42.DLL
 0001:0000a8c0       ?GetLocalTm@CTime@@QBEPAUtm@@PAU2@@Z 0040b8c0 f   mfc42:MFC42.DLL
 0001:0000a8c6       ___CxxFrameHandler         0040b8c6 f   msvcrt:MSVCRT.dll
 0001:0000a8d0       __onexit                   0040b8d0 f   msvcrt:atonexit.obj
 0001:0000a8fc       _atexit                    0040b8fc f   msvcrt:atonexit.obj
 0001:0000a90e       ??_Etype_info@@UAEPAXI@Z   0040b90e f i msvcrt:ti_inst.obj
 0001:0000a90e       ??_Gtype_info@@UAEPAXI@Z   0040b90e f i msvcrt:ti_inst.obj
 0001:0000a92a       __ftol                     0040b92a f   msvcrt:MSVCRT.dll
 0001:0000a930       __chkstk                   0040b930 f   msvcrt:chkstk.obj
 0001:0000a930       __alloca_probe             0040b930 f   msvcrt:chkstk.obj
 0001:0000a95f       _mainCRTStartup            0040b95f f   msvcrt:crtexe.obj
 0001:0000aa70       ___dllonexit               0040ba70 f   msvcrt:MSVCRT.dll
 0001:0000aa76       ??1type_info@@UAE@XZ       0040ba76 f   msvcrt:MSVCRT.dll
 0001:0000aa7c       __XcptFilter               0040ba7c f   msvcrt:MSVCRT.dll
 0001:0000aa82       __initterm                 0040ba82 f   msvcrt:MSVCRT.dll
 0001:0000aa88       __setdefaultprecision      0040ba88 f   msvcrt:fp8.obj
 0001:0000aa9a       __matherr                  0040ba9a f   msvcrt:merr.obj
 0001:0000aa9d       __setargv                  0040ba9d f   msvcrt:dllargv.obj
 0001:0000aa9e       __except_handler3          0040ba9e f   msvcrt:MSVCRT.dll
 0001:0000aaa4       __controlfp                0040baa4 f   msvcrt:MSVCRT.dll
 0002:00000000       __imp__lstrcpynA@12        0040d000     kernel32:KERNEL32.dll
 0002:00000004       __imp__lstrlenA@4          0040d004     kernel32:KERNEL32.dll
 0002:00000008       __imp__Sleep@4             0040d008     kernel32:KERNEL32.dll
 0002:0000000c       __imp__lstrcpyA@8          0040d00c     kernel32:KERNEL32.dll
 0002:00000010       __imp__GetComputerNameA@8  0040d010     kernel32:KERNEL32.dll
 0002:00000014       __imp__GetCommandLineA@0   0040d014     kernel32:KERNEL32.dll
 0002:00000018       __imp__GetModuleHandleA@4  0040d018     kernel32:KERNEL32.dll
 0002:0000001c       __imp__GetCurrentThreadId@0 0040d01c     kernel32:KERNEL32.dll
 0002:00000020       __imp__CreateEventA@16     0040d020     kernel32:KERNEL32.dll
 0002:00000024       __imp__CloseHandle@4       0040d024     kernel32:KERNEL32.dll
 0002:00000028       __imp__TerminateThread@8   0040d028     kernel32:KERNEL32.dll
 0002:0000002c       __imp__GetExitCodeThread@8 0040d02c     kernel32:KERNEL32.dll
 0002:00000030       __imp__CreateThread@24     0040d030     kernel32:KERNEL32.dll
 0002:00000034       __imp__InitializeCriticalSection@4 0040d034     kernel32:KERNEL32.dll
 0002:00000038       __imp__DeleteCriticalSection@4 0040d038     kernel32:KERNEL32.dll
 0002:0000003c       __imp__EnterCriticalSection@4 0040d03c     kernel32:KERNEL32.dll
 0002:00000040       __imp__LeaveCriticalSection@4 0040d040     kernel32:KERNEL32.dll
 0002:00000044       __imp__WaitForSingleObject@8 0040d044     kernel32:KERNEL32.dll
 0002:00000048       __imp__CopyFileA@12        0040d048     kernel32:KERNEL32.dll
 0002:0000004c       __imp__FindNextFileA@8     0040d04c     kernel32:KERNEL32.dll
 0002:00000050       __imp__FindFirstFileA@8    0040d050     kernel32:KERNEL32.dll
 0002:00000054       __imp__GetModuleFileNameA@12 0040d054     kernel32:KERNEL32.dll
 0002:00000058       __imp__DeleteFileA@4       0040d058     kernel32:KERNEL32.dll
 0002:0000005c       \177KERNEL32_NULL_THUNK_DATA 0040d05c     kernel32:KERNEL32.dll
 0002:00000060       __imp_?Open@CFile@@UAEHPBDIPAVCFileException@@@Z 0040d060     mfc42:MFC42.DLL
 0002:00000064       __imp_??0CFile@@QAE@XZ     0040d064     mfc42:MFC42.DLL
 0002:00000068       __imp_??1CDatabase@@UAE@XZ 0040d068     mfc42:MFC42.DLL
 0002:0000006c       __imp_??0CDatabase@@QAE@XZ 0040d06c     mfc42:MFC42.DLL
 0002:00000070       __imp_??0CWinApp@@QAE@PBD@Z 0040d070     mfc42:MFC42.DLL
 0002:00000074       __imp_??1CWinApp@@UAE@XZ   0040d074     mfc42:MFC42.DLL
 0002:00000078       __imp_?AfxWinInit@@YGHPAUHINSTANCE__@@0PADH@Z 0040d078     mfc42:MFC42.DLL
 0002:0000007c       __imp_?GetLocalTm@CTime@@QBEPAUtm@@PAU2@@Z 0040d07c     mfc42:MFC42.DLL
 0002:00000080       __imp_?Replace@CString@@QAEHPBD0@Z 0040d080     mfc42:MFC42.DLL
 0002:00000084       __imp_?Close@CFile@@UAEXXZ 0040d084     mfc42:MFC42.DLL
 0002:00000088       __imp_?GetTickCount@CTime@@SG?AV1@XZ 0040d088     mfc42:MFC42.DLL
 0002:0000008c       __imp_?Format@CTime@@QBE?AVCString@@PBD@Z 0040d08c     mfc42:MFC42.DLL
 0002:00000090       __imp_??1CFile@@UAE@XZ     0040d090     mfc42:MFC42.DLL
 0002:00000094       __imp_?GetRuntimeClass@CObject@@UBEPAUCRuntimeClass@@XZ 0040d094     mfc42:MFC42.DLL
 0002:00000098       __imp_?SetSize@CStringArray@@QAEXHH@Z 0040d098     mfc42:MFC42.DLL
 0002:0000009c       __imp_?WriteString@CStdioFile@@UAEXPBD@Z 0040d09c     mfc42:MFC42.DLL
 0002:000000a0       __imp_?Delete@CString@@QAEHHH@Z 0040d0a0     mfc42:MFC42.DLL
 0002:000000a4       __imp_??0CException@@QAE@XZ 0040d0a4     mfc42:MFC42.DLL
 0002:000000a8       __imp_??0CStdioFile@@QAE@XZ 0040d0a8     mfc42:MFC42.DLL
 0002:000000ac       __imp_?Open@CStdioFile@@UAEHPBDIPAVCFileException@@@Z 0040d0ac     mfc42:MFC42.DLL
 0002:000000b0       __imp_??1CStdioFile@@UAE@XZ 0040d0b0     mfc42:MFC42.DLL
 0002:000000b4       __imp_?Close@CStdioFile@@UAEXXZ 0040d0b4     mfc42:MFC42.DLL
 0002:000000b8       __imp_?GetRuntimeClass@CFileException@@UBEPAUCRuntimeClass@@XZ 0040d0b8     mfc42:MFC42.DLL
 0002:000000bc       __imp_?GetErrorMessage@CFileException@@UAEHPADIPAI@Z 0040d0bc     mfc42:MFC42.DLL
 0002:000000c0       __imp_?ReportError@CException@@UAEHII@Z 0040d0c0     mfc42:MFC42.DLL
 0002:000000c4       __imp_??3@YAXPAX@Z         0040d0c4     mfc42:MFC42.DLL
 0002:000000c8       __imp_??2@YAPAXI@Z         0040d0c8     mfc42:MFC42.DLL
 0002:000000cc       __imp_?GetRuntimeClass@CCriticalSection@@UBEPAUCRuntimeClass@@XZ 0040d0cc     mfc42:MFC42.DLL
 0002:000000d0       __imp_??1CStringList@@UAE@XZ 0040d0d0     mfc42:MFC42.DLL
 0002:000000d4       __imp_?RemoveAll@CStringList@@QAEXXZ 0040d0d4     mfc42:MFC42.DLL
 0002:000000d8       __imp_??0CSyncObject@@QAE@PBD@Z 0040d0d8     mfc42:MFC42.DLL
 0002:000000dc       __imp_??0CStringList@@QAE@H@Z 0040d0dc     mfc42:MFC42.DLL
 0002:000000e0       __imp_??1CSyncObject@@UAE@XZ 0040d0e0     mfc42:MFC42.DLL
 0002:000000e4       __imp_?Find@CStringList@@QBEPAU__POSITION@@PBDPAU2@@Z 0040d0e4     mfc42:MFC42.DLL
 0002:000000e8       __imp_?AddHead@CStringList@@QAEPAU__POSITION@@PBD@Z 0040d0e8     mfc42:MFC42.DLL
 0002:000000ec       __imp_?RemoveAt@CStringList@@QAEXPAU__POSITION@@@Z 0040d0ec     mfc42:MFC42.DLL
 0002:000000f0       __imp_??1CString@@QAE@XZ   0040d0f0     mfc42:MFC42.DLL
 0002:000000f4       __imp_??4CString@@QAEABV0@PBD@Z 0040d0f4     mfc42:MFC42.DLL
 0002:000000f8       __imp_?Empty@CString@@QAEXXZ 0040d0f8     mfc42:MFC42.DLL
 0002:000000fc       __imp_??0CString@@QAE@XZ   0040d0fc     mfc42:MFC42.DLL
 0002:00000100       __imp_??4CString@@QAEABV0@ABV0@@Z 0040d100     mfc42:MFC42.DLL
 0002:00000104       __imp_??0CString@@QAE@ABV0@@Z 0040d104     mfc42:MFC42.DLL
 0002:00000108       __imp_??0CString@@QAE@PBD@Z 0040d108     mfc42:MFC42.DLL
 0002:0000010c       __imp_??1CRecordset@@UAE@XZ 0040d10c     mfc42:MFC42.DLL
 0002:00000110       __imp_?Delete@CException@@QAEXXZ 0040d110     mfc42:MFC42.DLL
 0002:00000114       __imp_?Close@CRecordset@@UAEXXZ 0040d114     mfc42:MFC42.DLL
 0002:00000118       __imp_?IsOpen@CRecordset@@QBEHXZ 0040d118     mfc42:MFC42.DLL
 0002:0000011c       __imp_?GetODBCFieldInfo@CRecordset@@QAEXFAAUCODBCFieldInfo@@@Z 0040d11c     mfc42:MFC42.DLL
 0002:00000120       __imp_?GetFieldValue@CRecordset@@QAEXFAAVCString@@@Z 0040d120     mfc42:MFC42.DLL
 0002:00000124       __imp_?Open@CRecordset@@UAEHIPBDK@Z 0040d124     mfc42:MFC42.DLL
 0002:00000128       __imp_?Format@CString@@QAAXPBDZZ 0040d128     mfc42:MFC42.DLL
 0002:0000012c       __imp_??0CRecordset@@QAE@PAVCDatabase@@@Z 0040d12c     mfc42:MFC42.DLL
 0002:00000130       __imp_?ExecuteSQL@CDatabase@@QAEXPBD@Z 0040d130     mfc42:MFC42.DLL
 0002:00000134       __imp_?ReverseFind@CString@@QBEHD@Z 0040d134     mfc42:MFC42.DLL
 0002:00000138       __imp_?AfxBeginThread@@YGPAVCWinThread@@P6AIPAX@Z0HIKPAU_SECURITY_ATTRIBUTES@@@Z 0040d138     mfc42:MFC42.DLL
 0002:0000013c       __imp_??1CStringArray@@UAE@XZ 0040d13c     mfc42:MFC42.DLL
 0002:00000140       __imp_??0CStringArray@@QAE@XZ 0040d140     mfc42:MFC42.DLL
 0002:00000144       __imp_??YCString@@QAEABV0@PBD@Z 0040d144     mfc42:MFC42.DLL
 0002:00000148       \177MFC42_NULL_THUNK_DATA  0040d148     mfc42:MFC42.DLL
 0002:0000014c       __imp_?cerr@std@@3V?$basic_ostream@DU?$char_traits@D@std@@@1@A 0040d14c     msvcprt:MSVCP60.dll
 0002:00000150       __imp_??6std@@YAAAV?$basic_ostream@DU?$char_traits@D@std@@@0@AAV10@PBD@Z 0040d150     msvcprt:MSVCP60.dll
 0002:00000154       __imp_?endl@std@@YAAAV?$basic_ostream@DU?$char_traits@D@std@@@1@AAV21@@Z 0040d154     msvcprt:MSVCP60.dll
 0002:00000158       __imp_??1_Winit@std@@QAE@XZ 0040d158     msvcprt:MSVCP60.dll
 0002:0000015c       __imp_??0_Winit@std@@QAE@XZ 0040d15c     msvcprt:MSVCP60.dll
 0002:00000160       __imp_??1Init@ios_base@std@@QAE@XZ 0040d160     msvcprt:MSVCP60.dll
 0002:00000164       __imp_??0Init@ios_base@std@@QAE@XZ 0040d164     msvcprt:MSVCP60.dll
 0002:00000168       \177MSVCP60_NULL_THUNK_DATA 0040d168     msvcprt:MSVCP60.dll
 0002:0000016c       __imp_??1type_info@@UAE@XZ 0040d16c     msvcrt:MSVCRT.dll
 0002:00000170       __imp___exit               0040d170     msvcrt:MSVCRT.dll
 0002:00000174       __imp___XcptFilter         0040d174     msvcrt:MSVCRT.dll
 0002:00000178       __imp__exit                0040d178     msvcrt:MSVCRT.dll
 0002:0000017c       __imp____p___initenv       0040d17c     msvcrt:MSVCRT.dll
 0002:00000180       __imp____getmainargs       0040d180     msvcrt:MSVCRT.dll
 0002:00000184       __imp___initterm           0040d184     msvcrt:MSVCRT.dll
 0002:00000188       __imp___onexit             0040d188     msvcrt:MSVCRT.dll
 0002:0000018c       __imp___adjust_fdiv        0040d18c     msvcrt:MSVCRT.dll
 0002:00000190       __imp____p__commode        0040d190     msvcrt:MSVCRT.dll
 0002:00000194       __imp____p__fmode          0040d194     msvcrt:MSVCRT.dll
 0002:00000198       __imp____set_app_type      0040d198     msvcrt:MSVCRT.dll
 0002:0000019c       __imp___except_handler3    0040d19c     msvcrt:MSVCRT.dll
 0002:000001a0       __imp___controlfp          0040d1a0     msvcrt:MSVCRT.dll
 0002:000001a4       __imp____dllonexit         0040d1a4     msvcrt:MSVCRT.dll
 0002:000001a8       __imp__strstr              0040d1a8     msvcrt:MSVCRT.dll
 0002:000001ac       __imp__fopen               0040d1ac     msvcrt:MSVCRT.dll
 0002:000001b0       __imp__fputs               0040d1b0     msvcrt:MSVCRT.dll
 0002:000001b4       __imp__fclose              0040d1b4     msvcrt:MSVCRT.dll
 0002:000001b8       __imp___splitpath          0040d1b8     msvcrt:MSVCRT.dll
 0002:000001bc       __imp____setusermatherr    0040d1bc     msvcrt:MSVCRT.dll
 0002:000001c0       __imp___strcmpi            0040d1c0     msvcrt:MSVCRT.dll
 0002:000001c0       __imp__strcmpi             0040d1c0     msvcrt:MSVCRT.dll
 0002:000001c4       __imp__stricmp             0040d1c4     msvcrt:MSVCRT.dll
 0002:000001c4       __imp___stricmp            0040d1c4     msvcrt:MSVCRT.dll
 0002:000001c8       __imp____CxxFrameHandler   0040d1c8     msvcrt:MSVCRT.dll
 0002:000001cc       __imp___mbsicmp            0040d1cc     msvcrt:MSVCRT.dll
 0002:000001d0       __imp__strncpy             0040d1d0     msvcrt:MSVCRT.dll
 0002:000001d4       __imp__atof                0040d1d4     msvcrt:MSVCRT.dll
 0002:000001d8       __imp__atoi                0040d1d8     msvcrt:MSVCRT.dll
 0002:000001dc       __imp__printf              0040d1dc     msvcrt:MSVCRT.dll
 0002:000001e0       __imp__sprintf             0040d1e0     msvcrt:MSVCRT.dll
 0002:000001e4       __imp___ftol               0040d1e4     msvcrt:MSVCRT.dll
 0002:000001e8       __imp__atol                0040d1e8     msvcrt:MSVCRT.dll
 0002:000001ec       __imp___msize              0040d1ec     msvcrt:MSVCRT.dll
 0002:000001f0       \177MSVCRT_NULL_THUNK_DATA 0040d1f0     msvcrt:MSVCRT.dll
 0002:000001f4       __imp_?Packet2Buffer@@YGJPAU_NetcashPacket@@PAE@Z 0040d1f4     netcashapi:NETCASHAPI.dll
 0002:000001f8       __imp_?Buffer2Packet@@YGJJPAEPAU_NetcashPacket@@@Z 0040d1f8     netcashapi:NETCASHAPI.dll
 0002:000001fc       \177NETCASHAPI_NULL_THUNK_DATA 0040d1fc     netcashapi:NETCASHAPI.dll
 0002:00000200       __imp__SetTimer@16         0040d200     user32:USER32.dll
 0002:00000204       __imp__KillTimer@8         0040d204     user32:USER32.dll
 0002:00000208       \177USER32_NULL_THUNK_DATA 0040d208     user32:USER32.dll
 0002:0000020c       __imp__IPPort_Do           0040d20c     ipworks5:ipworks5.dll
 0002:00000210       __imp__IPPort_Create       0040d210     ipworks5:ipworks5.dll
 0002:00000214       __imp__IPPort_Get          0040d214     ipworks5:ipworks5.dll
 0002:00000218       __imp__IPPort_Destroy      0040d218     ipworks5:ipworks5.dll
 0002:0000021c       __imp__IPPort_Set          0040d21c     ipworks5:ipworks5.dll
 0002:00000220       \177ipworks5_NULL_THUNK_DATA 0040d220     ipworks5:ipworks5.dll
 0002:00000228       ??_7Thread@@6B@            0040d228     ActivationTimer.obj
 0002:0000022c       ??_7ThreadList@@6B@        0040d22c     ActivationTimer.obj
 0002:00000230       ??_7Task@@6B@              0040d230     ActivationTimer.obj
 0002:00000234       ??_7TaskList@@6B@          0040d234     ActivationTimer.obj
 0002:00000238       ??_7ActivationTimer@@6B@   0040d238     ActivationTimer.obj
 0002:0000023c       ??_7CActiveAccounts@@6B@   0040d23c     ActiveAccounts.obj
 0002:00000240       ??_7CCriticalSection@@6B@  0040d240     ActiveAccounts.obj
 0002:00000260       __real@4@00000000000000000000 0040d260     Database.obj
 0002:00000268       __real@8@00000000000000000000 0040d268     Database.obj
 0002:00000270       ??_7CIniEx@@6B@            0040d270     IniEx.obj
 0002:00000274       ??_7CFileException@@6B@    0040d274     IniEx.obj
 0002:00000290       ??_7CObject@@6B@           0040d290     IniEx.obj
 0002:000002b4       ??_7CHandler@@6B@          0040d2b4     Worker.obj
 0002:000002cc       ??_7IPPort@@6B@            0040d2cc     Worker.obj
 0002:000002e4       ??_7IPPortA@@6B@           0040d2e4     Worker.obj
 0002:000002fc       __real@4@4005c800000000000000 0040d2fc     Worker.obj
 0002:00000304       ??_7type_info@@6B@         0040d304     msvcrt:ti_inst.obj
 0002:00000318       ??_R1A@?0A@A@type_info@@8  0040d318     msvcrt:ti_inst.obj
 0002:00000330       ??_R2type_info@@8          0040d330     msvcrt:ti_inst.obj
 0002:00000338       ??_R3type_info@@8          0040d338     msvcrt:ti_inst.obj
 0002:00000348       ??_R4type_info@@6B@        0040d348     msvcrt:ti_inst.obj
 0002:00001690       __IMPORT_DESCRIPTOR_NETCASHAPI 0040e690     netcashapi:NETCASHAPI.dll
 0002:000016a4       __IMPORT_DESCRIPTOR_ipworks5 0040e6a4     ipworks5:ipworks5.dll
 0002:000016b8       __IMPORT_DESCRIPTOR_KERNEL32 0040e6b8     kernel32:KERNEL32.dll
 0002:000016cc       __IMPORT_DESCRIPTOR_USER32 0040e6cc     user32:USER32.dll
 0002:000016e0       __IMPORT_DESCRIPTOR_MFC42  0040e6e0     mfc42:MFC42.DLL
 0002:000016f4       __IMPORT_DESCRIPTOR_MSVCRT 0040e6f4     msvcrt:MSVCRT.dll
 0002:00001708       __IMPORT_DESCRIPTOR_MSVCP60 0040e708     msvcprt:MSVCP60.dll
 0002:0000171c       __NULL_IMPORT_DESCRIPTOR   0040e71c     netcashapi:NETCASHAPI.dll
 0003:00000000       ___xc_a                    0040f000     msvcrt:cinitexe.obj
 0003:00000034       ___xc_z                    0040f034     msvcrt:cinitexe.obj
 0003:00000038       ___xi_a                    0040f038     msvcrt:cinitexe.obj
 0003:0000003c       ___xi_z                    0040f03c     msvcrt:cinitexe.obj
 0003:00000040       ??_C@_01PLJA@0?$AA@        0040f040     Database.obj
 0003:00000044       ??_C@_04KAEN@1?400?$AA@    0040f044     Database.obj
 0003:00000050       ??_R0PAVCDBException@@@8   0040f050     Database.obj
 0003:0000006c       ??_C@_0BM@OKHO@CMyDatabase?3?3GetAccount?$CI?$CFs?$CJ?$AA@ 0040f06c     Database.obj
 0003:00000088       ??_C@_0BH@NKAI@CTLUNIT_PULSE_IDLE_MIN?$AA@ 0040f088     Database.obj
 0003:000000a0       ??_C@_0BE@HOO@CTLUNIT_KEYBRD_MODE?$AA@ 0040f0a0     Database.obj
 0003:000000b4       ??_C@_0BI@IPFI@CTLUNIT_COPYPIN_ENABLED?$AA@ 0040f0b4     Database.obj
 0003:000000cc       ??_C@_0BD@EMKP@CTLUNIT_CONN_RESET?$AA@ 0040f0cc     Database.obj
 0003:000000e0       ??_C@_0BD@PHBL@CTLUNIT_REQ_MATTER?$AA@ 0040f0e0     Database.obj
 0003:000000f4       ??_C@_0BD@MLEO@CTLUNIT_REQ_CLIENT?$AA@ 0040f0f4     Database.obj
 0003:00000108       ??_C@_0BA@GKNL@CTLUNIT_PORT_NO?$AA@ 0040f108     Database.obj
 0003:00000118       ??_C@_0L@GGGH@CTLUNIT_IP?$AA@ 0040f118     Database.obj
 0003:00000124       ??_C@_0N@LMIL@CTLUNIT_GUID?$AA@ 0040f124     Database.obj
 0003:00000134       ??_C@_0EF@CCCD@SELECT?5?$CK?5FROM?5DOCUGATE_GENERAL_C@ 0040f134     Database.obj
 0003:0000017c       ??_C@_0CH@GHBF@SELECT?5?$CK?5FROM?5DOCUGATE_GENERAL_C@ 0040f17c     Database.obj
 0003:000001a4       ??_C@_0DA@IJPI@CMyDatabase?3?3GetStationCustomPL?$CI@ 0040f1a4     Database.obj
 0003:000001d4       ??_C@_0DO@EKNN@CMyDatabase?3?3GetStationCustomPL?$CI@ 0040f1d4     Database.obj
 0003:00000214       ??_C@_03LAFH@PL4?$AA@      0040f214     Database.obj
 0003:00000218       ??_C@_03OFLC@PL3?$AA@      0040f218     Database.obj
 0003:0000021c       ??_C@_03EPCF@PL2?$AA@      0040f21c     Database.obj
 0003:00000220       ??_C@_03LAJM@PL1?$AA@      0040f220     Database.obj
 0003:00000224       ??_C@_07IKEP@ENABLED?$AA@  0040f224     Database.obj
 0003:0000022c       ??_C@_0CE@EEDN@CMyDatabase?3?3GetStationCustomPL?$CI@ 0040f22c     Database.obj
 0003:00000250       ??_C@_0EL@CLEB@SELECT?5?$CK?5FROM?5DOCUGATE_GENERAL_C@ 0040f250     Database.obj
 0003:0000029c       ??_C@_0CD@OACJ@CMyDatabase?3?3GetUnitOrCurrency?$CI?$CF@ 0040f29c     Database.obj
 0003:000002c0       ??_C@_0FA@CKNF@SELECT?5GLOBALS_UNITVALUE?0GLOBALS@ 0040f2c0     Database.obj
 0003:00000310       ??_C@_03HHKO@?$CFs?6?$AA@  0040f310     Database.obj
 0003:00000314       ??_C@_0CA@KGGF@CMyDatabase?3?3OpenConnection?$CI?$CFs?$CJ?$AA@ 0040f314     Database.obj
 0003:00000334       ??_C@_0BN@NPAL@CMyDatabase?3?3CheckHandle?$CI?$CFs?$CJ?$AA@ 0040f334     Database.obj
 0003:00000354       ??_C@_0BC@DOKK@SELECT?5GETDATE?$CI?$CJ?$DL?$AA@ 0040f354     Database.obj
 0003:00000368       ??_C@_0CB@CHCL@CMyDatabase?3?3CloseConnection?$CI?$CFs?$CJ@ 0040f368     Database.obj
 0003:0000038c       ??_C@_0BK@GHNG@CMyDatabase?3?3GetGroup?$CI?$CFs?$CJ?$AA@ 0040f38c     Database.obj
 0003:000003a8       ??_C@_0IB@EPFI@SELECT?5OU_DEFAULT_CLIENT?0OU_DEFA@ 0040f3a8     Database.obj
 0003:0000042c       ??_C@_0P@IJLI@SELECT?5NEWID?$CI?$CJ?$AA@ 0040f42c     Database.obj
 0003:0000043c       ??_C@_0CA@DFEO@CMyDatabase?3?3GetAccMaxSpend?$CI?$CFs?$CJ?$AA@ 0040f43c     Database.obj
 0003:0000045c       ??_C@_0EP@KOCJ@SELECT?5ENABLED?0AMOUNT?5FROM?5DOCUG@ 0040f45c     Database.obj
 0003:000004ac       ??_C@_0EN@IIHI@SELECT?5ENABLED?0AMOUNT?5FROM?5DOCUG@ 0040f4ac     Database.obj
 0003:000004fc       ??_C@_0EO@FPEF@SELECT?5GLOBALS_MAXSPEND_ENABLED?0@ 0040f4fc     Database.obj
 0003:0000054c       ??_C@_0IO@HII@SELECT?5ACC_DEFAULT_CLIENT?0ACC_DE@ 0040f54c     Database.obj
 0003:000005dc       ??_C@_0BO@GCLA@CMyDatabase?3?3VerifyClient?$CI?$CFs?$CJ?$AA@ 0040f5dc     Database.obj
 0003:000005fc       ??_C@_0DO@PJO@SELECT?5COUNT?$CI?$CK?$CJ?5FROM?5DOCUGATE_GE@ 0040f5fc     Database.obj
 0003:0000063c       ??_C@_0BO@FKPO@CMyDatabase?3?3VerifyMatter?$CI?$CFs?$CJ?$AA@ 0040f63c     Database.obj
 0003:0000065c       ??_C@_0FA@LKBM@SELECT?5COUNT?$CI?$CK?$CJ?5FROM?5DOCUGATE_CM@ 0040f65c     Database.obj
 0003:000006ac       ??_C@_0BM@KKLM@CMyDatabase?3?3GetStation?$CI?$CFs?$CJ?$AA@ 0040f6ac     Database.obj
 0003:000006c8       ??_C@_0HI@HCCA@SELECT?5GLOBALS_SFBW?0?5GLOBALS_LFB@ 0040f6c8     Database.obj
 0003:00000740       ??_C@_0BO@ODPE@CMyDatabase?3?3GetAccountID?$CI?$CFs?$CJ?$AA@ 0040f740     Database.obj
 0003:00000760       ??_C@_02DILL@?$CFs?$AA@    0040f760     Database.obj
 0003:00000764       ??_C@_0EG@OMID@SELECT?5ACC_ACC_GUID?5FROM?5DOCUGAT@ 0040f764     Database.obj
 0003:000007ac       ??_C@_0FN@DBGI@SELECT?5ACC_ACC_GUID?5FROM?5DOCUGAT@ 0040f7ac     Database.obj
 0003:0000080c       ??_C@_0CF@CDDL@CMyDatabase?3?3GetOffLineAccountID@ 0040f80c     Database.obj
 0003:00000834       ??_C@_0DD@KO@SELECT?5ACCOUNTID?5FROM?5ACCOUNTS?5W@ 0040f834     Database.obj
 0003:00000868       ??_C@_0CF@NBFA@CMyDatabase?3?3UpdateOffLineCopier@ 0040f868     Database.obj
 0003:00000890       ??_C@_0EI@HNLG@UPDATE?5DEVICES?5SET?5CURRENTCOUNT?5@ 0040f890     Database.obj
 0003:000008d8       ??_C@_0BP@BFAP@CMyDatabase?3?3UpdateAccount?$CI?$CFs?$CJ?$AA@ 0040f8d8     Database.obj
 0003:000008f8       ??_C@_0EJ@IHOF@UPDATE?5DOCUGATE_GENERAL_ACC?5SET?5@ 0040f8f8     Database.obj
 0003:00000944       ??_C@_0CG@PFPA@CMyDatabase?3?3UpdateOffLineAccoun@ 0040f944     Database.obj
 0003:0000096c       ??_C@_0EA@GICM@UPDATE?5ACCOUNTS?5SET?5BALANCE?5?$DN?5BA@ 0040f96c     Database.obj
 0003:000009ac       ??_C@_0EA@KPEC@UPDATE?5ACCOUNTS?5SET?5BALANCE?5?$DN?5BA@ 0040f9ac     Database.obj
 0003:000009ec       ??_C@_0BM@FMPE@CMyDatabase?3?3LogCopyJob?$CI?$CFs?$CJ?$AA@ 0040f9ec     Database.obj
 0003:00000a08       ??_C@_0BCC@FPHL@INSERT?5INTO?5DOCUGATE_GENERAL_ACT@ 0040fa08     Database.obj
 0003:00000b2c       ??_C@_0BM@JPDM@CMyDatabase?3?3LogJournel?$CI?$CFs?$CJ?$AA@ 0040fb2c     Database.obj
 0003:00000b48       ??_C@_0HG@MOFC@INSERT?5INTO?5DOCUGATE_GENERAL_ACT@ 0040fb48     Database.obj
 0003:00000bc0       ??_C@_0BO@OOEE@MCR?5Unit?5?$CFs?0?5?$CD?5of?5Copies?5?$DN?5?$CFd?$AA@ 0040fbc0     Database.obj
 0003:00000be0       ??_C@_0FO@PBJL@INSERT?5INTO?5DOCUGATE_GENERAL_ACT@ 0040fbe0     Database.obj
 0003:00000c40       ??_C@_0CK@NNMN@CMyDatabase?3?3RemoveActiveCopySes@ 0040fc40     Database.obj
 0003:00000c6c       ??_C@_0CM@LBAA@DELETE?5FROM?5DOCUGATE_GENERAL_ACT@ 0040fc6c     Database.obj
 0003:00000c98       ??_C@_0CJ@HJCD@CMyDatabase?3?3DeleteActiveCopySes@ 0040fc98     Database.obj
 0003:00000cc4       ??_C@_0EC@BHJC@DELETE?5FROM?5DOCUGATE_GENERAL_ACT@ 0040fcc4     Database.obj
 0003:00000d08       ??_C@_0CG@KNLI@CMyDatabase?3?3AddActiveCopySessio@ 0040fd08     Database.obj
 0003:00000d30       ??_C@_0EF@PNMO@INSERT?5INTO?5DOCUGATE_GENERAL_ACT@ 0040fd30     Database.obj
 0003:00000d78       ??_C@_0CB@DHMP@CMyDatabase?3?3IsActiveSession?$CI?$CFs?$CJ@ 0040fd78     Database.obj
 0003:00000d9c       ??_C@_0FL@MD@SELECT?5count?$CI?$CK?$CJ?5as?5SessionCount?5@ 0040fd9c     Database.obj
 0003:00000df8       ??_C@_05JKGC@NOW?$CI?$CJ?$AA@ 0040fdf8     Database.obj
 0003:00000e00       ??_C@_09BIJN@GETDATE?$CI?$CJ?$AA@ 0040fe00     Database.obj
 0003:00000e0c       ??_C@_0EK@IFLO@UPDATE?5SMARTPRINT_STATIONS?5SET?5S@ 0040fe0c     Database.obj
 0003:00000e58       ??_C@_0CK@FBPN@CMyDatabase?3?3Handle_DroppedConne@ 0040fe58     Database.obj
 0003:00000e84       ??_C@_0FJ@DMIG@UPDATE?5SMARTPRINT_STATIONS?5SET?5S@ 0040fe84     Database.obj
 0003:00000ee0       ??_C@_0CG@HJLP@CMyDatabase?3?3Handle_SessionActiv@ 0040fee0     Database.obj
 0003:00000f08       ??_C@_0FJ@PIOG@UPDATE?5DOCUGATE_GENERAL_CTLUNIT?5@ 0040ff08     Database.obj
 0003:00000f64       ??_C@_0FI@PMGN@UPDATE?5DOCUGATE_GENERAL_CTLUNIT?5@ 0040ff64     Database.obj
 0003:00000fbc       ??_C@_0CG@KEHH@CMyDatabase?3?3Handle_SessionClose@ 0040ffbc     Database.obj
 0003:00000fe4       ??_C@_0FI@MILI@UPDATE?5DOCUGATE_GENERAL_CTLUNIT?5@ 0040ffe4     Database.obj
 0003:0000103c       ??_C@_0CE@JOEO@CMyDatabase?3?3Handle_SessionIdle?$CI@ 0041003c     Database.obj
 0003:00001060       ??_C@_0FG@KLCI@UPDATE?5DOCUGATE_GENERAL_CTLUNIT?5@ 00410060     Database.obj
 0003:000010b8       ??_C@_0CG@HFJB@CMyDatabase?3?3Handle_NewConnectio@ 004100b8     Database.obj
 0003:000010e0       ??_C@_0GA@OBJE@UPDATE?5DOCUGATE_GENERAL_CTLUNIT?5@ 004100e0     Database.obj
 0003:00001140       ??_C@_0BO@ILDL@CMyDatabase?3?3UpdateSchema?$CI?$CFs?$CJ?$AA@ 00410140     Database.obj
 0003:00001160       ??_C@_0LF@EHF@if?5not?5exists?5?$CIselect?5?$CK?5from?5sys@ 00410160     Database.obj
 0003:00001218       ??_C@_0LH@ODI@if?5not?5exists?5?$CIselect?5?$CK?5from?5sys@ 00410218     Database.obj
 0003:000012d0       ??_C@_0LJ@CCJG@if?5not?5exists?5?$CIselect?5?$CK?5from?5sys@ 004102d0     Database.obj
 0003:0000138c       ??_C@_0LN@GAAM@if?5not?5exists?5?$CIselect?5?$CK?5from?5sys@ 0041038c     Database.obj
 0003:0000144c       ??_C@_0FM@INKG@DG?5Control?$CI1027?$CJ?5Monitor?5Thread?5@ 0041044c     Discovery.obj
 0003:000014a8       ??_C@_01KPOD@?$DN?$AA@     004104a8     IniEx.obj
 0003:000014ac       ??_C@_07OJDM@?$CFs?$CFs?$CFs?6?$AA@ 004104ac     IniEx.obj
 0003:000014b4       ??_C@_05NIPM@?$FL?$CFs?$FN?6?$AA@ 004104b4     IniEx.obj
 0003:000014bc       ??_C@_07EGPA@?$CFs?4?$CF?43d?$AA@ 004104bc     IniEx.obj
 0003:000014c4       ??_C@_03DCMC@?$CK?4?$CK?$AA@ 004104c4     IniEx.obj
 0003:000014c8       ??_C@_0N@ILDM@?$CFs?0?$CFs?0?$CFs?0?$CFs?6?$AA@ 004104c8     Logger.obj
 0003:000014d8       ??_C@_02JBML@?$CFc?$AA@    004104d8     Logger.obj
 0003:000014dc       ??_C@_01FNLH@a?$AA@        004104dc     Logger.obj
 0003:000014e0       ??_C@_06KKCN@?$CFs?$CFs?$CFs?$AA@ 004104e0     Logger.obj
 0003:000014e8       ?Length@@3KA               004104e8     TheApp.obj
 0003:000014ec       ??_C@_0FJ@NFEJ@Driver?$DN?$HLSQL?5Server?$HN?$DLServer?$DN?$CFs?$DLDa@ 004104ec     TheApp.obj
 0003:00001548       ??_C@_0EA@JMNI@Main?$CI?$CJ?5Thread?5ID?3?$CFd?$DL?5Active?5conn@ 00410548     TheApp.obj
 0003:00001588       ??_C@_0DJ@OPAM@Thread?5ID?3?$CFd?$DL?5Thread?5started?5for@ 00410588     TheApp.obj
 0003:000015c4       ??_C@_0CE@BHBM@Main?$CI?$CJ?5Thread?5ID?3?$CFd?$DLDatabase?5Clo@ 004105c4     TheApp.obj
 0003:000015e8       ??_C@_0DM@FBKP@Main?$CI?$CJ?5Thread?5ID?3?$CFd?$DLService?5Star@ 004105e8     TheApp.obj
 0003:00001624       ??_C@_0CM@OPG@Main?$CI?$CJ?5Thread?5ID?3?$CFd?$DLDatabase?5Sch@ 00410624     TheApp.obj
 0003:00001650       ??_C@_0CK@PHP@Main?$CI?$CJ?5Thread?5ID?3?$CFd?$DLDatabase?5Ope@ 00410650     TheApp.obj
 0003:0000167c       ??_C@_0EH@KGHI@Main?$CI?$CJ?5Thread?5ID?3?$CFd?$DL?5Failed?5to?5e@ 0041067c     TheApp.obj
 0003:000016c4       ??_C@_0M@CDAJ@DGC_MCR?4log?$AA@ 004106c4     TheApp.obj
 0003:000016d0       ??_C@_0P@KNKH@DGC_MCR_?$CFs?4log?$AA@ 004106d0     TheApp.obj
 0003:000016e0       ??_C@_0EB@MPLA@Main?$CI?$CJ?5Thread?5ID?3?$CFd?$DLNeed?5the?5Hos@ 004106e0     TheApp.obj
 0003:00001724       ??_C@_0CH@DBEI@Fatal?5Error?3?5MFC?5initialization?5@ 00410724     TheApp.obj
 0003:0000174c       ??_C@_0DC@OAMH@DG?5Control?5?$CI?$CFs?$CJ?3?5No?5Database?5Con@ 0041074c     Worker.obj
 0003:00001780       ??_C@_0BN@GAAC@No?5Database?5Connection?5?$EA?5?$CFs?6?$AA@ 00410780     Worker.obj
 0003:000017a0       ??_C@_0IB@NBDG@3150433541414E584333334635353235@ 004107a0     Worker.obj
 0003:00001824       ??_C@_0CL@NHFO@Thread?5ID?3?$CFd?$DLDG?5Control?5?$CI?$CFs?$CJ?3?5Ma@ 00410824     Worker.obj
 0003:00001850       ??_C@_0CL@GKPG@Thread?5ID?3?$CFd?$DLDG?5Control?5?$CI?$CFs?$CJ?3?5Cl@ 00410850     Worker.obj
 0003:0000187c       ??_C@_0CN@JBKN@Thread?5ID?3?$CFd?$DLDG?5Control?5?$CI?$CFs?$CJ?3?5Pa@ 0041087c     Worker.obj
 0003:000018ac       ??_C@_0CL@NJKI@Thread?5ID?3?$CFd?$DLDG?5Control?5?$CI?$CFs?$CJ?3?5Ac@ 004108ac     Worker.obj
 0003:000018d8       ??_C@_05HIBB@CLEAR?$AA@    004108d8     Worker.obj
 0003:000018e0       ??_C@_02IALM@UP?$AA@       004108e0     Worker.obj
 0003:000018e4       ??_C@_04MFOA@DOWN?$AA@     004108e4     Worker.obj
 0003:000018ec       ??_C@_0BH@IELM@Station?5Location?5?$DN?5?$CFs?6?$AA@ 004108ec     Worker.obj
 0003:00001904       ??_C@_0BD@OJKA@Location?5received?6?$AA@ 00410904     Worker.obj
 0003:00001918       ??_C@_0BC@JKM@Gateway?5received?6?$AA@ 00410918     Worker.obj
 0003:0000192c       ??_C@_0P@PJBH@Mask?5received?6?$AA@ 0041092c     Worker.obj
 0003:0000193c       ??_C@_0M@IBML@?$CFd?4?$CFd?4?$CFd?4?$CFd?$AA@ 0041093c     Worker.obj
 0003:00001948       ??_C@_0BC@OJBM@Address?5received?6?$AA@ 00410948     Worker.obj
 0003:0000195c       ??_C@_0BH@OMHN@Currency?5Ack?5received?6?$AA@ 0041095c     Worker.obj
 0003:00001974       ??_C@_0P@EFBK@Session?3?5$?$CF?42f?$AA@ 00410974     Worker.obj
 0003:00001984       ??_C@_0BC@PNAP@Session?3?5?$CFd?5Units?$AA@ 00410984     Worker.obj
 0003:00001998       ??_C@_0P@EFEJ@Balance?3?5$?$CF?42f?$AA@ 00410998     Worker.obj
 0003:000019a8       ??_C@_0BC@POPL@Balance?3?5?$CFd?5Units?$AA@ 004109a8     Worker.obj
 0003:000019bc       ??_C@_0DK@IANA@Thread?5ID?3?$CFd?$DLDG?5Control?5?$CI?$CFs?$CJ?3?5MC@ 004109bc     Worker.obj
 0003:000019f8       ??_C@_0CE@NCK@HOST?5Session?5Terminated?5clean?5?9?5@ 004109f8     Worker.obj
 0003:00001a1c       ??_C@_0DK@KOHB@Thread?5ID?3?$CFd?$DLDG?5Control?5?$CI?$CFs?$CJ?3?5MC@ 00410a1c     Worker.obj
 0003:00001a58       ??_C@_0CD@OGEP@MCR?5Session?5Terminated?5clean?5?9?5?$CF@ 00410a58     Worker.obj
 0003:00001a7c       ??_C@_0P@FBMK@Clock?5Set?5Ack?6?$AA@ 00410a7c     Worker.obj
 0003:00001a8c       ??_C@_0BE@FOCP@Delay?5Ack?5received?6?$AA@ 00410a8c     Worker.obj
 0003:00001aa0       ??_C@_0O@HMLF@Mac?5received?6?$AA@ 00410aa0     Worker.obj
 0003:00001ab0       ??_C@_0BK@DMJK@Offline?5Max?5Ack?5received?6?$AA@ 00410ab0     Worker.obj
 0003:00001acc       ??_C@_0BL@KGKE@Offline?5mode?5Ack?5received?6?$AA@ 00410acc     Worker.obj
 0003:00001ae8       ??_C@_0CL@FKNN@Display?5At?5ack?5received?5for?5Row?5@ 00410ae8     Worker.obj
 0003:00001b14       ??_C@_07MBKB@COPYJOB?$AA@  00410b14     Worker.obj
 0003:00001b1c       ??_C@_07CNPM@UNKNOWN?$AA@  00410b1c     Worker.obj
 0003:00001b24       ??_C@_0CG@GLND@OffLine?5Count?5Rcved?0?5?$CFd?5Transact@ 00410b24     Worker.obj
 0003:00001b4c       ??_C@_0DG@PKMC@Thread?5ID?3?$CFd?$DLDG?5Control?5?$CI?$CFs?$CJ?3?5Ab@ 00410b4c     Worker.obj
 0003:00001b84       ??_C@_0DE@PKOC@Connection?5was?5Terminated?5?9?5Acti@ 00410b84     Worker.obj
 0003:00001bb8       ??_C@_0DB@ECGC@Thread?5ID?3?$CFd?$DLDG?5Control?5?$CI?$CFs?$CJ?3?5Ab@ 00410bb8     Worker.obj
 0003:00001bec       ??_C@_0CE@EJJB@Thread?5ID?3?$CFd?$DLThread?5Terminated?5?$EA@ 00410bec     Worker.obj
 0003:00001c10       ??_C@_0BI@PEEL@Thread?5Terminated?5?$EA?5?$CFs?6?$AA@ 00410c10     Worker.obj
 0003:00001c28       ??_C@_0DN@MIHF@Thread?5ID?3?$CFd?$DLTCPIP?5Connection?5Di@ 00410c28     Worker.obj
 0003:00001c68       ??_C@_0CH@KJGL@Thread?5Disconnected?5?$EA?5?$CFs?5?9?5Resul@ 00410c68     Worker.obj
 0003:00001c90       ??_C@_0DJ@ODCK@Thread?5ID?3?$CFd?$DLTCPIP?5Connection?5Di@ 00410c90     Worker.obj
 0003:00001ccc       ??_C@_0BL@FPNK@Thread?5Disconnecting?5?$EA?5?$CFs?6?$AA@ 00410ccc     Worker.obj
 0003:00001ce8       ??_C@_0GB@HNHJ@Thread?5ID?3?$CFd?$DLDG?5Control?5?$CI?$CFs?$CJ?3?5No@ 00410ce8     Worker.obj
 0003:00001d4c       ??_C@_0DJ@DAHP@No?5Response?5to?5set?5SetPriceLine?$CI@ 00410d4c     Worker.obj
 0003:00001d88       ??_C@_0GB@MKIE@Thread?5ID?3?$CFd?$DLDG?5Control?5?$CI?$CFs?$CJ?3?5No@ 00410d88     Worker.obj
 0003:00001dec       ??_C@_0DJ@CKIN@No?5Response?5to?5set?5SetKeyBoard?$CI0@ 00410dec     Worker.obj
 0003:00001e28       ??_C@_0GF@MHLD@Thread?5ID?3?$CFd?$DLDG?5Control?5?$CI?$CFs?$CJ?3?5No@ 00410e28     Worker.obj
 0003:00001e90       ??_C@_0DN@GCLO@No?5Response?5to?5set?5SetAuthentica@ 00410e90     Worker.obj
 0003:00001ed0       ??_C@_0GF@FFMC@Thread?5ID?3?$CFd?$DLDG?5Control?5?$CI?$CFs?$CJ?3?5No@ 00410ed0     Worker.obj
 0003:00001f38       ??_C@_0DN@KFFN@No?5Response?5to?5set?5SetAuthentica@ 00410f38     Worker.obj
 0003:00001f78       ??_C@_0EP@CPPI@Thread?5ID?3?$CFd?$DLDG?5Control?5?$CI?$CFs?$CJ?3?5No@ 00410f78     Worker.obj
 0003:00001fc8       ??_C@_0BN@OAFF@no?5Database?5Connection?5?$EA?5?$CFs?6?$AA@ 00410fc8     Worker.obj
 0003:00001fe8       ??_C@_0CN@NDA@Thread?5ID?$DN?$CFs?0Address?$DN?$CFs?0State?$DNNo@ 00410fe8     Worker.obj
 0003:00002018       ??_C@_0DG@MMHH@Thread?5ID?$DN?$CFs?0Address?$DN?$CFs?0State?$DNNo@ 00411018     Worker.obj
 0003:00002050       ??_C@_0DH@IAH@Thread?5ID?3?$CFd?$DLDG?5Control?5?$CI?$CFs?$CJ?3?5Id@ 00411050     Worker.obj
 0003:00002088       ??_C@_0CA@OPLC@Idle?5Connection?5Detected?5?5?$EA?5?$CFs?6?$AA@ 00411088     Worker.obj
 0003:000020a8       ??_C@_0FP@IGPP@Thread?5ID?3?$CFd?$DLDG?5Control?5?$CI?$CFs?$CJ?3?5No@ 004110a8     Worker.obj
 0003:00002108       ??_C@_0DD@KJLN@No?5Response?5to?5SetBadData?$CI?$CJ?5with@ 00411108     Worker.obj
 0003:0000213c       ??_C@_0FN@FJOI@Thread?5ID?3?$CFd?$DLDG?5Control?5?$CI?$CFs?$CJ?3?5No@ 0041113c     Worker.obj
 0003:0000219c       ??_C@_0DF@LCBH@No?5Response?5to?5set?5SetDelay?$CI?$CJ?5wi@ 0041119c     Worker.obj
 0003:000021d4       ??_C@_0GA@KEJO@Thread?5ID?3?$CFd?$DLDG?5Control?5?$CI?$CFs?$CJ?3?5No@ 004111d4     Worker.obj
 0003:00002234       ??_C@_0DI@JNN@No?5Response?5to?5set?5SetCurrency?$CI?$CJ@ 00411234     Worker.obj
 0003:0000226c       ??_C@_0GD@EKKB@Thread?5ID?3?$CFd?$DLDG?5Control?5?$CI?$CFs?$CJ?3?5No@ 0041126c     Worker.obj
 0003:000022d0       ??_C@_0DF@FIJA@no?5response?5to?5RequestAddress?5wi@ 004112d0     Worker.obj
 0003:00002308       ??_C@_0GA@COEE@Thread?5ID?3?$CFd?$DLDG?5Control?5?$CI?$CFs?$CJ?3?5No@ 00411308     Worker.obj
 0003:00002368       ??_C@_0DC@ONIG@no?5response?5to?5RequestMask?5withi@ 00411368     Worker.obj
 0003:0000239c       ??_C@_0GD@FLD@Thread?5ID?3?$CFd?$DLDG?5Control?5?$CI?$CFs?$CJ?3?5No@ 0041139c     Worker.obj
 0003:00002400       ??_C@_0DF@EBMO@no?5response?5to?5RequestGateway?5wi@ 00411400     Worker.obj
 0003:00002438       ??_C@_0FP@BIKP@Thread?5ID?3?$CFd?$DLDG?5Control?5?$CI?$CFs?$CJ?3?5No@ 00411438     Worker.obj
 0003:00002498       ??_C@_0DB@NBD@no?5response?5to?5requestMac?5within@ 00411498     Worker.obj
 0003:000024cc       ??_C@_0GE@GGDO@Thread?5ID?3?$CFd?$DLDG?5Control?5?$CI?$CFs?$CJ?3?5No@ 004114cc     Worker.obj
 0003:00002530       ??_C@_0DL@PGOI@no?5response?5to?5RequestLocation?5t@ 00411530     Worker.obj
 0003:0000256c       ??_C@_0FP@LOHO@Thread?5ID?3?$CFd?$DLDG?5Control?5?$CI?$CFs?$CJ?3?5No@ 0041156c     Worker.obj
 0003:000025cc       ??_C@_0DD@LK@No?5response?5to?5SetInitial?$CI?$CJ?5with@ 004115cc     Worker.obj
 0003:00002600       ??_C@_0FM@BEK@Thread?5ID?3?$CFd?$DLDG?5Control?5?$CI?$CFs?$CJ?3?5No@ 00411600     Worker.obj
 0003:0000265c       ??_C@_0DA@LGAP@No?5response?5to?5SetTime?$CI?$CJ?5within?5@ 0041165c     Worker.obj
 0003:0000268c       ??_C@_0GA@LENK@Thread?5ID?3?$CFd?$DLDG?5Control?5?$CI?$CFs?$CJ?3?5No@ 0041168c     Worker.obj
 0003:000026ec       ??_C@_0DE@JHKA@no?5response?5to?5SetKeyBoard?$CI?$CJ?5wit@ 004116ec     Worker.obj
 0003:00002720       ??_C@_0DD@EICB@Dead?5Connection?5Detected?5?9?5Activ@ 00411720     Worker.obj
 0003:00002754       ??_C@_0CG@PPMP@Thread?5ID?3?$CFd?$DLDead?5Connection?5Det@ 00411754     Worker.obj
 0003:0000277c       ??_C@_0BK@HNHP@Dead?5Conn?5Detected?5?5?$EA?5?$CFs?6?$AA@ 0041177c     Worker.obj
 0003:00002798       ??_C@_0DF@HNAK@Thread?5ID?3?$CFd?$DLDG?5Control?5?$CI?$CFs?$CJ?3?5Ca@ 00411798     Worker.obj
 0003:000027d0       ??_C@_0BL@BLF@Calling?5SetPriceLine?5?$EA?5?$CFs?6?$AA@ 004117d0     Worker.obj
 0003:000027ec       ??_C@_02JBAA@?$CFf?$AA@    004117ec     Worker.obj
 0003:000027f0       ??_C@_0P@CFEM@Error?3?5DG?90008?$AA@ 004117f0     Worker.obj
 0003:00002800       ??_C@_0P@CEBB@Error?3?5DG?90007?$AA@ 00411800     Worker.obj
 0003:00002810       ??_C@_0P@HBDP@Error?3?5DG?90005?$AA@ 00411810     Worker.obj
 0003:00002820       ??_C@_0P@IPNL@Error?3?5DG?90009?$AA@ 00411820     Worker.obj
 0003:00002830       ??_C@_0BA@GM@Error?3?5DG?90001a?$AA@ 00411830     Worker.obj
 0003:00002840       ??_C@_0P@NLGD@Error?3?5DG?90001?$AA@ 00411840     Worker.obj
 0003:00002850       ??_C@_0BL@FDAD@Account?5Already?5Logged?5On?6?$AA@ 00411850     Worker.obj
 0003:0000286c       ??_C@_0P@NLKI@Error?3?5DG?90004?$AA@ 0041186c     Worker.obj
 0003:0000287c       ??_C@_0BO@HGJK@No?5Account?5Located?5for?5ID?5?$CFs?6?$AA@ 0041187c     Worker.obj
 0003:0000289c       ??_C@_0P@GHFO@Error?3?5DG?90010?$AA@ 0041189c     Worker.obj
 0003:000028ac       ??_C@_0DF@CECE@Thread?5ID?3?$CFd?$DLDG?5Control?5?$CI?$CFs?$CJ?3?5Ca@ 004118ac     Worker.obj
 0003:000028e4       ??_C@_0BN@NBGE@Calling?5SetKeyBoard?$CI0?$CJ?5?$EA?5?$CFs?6?$AA@ 004118e4     Worker.obj
 0003:00002904       ??_C@_0DJ@LBFP@Thread?5ID?3?$CFd?$DLDG?5Control?5?$CI?$CFs?$CJ?3?5Ca@ 00411904     Worker.obj
 0003:00002940       ??_C@_0CB@ICKO@Calling?5SetAuthenticate2?$CI?$CJ?5?$EA?5?$CFs?6@ 00411940     Worker.obj
 0003:00002964       ??_C@_0DJ@EHGE@Thread?5ID?3?$CFd?$DLDG?5Control?5?$CI?$CFs?$CJ?3?5Ca@ 00411964     Worker.obj
 0003:000029a0       ??_C@_0CB@MEHG@Calling?5SetAuthenticate1?$CI?$CJ?5?$EA?5?$CFs?6@ 004119a0     Worker.obj
 0003:000029c4       ??_C@_0EJ@BNMK@Thread?5ID?3?$CFd?$DLDG?5Control?5?$CI?$CFs?$CJ?3?5Au@ 004119c4     Worker.obj
 0003:00002a10       ??_C@_0DD@FFFB@Thread?5ID?3?$CFd?$DLDG?5Control?5?$CI?$CFs?$CJ?3?5Ca@ 00411a10     Worker.obj
 0003:00002a44       ??_C@_0BL@HKLE@Calling?5SetBadData?$CI?$CJ?5?$EA?5?$CFs?6?$AA@ 00411a44     Worker.obj
 0003:00002a60       ??_C@_0DB@DJHN@Thread?5ID?3?$CFd?$DLDG?5Control?5?$CI?$CFs?$CJ?3?5Ca@ 00411a60     Worker.obj
 0003:00002a94       ??_C@_0BJ@BIHH@Calling?5SetDelay?$CI?$CJ?5?$EA?5?$CFs?6?$AA@ 00411a94     Worker.obj
 0003:00002ab0       ??_C@_0DE@HIAK@Thread?5ID?3?$CFd?$DLDG?5Control?5?$CI?$CFs?$CJ?3?5Ca@ 00411ab0     Worker.obj
 0003:00002ae4       ??_C@_0BK@FMPF@Calling?5SetCurrency?5?$EA?5?$CFs?6?$AA@ 00411ae4     Worker.obj
 0003:00002b00       ??_C@_0DB@PCGH@Thread?5ID?3?$CFd?$DLDG?5Control?5?$CI?$CFs?$CJ?3?5Re@ 00411b00     Worker.obj
 0003:00002b34       ??_C@_0BJ@FJJH@Requesting?5Address?5?$EA?5?$CFs?6?$AA@ 00411b34     Worker.obj
 0003:00002b50       ??_C@_0CO@IDNP@Thread?5ID?3?$CFd?$DLDG?5Control?5?$CI?$CFs?$CJ?3?5Re@ 00411b50     Worker.obj
 0003:00002b80       ??_C@_0BG@GOOE@Requesting?5Mask?5?$EA?5?$CFs?6?$AA@ 00411b80     Worker.obj
 0003:00002b98       ??_C@_0DB@LINN@Thread?5ID?3?$CFd?$DLDG?5Control?5?$CI?$CFs?$CJ?3?5Re@ 00411b98     Worker.obj
 0003:00002bcc       ??_C@_0BJ@EAM@Requesting?5Gateway?5?$EA?5?$CFs?6?$AA@ 00411bcc     Worker.obj
 0003:00002be8       ??_C@_0CN@FHBH@Thread?5ID?3?$CFd?$DLDG?5Control?5?$CI?$CFs?$CJ?3?5Re@ 00411be8     Worker.obj
 0003:00002c18       ??_C@_0BF@BOGM@Requesting?5Mac?5?$EA?5?$CFs?6?$AA@ 00411c18     Worker.obj
 0003:00002c30       ??_C@_0DC@LDGH@Thread?5ID?3?$CFd?$DLDG?5Control?5?$CI?$CFs?$CJ?3?5Re@ 00411c30     Worker.obj
 0003:00002c64       ??_C@_0BK@EOKE@Requesting?5Location?5?$EA?5?$CFs?6?$AA@ 00411c64     Worker.obj
 0003:00002c80       ??_C@_0DD@NIPF@Thread?5ID?3?$CFd?$DLDG?5Control?5?$CI?$CFs?$CJ?3?5Ca@ 00411c80     Worker.obj
 0003:00002cb4       ??_C@_0BL@HGJP@Calling?5SetInitial?$CI?$CJ?5?$EA?5?$CFs?6?$AA@ 00411cb4     Worker.obj
 0003:00002cd0       ??_C@_0DA@HILB@Thread?5ID?3?$CFd?$DLDG?5Control?5?$CI?$CFs?$CJ?3?5Ca@ 00411cd0     Worker.obj
 0003:00002d00       ??_C@_0BI@GOJO@Calling?5SetTime?$CI?$CJ?5?$EA?5?$CFs?6?$AA@ 00411d00     Worker.obj
 0003:00002d18       ??_C@_0DE@LMAC@Thread?5ID?3?$CFd?$DLDG?5Control?5?$CI?$CFs?$CJ?3?5Ca@ 00411d18     Worker.obj
 0003:00002d4c       ??_C@_0BE@JIHD@SetKeyboard?$CI?$CJ?5?$EA?5?$CFs?6?$AA@ 00411d4c     Worker.obj
 0003:00002d60       ??_C@_0BH@DECL@Thread?5ID?3?$CFd?$DLPong?5Sent?$AA@ 00411d60     Worker.obj
 0003:00002d78       ??_C@_0BF@ECJK@Fire?5Connected?5?$EA?5?$CFs?6?$AA@ 00411d78     Worker.obj
 0003:00002d90       ??_C@_0CH@BLFF@Thread?5ID?3?$CFd?$DLTCP?1IP?5Connection?5S@ 00411d90     Worker.obj
 0003:00002db8       ??_C@_0BO@JGKF@Connection?5Failed?5?$EA?5?$CFs?5?9?5?$CI?$CFd?$CJ?$AA@ 00411db8     Worker.obj
 0003:00002dd8       ??_C@_0CK@ECLP@Thread?5ID?3?$CFd?$DLTCP?1IP?5Connection?5F@ 00411dd8     Worker.obj
 0003:00002e04       ??_C@_02MECO@?$CFd?$AA@    00411e04     Worker.obj
 0003:00002e08       ??_C@_0CJ@DCFM@Thread?5ID?3?$CFd?$DLDatabase?5Connection@ 00411e08     Worker.obj
 0003:00002e34       ??_C@_0CI@BMNG@Thread?5ID?3?$CFd?$DLDatabase?5Connection@ 00411e34     Worker.obj
 0003:00002e5c       ??_C@_0DB@KNAH@Thread?5ID?3?$CFd?$DLStation?5Address?3?$CFs?5@ 00411e5c     Worker.obj
 0003:00002e90       ??_C@_0BB@EILC@Session?3?50?5Units?$AA@ 00411e90     Worker.obj
 0003:00002ea4       ??_C@_0P@HOLG@Session?3?5$0?400?$AA@ 00411ea4     Worker.obj
 0003:00002eb4       ??_C@_0BD@IOAL@Press?5CLEAR?5to?5End?$AA@ 00411eb4     Worker.obj
 0003:00002ec8       ??_C@_0BB@PJDJ@Copier?5Activated?$AA@ 00411ec8     Worker.obj
 0003:00002edc       ??_C@_01FBAH@1?$AA@        00411edc     Worker.obj
 0003:00002ee0       ??_C@_0BC@ICPB@Set?5Balance?5?$DN?5?$CFd?6?$AA@ 00411ee0     Worker.obj
 0003:00002ef4       ??_C@_0P@FCHD@Price?$CI4?$CJ?5?$DN?5?$CFd?6?$AA@ 00411ef4     Worker.obj
 0003:00002f04       ??_C@_0P@KKLK@Price?$CI3?$CJ?5?$DN?5?$CFd?6?$AA@ 00411f04     Worker.obj
 0003:00002f14       ??_C@_0P@OCJE@Price?$CI2?$CJ?5?$DN?5?$CFd?6?$AA@ 00411f14     Worker.obj
 0003:00002f24       ??_C@_0P@DKOH@Price?$CI1?$CJ?5?$DN?5?$CFd?6?$AA@ 00411f24     Worker.obj
 0003:00002f34       ??_C@_0BB@KPDJ@Initializing?5?$CB?$CB?$CB?$AA@ 00411f34     Worker.obj
 0003:00002f48       ??_C@_0BE@DBCK@Authorizing?5Usage?5?$CB?$AA@ 00411f48     Worker.obj
 0003:00002f5c       ??_C@_05PGEK@ALPHA?$AA@    00411f5c     Worker.obj
 0003:00002f64       ??_C@_0L@BPOP@Account?5?$CD?3?$AA@ 00411f64     Worker.obj
 0003:00002f70       ??_C@_0BC@PILJ@Account?5?$CD?5?$CG?5ENTER?$AA@ 00411f70     Worker.obj
 0003:00002f84       ??_C@_0BE@KIIA@Swipe?5Badge?5or?5Type?$AA@ 00411f84     Worker.obj
 0003:00002f98       ??_C@_0BB@MOFL@DocuGate?5Systems?$AA@ 00411f98     Worker.obj
 0003:00002fac       ??_C@_0L@NFDB@?5Client?5?$CD?3?$AA@ 00411fac     Worker.obj
 0003:00002fb8       ??_C@_0BC@DHNO@?5Client?5?$CD?5?$CG?5ENTER?$AA@ 00411fb8     Worker.obj
 0003:00002fcc       ??_C@_0BC@DDIP@?5if?5required?5type?$AA@ 00411fcc     Worker.obj
 0003:00002fe0       ??_C@_0L@JLBP@?5Matter?5?$CD?3?$AA@ 00411fe0     Worker.obj
 0003:00002fec       ??_C@_0BC@OHBG@?5Matter?5?$CD?5?$CG?5ENTER?$AA@ 00411fec     Worker.obj
 0003:00003000       ??_C@_0BC@LNL@?5If?5required?5type?$AA@ 00412000     Worker.obj
 0003:00003014       ??_C@_0N@HGII@?5copy?5pin?5?$CD?3?$AA@ 00412014     Worker.obj
 0003:00003024       ??_C@_0O@CMDI@?5Enter?5PIN?5?$CD?3?$AA@ 00412024     Worker.obj
 0003:00003034       ??_C@_0BC@KOHH@?5copy?5pin?5?$CG?5ENTER?$AA@ 00412034     Worker.obj
 0003:00003048       ??_C@_0BD@NEEI@?5Enter?5PIN?5?$CG?5ENTER?$AA@ 00412048     Worker.obj
 0003:0000305c       ??_C@_0BC@BPLN@?5Please?5type?5your?$AA@ 0041205c     Worker.obj
 0003:00003070       ??_C@_05ODGO@DEBIT?$AA@    00412070     Worker.obj
 0003:00003078       ??_C@_08CDEN@NOCHARGE?$AA@ 00412078     Worker.obj
 0003:00003084       ??_C@_06BLHK@CREDIT?$AA@   00412084     Worker.obj
 0003:00003090       ??_R0?AVtype_info@@@8      00412090     msvcrt:ti_inst.obj
 0003:000030b0       ___defaultmatherr          004120b0     msvcrt:merr.obj
 0003:000030b8       ?curTimeout@ActivationTimer@@1KA 004120b8     ActivationTimer.obj
 0003:000030bc       ?maxTimeout@ActivationTimer@@1KA 004120bc     ActivationTimer.obj
 0003:000030c0       ?minTimeout@ActivationTimer@@1KA 004120c0     ActivationTimer.obj
 0003:000030c4       ?TimerId@ActivationTimer@@1IA 004120c4     ActivationTimer.obj
 0003:000030c8       ?listOfTasks@ActivationTimer@@1PAVTaskList@@A 004120c8     ActivationTimer.obj
 0003:000030d0       ?m_DBLock@@3VCCriticalSection@@A 004120d0     Database.obj
 0003:000030f0       ??_C@_00A@?$AA@            004120f0     Database.obj
 0003:000030f8       ?mWriteLog@@3VCCriticalSection@@A 004120f8     Logger.obj
 0003:00003120       ?m_ActiveAccounts@@3VCActiveAccounts@@A 00412120     TheApp.obj
 0003:00003160       ?m_gLogFileName@@3PADA     00412160     TheApp.obj
 0003:00003268       ?m_gIni@@3VCIniEx@@A       00412268     TheApp.obj
 0003:000032b8       ?m_gStationArray@@3VCStringArray@@A 004122b8     TheApp.obj
 0003:000032cc       ?hGlobalThreadWait@@3PAXA  004122cc     TheApp.obj
 0003:000032d0       ?ThisMachineName@@3PADA    004122d0     TheApp.obj
 0003:000032e0       ?ProcessLock@@3VCCriticalSection@@A 004122e0     TheApp.obj
 0003:00003300       ?theApp@@3VCWinApp@@A      00412300     TheApp.obj
 0003:000033c4       ?m_gConnect@@3VCString@@A  004123c4     TheApp.obj
 0003:000033c8       ?argv@@3PAPADA             004123c8     TheApp.obj
 0003:000033cc       ?timer@@3VActivationTimer@@A 004123cc     TheApp.obj
 0003:000033d0       ?szWindowClass@@3PADA      004123d0     TheApp.obj
 0003:00003434       ?szTitle@@3PADA            00412434     TheApp.obj
 0003:00003498       ?hInst@@3PAUHINSTANCE__@@A 00412498     TheApp.obj
 0003:0000349c       ?_Message@@3PADA           0041249c     TheApp.obj
 0003:0000359c       ?_Result@@3PADA            0041259c     TheApp.obj
 0003:000036a0       ?Stations@@3PAU_TagStation@@A 004126a0     TheApp.obj
 0003:000111c4       ?u@@3T__unnamed@@A         004201c4     Worker.obj
 0003:000111c8       __afxForceEXCLUDE          004201c8     mfcs42:nolib.obj
 0003:000111cc       __afxForceSTDAFX           004201cc     mfcs42:stdafx.obj
 0003:000111d0       __dowildcard               004201d0     msvcrt:wildcard.obj
 0003:000111d4       __newmode                  004201d4     msvcrt:_newmode.obj
 0003:000111d8       __commode                  004201d8     msvcrt:xncommod.obj
 0003:000111dc       __fmode                    004201dc     msvcrt:xtxtmode.obj
 0003:000111e0       __adjust_fdiv              004201e0     <common>
 0003:000111e4       ___onexitend               004201e4     <common>
 0003:000111e8       ___onexitbegin             004201e8     <common>

 entry point at        0001:0000a95f

 Static symbols

 0001:000047d0       _$E252                     004057d0 f   TheApp.obj
 0001:000047e0       _$E249                     004057e0 f   TheApp.obj
 0001:00004800       _$E251                     00405800 f   TheApp.obj
 0001:00004810       _$E250                     00405810 f   TheApp.obj
 0001:00004820       _$E257                     00405820 f   TheApp.obj
 0001:00004830       _$E254                     00405830 f   TheApp.obj
 0001:00004840       _$E256                     00405840 f   TheApp.obj
 0001:00004850       _$E255                     00405850 f   TheApp.obj
 0001:00004860       _$E262                     00405860 f   TheApp.obj
 0001:00004870       _$E259                     00405870 f   TheApp.obj
 0001:00004880       _$E261                     00405880 f   TheApp.obj
 0001:00004890       _$E260                     00405890 f   TheApp.obj
 0001:000048a0       _$E265                     004058a0 f   TheApp.obj
 0001:000048b0       _$E264                     004058b0 f   TheApp.obj
 0001:000048d0       _$E270                     004058d0 f   TheApp.obj
 0001:000048e0       _$E267                     004058e0 f   TheApp.obj
 0001:000048f0       _$E269                     004058f0 f   TheApp.obj
 0001:00004900       _$E268                     00405900 f   TheApp.obj
 0001:00004910       _$E275                     00405910 f   TheApp.obj
 0001:00004920       _$E272                     00405920 f   TheApp.obj
 0001:00004930       _$E274                     00405930 f   TheApp.obj
 0001:00004940       _$E273                     00405940 f   TheApp.obj
 0001:00004950       _$E280                     00405950 f   TheApp.obj
 0001:00004960       _$E277                     00405960 f   TheApp.obj
 0001:00004970       _$E279                     00405970 f   TheApp.obj
 0001:00004980       _$E278                     00405980 f   TheApp.obj
 0001:00004990       _$E285                     00405990 f   TheApp.obj
 0001:000049a0       _$E282                     004059a0 f   TheApp.obj
 0001:000049b0       _$E284                     004059b0 f   TheApp.obj
 0001:000049c0       _$E283                     004059c0 f   TheApp.obj
 0001:00004750       _$E236                     00405750 f   StdAfx.obj
 0001:00004760       _$E233                     00405760 f   StdAfx.obj
 0001:00004770       _$E235                     00405770 f   StdAfx.obj
 0001:00004780       _$E234                     00405780 f   StdAfx.obj
 0001:00004790       _$E242                     00405790 f   StdAfx.obj
 0001:000047a0       _$E239                     004057a0 f   StdAfx.obj
 0001:000047b0       _$E241                     004057b0 f   StdAfx.obj
 0001:000047c0       _$E240                     004057c0 f   StdAfx.obj
 0001:00004100       _$E262                     00405100 f   Logger.obj
 0001:00004110       _$E259                     00405110 f   Logger.obj
 0001:00004120       _$E261                     00405120 f   Logger.obj
 0001:00004130       _$E260                     00405130 f   Logger.obj
 0001:00000940       _$E252                     00401940 f   Database.obj
 0001:00000950       _$E249                     00401950 f   Database.obj
 0001:00000960       _$E251                     00401960 f   Database.obj
 0001:00000970       _$E250                     00401970 f   Database.obj

Line numbers for .\Release\Worker.obj(Z:\myoung\Docugate Sources\Docugate (DGC App Release 7.3)\ipport.h) segment .text

   105 0001:0000a5b0   107 0001:0000a5c0   108 0001:0000a5d0   114 0001:0000a5e0
   115 0001:0000a5e1   117 0001:0000a5f6   121 0001:0000a5fa   126 0001:0000a608
   171 0001:0000a61a   129 0001:0000a61c   131 0001:0000a620   133 0001:0000a62d
   138 0001:0000a634   171 0001:0000a650   141 0001:0000a652   145 0001:0000a656
   150 0001:0000a664   171 0001:0000a677   153 0001:0000a679   157 0001:0000a67d
   162 0001:0000a68b   171 0001:0000a69e   166 0001:0000a6a0   171 0001:0000a6a9
   170 0001:0000a6ab   171 0001:0000a6ad

Line numbers for .\Release\Worker.obj(C:\Program Files\Microsoft Visual Studio\VC98\MFC\INCLUDE\afx.inl) segment .text

   297 0001:00008160

Line numbers for .\Release\Worker.obj(Z:\myoung\Docugate Sources\Docugate (DGC App Release 7.3)\Worker.cpp) segment .text

   534 0001:00004e00   542 0001:00004e72   547 0001:00004e79   549 0001:00004ebd
   550 0001:00004ec6   552 0001:00004ed1   553 0001:00004ee2   554 0001:00004f10
   557 0001:00004f28   129 0001:00004f50   131 0001:00004f56   133 0001:00004f68
   134 0001:00004f72   135 0001:00004f8d   136 0001:00004faf   141 0001:00004fb5
   145 0001:00004fce   144 0001:00004fd4   145 0001:00004fe5   146 0001:00004ffc
   148 0001:0000500a   149 0001:00005011   152 0001:00005017   155 0001:00005049
   156 0001:0000504f   157 0001:00005061   158 0001:00005070   159 0001:0000507a
   165 0001:0000507f   167 0001:00005093   171 0001:00005095   175 0001:000050b6
   180 0001:000050ba   181 0001:000050e8   183 0001:000050f1   184 0001:000050ff
   185 0001:00005111   186 0001:00005123   188 0001:0000512a   190 0001:0000512c
   191 0001:00005140   192 0001:00005154   193 0001:0000515a   196 0001:00005171
   197 0001:00005177   198 0001:0000517d   200 0001:0000519b   201 0001:000051af
   204 0001:000051c3   206 0001:000051cd   208 0001:000051d2   210 0001:000051e6
   212 0001:0000520b   214 0001:0000522b   216 0001:0000524b   218 0001:0000526b
   220 0001:0000528b   224 0001:000052ab   225 0001:000052bf   226 0001:000052d6
   227 0001:000052f3   228 0001:000052fd   232 0001:00005302   233 0001:00005316
   236 0001:0000532a   251 0001:0000532c   252 0001:00005334   257 0001:00005343
   267 0001:00005356   270 0001:00005375   268 0001:00005389   269 0001:0000539d
   274 0001:000053a9   275 0001:000053b6   281 0001:000053c4   284 0001:000053de
   285 0001:000053eb   286 0001:000053f3   288 0001:00005405   290 0001:00005407
   293 0001:0000541f   295 0001:0000542d   296 0001:00005451   297 0001:0000545c
   300 0001:00005493   301 0001:000054a6   308 0001:000054b4   311 0001:000054ce
   312 0001:000054db   313 0001:000054e3   315 0001:000054f5   317 0001:000054f7
   321 0001:0000550f   323 0001:00005520   324 0001:0000553b   325 0001:00005546
   327 0001:0000557d   328 0001:0000559d   330 0001:000055b1   333 0001:000055b6
   334 0001:000055c4   337 0001:000055c9   338 0001:000055e1   339 0001:00005616
   342 0001:0000561b   343 0001:00005633   344 0001:00005668   347 0001:0000566d
   348 0001:00005685   349 0001:000056ba   353 0001:000056bf   354 0001:000056d9
   355 0001:000056ee   356 0001:000056f6   357 0001:00005716   358 0001:00005720
   362 0001:00005725   365 0001:00005744   368 0001:00005757   374 0001:0000576a
   380 0001:00005783   382 0001:00005799   383 0001:0000579f   385 0001:000057a5
   387 0001:000057aa   388 0001:000057b6   389 0001:000057ce   394 0001:000057e8
   395 0001:0000580c   396 0001:00005816   402 0001:00005834   410 0001:00005839
   412 0001:0000584f   413 0001:00005855   415 0001:0000585b   417 0001:00005860
   418 0001:0000586c   419 0001:00005884   421 0001:0000589e   430 0001:000058cb
   443 0001:000058d0   444 0001:000058df   445 0001:000058f7   448 0001:00005911
   453 0001:0000593e   465 0001:00005940   466 0001:0000594f   467 0001:00005967
   468 0001:00005984   492 0001:000059a0   493 0001:000059a3   497 0001:00005ad0
   500 0001:00005ad5   501 0001:00005ae6   503 0001:00005af9   504 0001:00005b0e
   505 0001:00005b28   508 0001:00005b34   510 0001:00005b41   511 0001:00005b59
   512 0001:00005b76   513 0001:00005b80   515 0001:00005b8c   516 0001:00005b8f
   520 0001:00005ba0   524 0001:00005bc6   525 0001:00005be3   526 0001:00005bed
   527 0001:00005bf7   528 0001:00005bfb   561 0001:00005c20   562 0001:00005c4b
   566 0001:00005c62   571 0001:00005ca1   572 0001:00005cd4   573 0001:00005d06
   575 0001:00005d24   576 0001:00005d35   578 0001:00005d49   579 0001:00005d75
   580 0001:00005da8   583 0001:00005dc9   584 0001:00005df2   585 0001:00005e24
   587 0001:00005e45   588 0001:00005e5b   589 0001:00005e5e   627 0001:00005ec0
   629 0001:00005edf   630 0001:00005eec   635 0001:00005ef9   636 0001:00005f02
   637 0001:00005f1c   651 0001:00005f44   653 0001:00005f65   654 0001:00005f73
   659 0001:00005f83   660 0001:00005f93   664 0001:00005fa3   665 0001:00005fc4
   668 0001:00005fd8   669 0001:00005ff4   672 0001:00005ffd   674 0001:00006012
   675 0001:00006024   676 0001:00006035   679 0001:0000603a   680 0001:00006049
   683 0001:00006057   684 0001:00006065   685 0001:00006076   686 0001:00006086
   687 0001:000060a4   711 0001:000060c1   715 0001:00006176   716 0001:000061a0
   717 0001:000061b6   718 0001:000061bf   719 0001:000061c6   720 0001:000061cd
   732 0001:000061d4   733 0001:000061da   734 0001:000061e7   739 0001:000061ed
   740 0001:0000623e   741 0001:00006259   742 0001:0000627f   744 0001:00006296
   746 0001:000062b0   747 0001:000062c1   749 0001:000062d2   750 0001:000062de
   751 0001:00006310   754 0001:00006315   755 0001:00006325   757 0001:00006336
   758 0001:00006342   762 0001:00006373   765 0001:000063a1   767 0001:000063ad
   769 0001:000063d3   773 0001:000063fb   779 0001:00006422   780 0001:00006431
   781 0001:00006455   782 0001:00006473   785 0001:00006478   786 0001:0000647c
   788 0001:0000648d   801 0001:000064a0   802 0001:000064f0   828 0001:000064f9
   832 0001:00006513   834 0001:0000651e   835 0001:0000652e   837 0001:00006536
   839 0001:0000653b   845 0001:00006556   849 0001:0000655b   851 0001:00006566
   852 0001:00006576   862 0001:0000657e   866 0001:00006583   868 0001:0000658e
   869 0001:0000659e   880 0001:000065a6   884 0001:000065ab   886 0001:000065b6
   887 0001:000065c6   896 0001:000065ce   904 0001:000065d3   906 0001:000065ef
   921 0001:0000661f   922 0001:000066d3   923 0001:000066e8   925 0001:000066f6
   938 0001:00006710   939 0001:00006745   940 0001:00006754   941 0001:00006763
   942 0001:00006772   944 0001:00006781   946 0001:0000678c   951 0001:00006791
   954 0001:000067ba   955 0001:000067fa   956 0001:0000680f   957 0001:0000681d
   967 0001:00006830   968 0001:00006862   969 0001:00006877   970 0001:00006885
   979 0001:0000689e   981 0001:000068a9   986 0001:000068ae   989 0001:000068d7
   990 0001:0000691d   991 0001:00006932   992 0001:00006940  1002 0001:00006953
  1003 0001:00006985  1004 0001:0000699a  1005 0001:000069a8  1014 0001:000069bb
  1015 0001:000069f3  1016 0001:00006a08  1017 0001:00006a16  1026 0001:00006a29
  1027 0001:00006a5b  1028 0001:00006a70  1029 0001:00006a7e  1038 0001:00006a91
  1039 0001:00006ac9  1040 0001:00006ade  1041 0001:00006aec  1051 0001:00006aff
  1052 0001:00006b31  1053 0001:00006b46  1054 0001:00006b54  1064 0001:00006b67
  1065 0001:00006b9f  1066 0001:00006bb4  1067 0001:00006bc2  1076 0001:00006bd5
  1077 0001:00006c07  1078 0001:00006c1c  1079 0001:00006c2a  1094 0001:00006c43
  1096 0001:00006c4e  1100 0001:00006c53  1101 0001:00006c6f  1102 0001:00006c7e
  1104 0001:00006ca2  1113 0001:00006cc1  1129 0001:00006cc6  1130 0001:00006cd9
  1141 0001:00006cde  1142 0001:00006cf0  1143 0001:00006d0c  1145 0001:00006d28
  1147 0001:00006d37  1148 0001:00006d5b  1149 0001:00006d7f  1150 0001:00006da3
  1153 0001:00006dc7  1305 0001:00006dd6  1306 0001:00006de5  1161 0001:00006dea
  1163 0001:00006df9  1165 0001:00006e2d  1166 0001:00006e59  1168 0001:00006e67
  1182 0001:00006e88  1183 0001:00006ec6  1184 0001:00006edb  1185 0001:00006ee9
  1194 0001:00006efc  1195 0001:00006f34  1196 0001:00006f49  1197 0001:00006f57
  1206 0001:00006f6a  1207 0001:00006f9c  1208 0001:00006fb1  1209 0001:00006fbf
  1219 0001:00006fda  1221 0001:00007003  1223 0001:00007010  1227 0001:00007015
  1228 0001:00007039  1230 0001:0000704c  1231 0001:0000705f  1305 0001:00007074
  1306 0001:0000707f  1239 0001:00007084  1241 0001:0000709b  1242 0001:000070a6
  1305 0001:000070bb  1306 0001:000070c6  1250 0001:000070cb  1252 0001:000070ec
  1253 0001:000070f7  1255 0001:000070fc  1259 0001:000070fe  1261 0001:00007117
  1263 0001:0000713f  1265 0001:0000714c  1270 0001:00007151  1272 0001:00007166
  1274 0001:0000718e  1276 0001:00007193  1282 0001:00007198  1283 0001:000071bc
  1285 0001:000071cd  1287 0001:000071da  1291 0001:000071df  1292 0001:00007203
  1294 0001:0000720d  1296 0001:00007212  1301 0001:00007214  1302 0001:00007221
  1304 0001:00007255  1305 0001:0000726a  1306 0001:00007275  1311 0001:0000727a
  1312 0001:000072a6  1313 0001:000072ca  1316 0001:000072ee  1318 0001:000072fc
  1321 0001:00007306  1322 0001:00007317  1323 0001:00007330  1329 0001:0000733e
  1331 0001:00007350  1332 0001:0000735b  1334 0001:0000735f  1336 0001:0000736c
  1337 0001:00007377  1339 0001:0000737b  1341 0001:00007388  1342 0001:00007393
  1346 0001:00007397  1348 0001:00007399  1349 0001:000073a4  1350 0001:000073af
[...]
    71 0001:00004494    72 0001:000044ae    73 0001:000044c8    74 0001:000044eb
    75 0001:00004500    76 0001:00004505    80 0001:00004511    81 0001:00004547
    82 0001:00004572    84 0001:00004597    85 0001:000045a0    88 0001:000045e6
    90 0001:00004607    91 0001:00004615    93 0001:00004620    94 0001:00004628
    98 0001:00004633    99 0001:00004648   101 0001:00004650   102 0001:00004659
   103 0001:0000466e   104 0001:000046c6   105 0001:000046d2   106 0001:000046dc
   108 0001:000046ed   109 0001:000046f8   111 0001:00004729

Line numbers for .\Release\IniEx.obj(C:\Program Files\Microsoft Visual Studio\VC98\MFC\INCLUDE\afx.inl) segment .text

    51 0001:00004060    82 0001:000040b0

Line numbers for .\Release\IniEx.obj(Z:\myoung\Docugate Sources\Docugate (DGC App Release 7.3)\IniEx.cpp) segment .text

    21 0001:00003a90    22 0001:00003aeb    31 0001:00003aef    34 0001:00003b50
    35 0001:00003b75    36 0001:00003b84    37 0001:00003b9d    38 0001:00003ba4
   294 0001:00003c00   295 0001:00003c20   296 0001:00003c40   298 0001:00003c4d
   300 0001:00003c5e   302 0001:00003c66   305 0001:00003c6d   309 0001:00003c7b
   310 0001:00003c84   315 0001:00003c9f   318 0001:00003cb8   319 0001:00003cc1
   321 0001:00003cd1   323 0001:00003cf8   324 0001:00003d2d   326 0001:00003d41
   327 0001:00003d4c   332 0001:00003d58   334 0001:00003df8   319 0001:00003e1c
   339 0001:00003e2d   340 0001:00003e36   343 0001:00003e73   364 0001:00003e90
   367 0001:00003eae   368 0001:00003ec2   369 0001:00003ed2   370 0001:00003ee5
   371 0001:00003ef9   374 0001:00003f07   377 0001:00003f21   379 0001:00003f35
   380 0001:00003f47   382 0001:00003f61   384 0001:00003f82   388 0001:00003fc0
   389 0001:00003fc4   390 0001:00003fd2   391 0001:00003fdb   393 0001:00003fe9
   395 0001:00003fef   396 0001:00003ff9   397 0001:00004000   398 0001:0000400a
   400 0001:00004016   401 0001:0000401f   405 0001:0000402c   407 0001:0000403d
   408 0001:0000404d   410 0001:00004053

Line numbers for .\Release\Discovery.obj(Z:\myoung\Docugate Sources\Docugate (DGC App Release 7.3)\Discovery.cpp) segment .text

    21 0001:000039c0    23 0001:000039c7    26 0001:000039d7    29 0001:000039fd
    31 0001:00003a04    33 0001:00003a1c    35 0001:00003a25    37 0001:00003a3b
    46 0001:00003a77    45 0001:00003a7e    46 0001:00003a81

Line numbers for .\Release\Database.obj(C:\Program Files\Microsoft Visual Studio\VC98\MFC\INCLUDE\afxmt.inl) segment .text

    38 0001:000039a0

Line numbers for .\Release\Database.obj(C:\Program Files\Microsoft Visual Studio\VC98\MFC\INCLUDE\afxcoll.inl) segment .text

   222 0001:00001b30   223 0001:00001b31

Line numbers for .\Release\Database.obj(Z:\myoung\Docugate Sources\Docugate (DGC App Release 7.3)\Database.cpp) segment .text

     3 0001:00000950     6 0001:00000980     7 0001:0000099d    10 0001:00000a00
    11 0001:00000a62    12 0001:00000a6e    13 0001:00000a7a    14 0001:00000a86
    50 0001:00000aa0    53 0001:00000abe    56 0001:00000ad7    62 0001:00000ae5
    63 0001:00000af1    64 0001:00000b02    65 0001:00000b04    67 0001:00000b19
    68 0001:00000b2b    70 0001:00000b40    73 0001:00000b4b    74 0001:00000b53
    76 0001:00000b5f    78 0001:00000b72    79 0001:00000b82    81 0001:00000b95
    82 0001:00000ba7    84 0001:00000bc3    85 0001:00000bd5    87 0001:00000bec
    88 0001:00000c03    90 0001:00000c19    91 0001:00000c30    93 0001:00000c47
    94 0001:00000c5e    96 0001:00000c75    97 0001:00000c8c    99 0001:00000ca2
   100 0001:00000cb6   102 0001:00000ccd   103 0001:00000ce1   105 0001:00000cf8
   106 0001:00000d0c   109 0001:00000d34   113 0001:00000d37   114 0001:00000d6b
   116 0001:00000d88   117 0001:00000d97   119 0001:00000da2   122 0001:00000da4
   123 0001:00000dac   124 0001:00000dc5   125 0001:00000dd6   126 0001:00000ddd
   128 0001:00000df2   129 0001:00000e13   133 0001:00000e40   135 0001:00000e5e
   137 0001:00000e75   138 0001:00000e80   143 0001:00000e8c   144 0001:00000ea8
   145 0001:00000ec0   147 0001:00000ece   148 0001:00000ee3   152 0001:00000eec
   153 0001:00000ef4   154 0001:00000f00   155 0001:00000f06   157 0001:00000f1d
   158 0001:00000f2d   160 0001:00000f3d   161 0001:00000f4f   162 0001:00000f65
   163 0001:00000f77   164 0001:00000f8d   165 0001:00000f9f   166 0001:00000fb8
   167 0001:00000fca   168 0001:00000fe3   169 0001:00000ff5   155 0001:00001008
   172 0001:0000100e   173 0001:0000102d   176 0001:0000103e   178 0001:00001058
   179 0001:0000106a   184 0001:0000107b   185 0001:0000108a   196 0001:00001095
   190 0001:000010d5   191 0001:000010dd   192 0001:000010f6   193 0001:00001107
   194 0001:0000110e   202 0001:00001120   209 0001:0000113e   211 0001:0000115a
   212 0001:00001171   214 0001:00001176   215 0001:00001186   218 0001:00001197
   219 0001:000011a6   221 0001:000011b1   232 0001:000011bf   225 0001:000011d4
   226 0001:000011dc   227 0001:000011f5   228 0001:00001206   229 0001:0000120d
   235 0001:00001220   236 0001:00001224   237 0001:00001236   238 0001:00001245
   241 0001:00001250   244 0001:00001273   245 0001:00001275   249 0001:0000128d
   250 0001:00001290   251 0001:000012a9   262 0001:000012ae   255 0001:000012c1
   256 0001:000012da   257 0001:000012ec   258 0001:00001300   259 0001:00001307
   262 0001:0000130d   266 0001:00001330   272 0001:0000134e   273 0001:00001354
   275 0001:0000136f   279 0001:00001371   280 0001:000013a9   281 0001:000013bd
   282 0001:000013c4   285 0001:000013cd   313 0001:000013f0   316 0001:00001411
   321 0001:00001421   322 0001:00001439   323 0001:0000144b   325 0001:00001464
   326 0001:00001473   328 0001:0000147e   329 0001:0000148d   331 0001:0000148f
   333 0001:00001491   334 0001:000014c4   335 0001:000014d8   336 0001:000014df
   338 0001:000014e8   340 0001:000014f7   344 0001:00001510   348 0001:0000152e
   349 0001:00001545   361 0001:0000154a   355 0001:0000155f   356 0001:00001590
   357 0001:000015a4   358 0001:000015ab   364 0001:000015c0   368 0001:000015de
   369 0001:000015f5   381 0001:000015fa   375 0001:0000160f   376 0001:00001640
   377 0001:00001654   378 0001:0000165b   386 0001:00001670   388 0001:0000168e
   389 0001:000016a3   394 0001:000016b2   395 0001:000016ce   397 0001:000016e7
   399 0001:000016f2   400 0001:000016fa   401 0001:00001724   402 0001:00001744
   403 0001:0000176a   404 0001:0000178a   405 0001:000017a4   406 0001:000017ca
   408 0001:000017d6   409 0001:000017e5   420 0001:000017f0   413 0001:00001824
   414 0001:0000182c   415 0001:00001845   416 0001:00001856   417 0001:0000185d
   423 0001:00001870   425 0001:0000188e   426 0001:000018a3   431 0001:000018b2
   433 0001:000018cd   434 0001:000018d4   436 0001:000018fa   437 0001:00001909
   448 0001:00001914   442 0001:00001948   443 0001:00001950   444 0001:00001969
   445 0001:0000197a   446 0001:00001981   452 0001:000019a0   455 0001:000019be
   456 0001:000019d3   461 0001:000019e2   462 0001:000019ff   464 0001:00001a18
   466 0001:00001a1f   468 0001:00001a27   469 0001:00001a3c   471 0001:00001a4f
   472 0001:00001a60   473 0001:00001a6d   475 0001:00001a75   477 0001:00001a8c
   478 0001:00001a9b   489 0001:00001aa6   483 0001:00001ada   484 0001:00001ae2
   485 0001:00001afb   486 0001:00001b0c   487 0001:00001b13   492 0001:00001b60
   495 0001:00001b7e   496 0001:00001b93   501 0001:00001ba2   502 0001:00001bbf
   504 0001:00001bd8   506 0001:00001bdf   509 0001:00001be7   510 0001:00001bfc
   512 0001:00001c0f   513 0001:00001c20   514 0001:00001c2d   515 0001:00001c35
   517 0001:00001c4c   518 0001:00001c5b   530 0001:00001c66   524 0001:00001c9a
   525 0001:00001ca2   526 0001:00001cbb   527 0001:00001ccc   528 0001:00001cd3
   533 0001:00001cf0   535 0001:00001d0e   536 0001:00001d23   541 0001:00001d32
   542 0001:00001d45   544 0001:00001d5e   546 0001:00001d65   550 0001:00001d6d
   551 0001:00001d82   553 0001:00001d92   554 0001:00001da9   555 0001:00001db6
   556 0001:00001dbe   558 0001:00001dd5   559 0001:00001de4   570 0001:00001def
   564 0001:00001e23   565 0001:00001e2b   566 0001:00001e44   567 0001:00001e55
   568 0001:00001e5c   576 0001:00001e70   578 0001:00001e8e   579 0001:00001ea3
   584 0001:00001eb2   585 0001:00001ed2   587 0001:00001eeb   589 0001:00001ef6
   590 0001:00001efe   591 0001:00001f28   592 0001:00001f48   593 0001:00001f6b
   594 0001:00001f8f   595 0001:00001faf   596 0001:00001fcf   598 0001:00001fda
   599 0001:00001fe9   610 0001:00001ff4   604 0001:00002028   605 0001:00002030
   606 0001:00002049   607 0001:0000205a   608 0001:00002061   653 0001:00002080
   655 0001:0000209e   656 0001:000020b5   657 0001:000020c0   659 0001:000020d1
   660 0001:000020e5   688 0001:00002113   670 0001:00002126   671 0001:00002139
   672 0001:00002152   674 0001:00002162   675 0001:00002171   678 0001:0000217c
   680 0001:0000217e   681 0001:00002186   682 0001:0000219f   683 0001:000021b0
   684 0001:000021b7   686 0001:000021cb   688 0001:0000220a   691 0001:00002220
   693 0001:0000223e   694 0001:00002255   695 0001:00002260   697 0001:00002271
   698 0001:00002288   723 0001:000022b6   705 0001:000022c9   706 0001:000022e0
   707 0001:000022f9   709 0001:00002309   710 0001:00002318   713 0001:00002323
   715 0001:00002325   716 0001:0000232d   717 0001:00002346   718 0001:00002357
   719 0001:0000235e   721 0001:00002372   723 0001:000023b1   728 0001:000023d0
   730 0001:000023ee   731 0001:00002405   738 0001:00002410   739 0001:00002429
   741 0001:00002442   743 0001:0000244b   744 0001:00002453   746 0001:00002456
   747 0001:00002470   748 0001:0000247a   749 0001:00002490   751 0001:0000249a
   752 0001:000024ab   753 0001:000024b5   754 0001:000024cb   756 0001:000024d5
   757 0001:000024e5   758 0001:000024ef   759 0001:00002505   761 0001:0000250f
   762 0001:00002520   763 0001:0000252a   764 0001:00002540   766 0001:0000254a
   767 0001:0000256e   771 0001:0000257e   772 0001:0000258d   775 0001:00002598
   779 0001:000025af   780 0001:000025c1   781 0001:000025d4   783 0001:000025de
   784 0001:000025ea   785 0001:000025fd   787 0001:00002607   788 0001:00002613
   789 0001:00002626   791 0001:00002630   792 0001:0000263c   793 0001:0000264f
   798 0001:00002655   801 0001:00002657   802 0001:00002666   803 0001:0000267f
   804 0001:00002690   805 0001:00002697   792 0001:000026ad   809 0001:000026af
   812 0001:000026cc   817 0001:000026f0   819 0001:0000270e   820 0001:00002723
   827 0001:00002732   828 0001:00002741   829 0001:00002757   830 0001:00002759
   833 0001:0000276b   835 0001:00002781   837 0001:00002788   838 0001:00002790
   839 0001:000027a5   840 0001:000027be   842 0001:000027c9   843 0001:000027d8
   855 0001:000027e3   848 0001:00002817   849 0001:0000281f   850 0001:00002838
   851 0001:00002849   852 0001:00002850   859 0001:00002870   862 0001:0000288e
   863 0001:000028a3   870 0001:000028b2   872 0001:000028c9   874 0001:000028e2
   876 0001:000028e9   877 0001:000028f1   878 0001:00002913   880 0001:00002924
   881 0001:00002933   892 0001:0000293e   886 0001:00002972   887 0001:0000297a
   888 0001:00002993   889 0001:000029a4   890 0001:000029ab   931 0001:000029c0
   952 0001:000029d6   955 0001:000029f0   957 0001:00002a0e   961 0001:00002a19
   962 0001:00002a43   972 0001:00002a52   973 0001:00002a5d   966 0001:00002a7f
   967 0001:00002a87   968 0001:00002aa0   969 0001:00002ab1   970 0001:00002ab8
   977 0001:00002ad0   979 0001:00002aee   983 0001:00002af9   984 0001:00002b28
   994 0001:00002b37   988 0001:00002b59   989 0001:00002b61   990 0001:00002b7a
   991 0001:00002b8b   992 0001:00002b92   998 0001:00002bb0  1000 0001:00002bce
  1005 0001:00002bd9  1014 0001:00002bf5  1015 0001:00002c16  1031 0001:00002c25
  1008 0001:00002c47  1022 0001:00002c5f  1024 0001:00002c61  1025 0001:00002c69
  1026 0001:00002c82  1027 0001:00002c93  1029 0001:00002c9a  1035 0001:00002cb0
  1036 0001:00002cd1  1047 0001:00002cdc  1051 0001:00002d35  1062 0001:00002d48
  1055 0001:00002d6a  1056 0001:00002d80  1057 0001:00002d9c  1058 0001:00002db0
  1059 0001:00002db7  1066 0001:00002dc0  1068 0001:00002de1  1069 0001:00002dec
  1070 0001:00002dfb  1075 0001:00002e1e  1079 0001:00002e46  1088 0001:00002e59
  1083 0001:00002e8a  1084 0001:00002ea0  1085 0001:00002ebc  1086 0001:00002ed0
  1087 0001:00002ed7  1093 0001:00002ee0  1094 0001:00002f01  1100 0001:00002f0c
  1104 0001:00002f46  1115 0001:00002f59  1108 0001:00002f7b  1109 0001:00002f91
  1110 0001:00002fad  1111 0001:00002fc1  1112 0001:00002fc8  1126 0001:00002fd0
  1133 0001:00002fe0  1137 0001:00002ffe  1147 0001:00003018  1141 0001:0000302b
  1142 0001:00003041  1143 0001:0000305d  1144 0001:00003071  1145 0001:00003078
  1151 0001:00003080  1153 0001:000030a1  1157 0001:000030ac  1158 0001:000030c9
  1171 0001:000030d8  1163 0001:000030fa  1164 0001:00003110  1165 0001:0000312e
  1166 0001:0000313f  1167 0001:00003151  1168 0001:00003165  1169 0001:0000316c
  1175 0001:00003180  1179 0001:000031a1  1180 0001:000031a3  1181 0001:000031b1
  1182 0001:000031c7  1183 0001:000031d6  1193 0001:000031e1  1186 0001:000031f4
  1187 0001:0000320a  1188 0001:00003226  1189 0001:0000323a  1190 0001:00003241
  1197 0001:00003250  1200 0001:0000326e  1201 0001:00003285  1202 0001:00003290
  1208 0001:0000329c  1209 0001:000032b5  1210 0001:000032ce  1212 0001:000032de
  1213 0001:000032ed  1215 0001:000032f8  1221 0001:0000330d  1223 0001:0000330f
  1224 0001:00003317  1225 0001:00003330  1226 0001:00003341  1227 0001:00003348
  1230 0001:0000335f  1233 0001:0000338b  1284 0001:000033a0  1286 0001:000033be
  1290 0001:000033c9  1291 0001:000033ec  1293 0001:000033fd  1294 0001:0000340f
  1295 0001:00003421  1306 0001:0000342c  1300 0001:0000344e  1301 0001:00003456
  1302 0001:0000346f  1303 0001:00003480  1304 0001:00003487  1310 0001:000034a0
  1312 0001:000034be  1316 0001:000034c9  1317 0001:000034ec  1319 0001:000034fd
  1320 0001:0000350c  1332 0001:0000351a  1326 0001:0000353c  1327 0001:00003544
  1328 0001:0000355d  1329 0001:0000356e  1330 0001:00003575  1336 0001:00003590
  1338 0001:000035ae  1343 0001:000035b9  1344 0001:000035dc  1346 0001:000035ed
  1347 0001:000035fc  1361 0001:0000360a  1354 0001:0000362c  1355 0001:00003634
  1356 0001:0000364d  1357 0001:0000365e  1359 0001:00003665  1364 0001:00003680
  1366 0001:0000369e  1369 0001:000036a9  1370 0001:000036cc  1371 0001:000036dd
  1372 0001:000036ec  1383 0001:000036fa  1377 0001:0000371c  1378 0001:00003724
  1379 0001:0000373d  1380 0001:0000374e  1381 0001:00003755  1388 0001:00003770
  1390 0001:00003791  1391 0001:0000379c  1392 0001:000037b2  1396 0001:000037be
  1397 0001:000037d9  1408 0001:000037e7  1402 0001:00003827  1403 0001:0000382f
  1404 0001:00003848  1405 0001:00003859  1406 0001:00003860  1412 0001:00003880
  1414 0001:0000389e  1418 0001:000038a9  1419 0001:000038c2  1420 0001:000038d3
  1421 0001:000038e1  1422 0001:000038ef  1423 0001:000038fd  1424 0001:0000390b
  1425 0001:00003919  1436 0001:00003927  1438 0001:00003936  1430 0001:0000394b
  1431 0001:00003953  1432 0001:0000396c  1433 0001:0000397d  1434 0001:00003984

Line numbers for .\Release\ActiveAccounts.obj(C:\Program Files\Microsoft Visual Studio\VC98\MFC\INCLUDE\afxmt.inl) segment .text

    42 0001:000008f0    46 0001:00000910    48 0001:00000930

Line numbers for .\Release\ActiveAccounts.obj(C:\Program Files\Microsoft Visual Studio\VC98\MFC\INCLUDE\afxmt.h) segment .text

    67 0001:000008c0

Line numbers for .\Release\ActiveAccounts.obj(C:\Program Files\Microsoft Visual Studio\VC98\MFC\INCLUDE\afx.inl) segment .text

    37 0001:000008a0    39 0001:000008b0

Line numbers for .\Release\ActiveAccounts.obj(Z:\myoung\Docugate Sources\Docugate (DGC App Release 7.3)\ActiveAccounts.cpp) segment .text

    21 0001:000006d0    22 0001:0000071f    23 0001:00000731    27 0001:00000770
    28 0001:00000794    30 0001:000007a6    38 0001:000007f0    43 0001:000007f4
    44 0001:000007f6    45 0001:00000800    46 0001:0000080e    47 0001:00000812
    48 0001:00000817    49 0001:00000820    51 0001:00000824    58 0001:00000830
    61 0001:00000833    62 0001:0000083d    64 0001:0000084a    65 0001:00000853
    66 0001:00000856    73 0001:00000860    78 0001:00000864    79 0001:0000086e
    80 0001:0000087f    81 0001:00000883    82 0001:0000088b    84 0001:00000895
    85 0001:00000898

Line numbers for .\Release\ActivationTimer.obj(Z:\myoung\Docugate Sources\Docugate (DGC App Release 7.3)\ActivationTimer.cpp) segment .text

    40 0001:00000000    46 0001:00000002    48 0001:00000009    49 0001:00000014
    50 0001:00000017    53 0001:00000040    57 0001:00000044    64 0001:00000059
    65 0001:00000063    67 0001:0000006f    68 0001:0000007a    79 0001:00000080
    82 0001:00000092    83 0001:00000095    84 0001:00000098    93 0001:0000009b
    89 0001:000000a2    90 0001:000000bb    92 0001:000000be    93 0001:000000c5
    89 0001:000000cc    92 0001:000000ce    93 0001:000000db    97 0001:00000110
    98 0001:00000113   100 0001:00000131   101 0001:00000138   109 0001:0000013e
   110 0001:00000146   104 0001:00000149   105 0001:0000014f   106 0001:00000155
   109 0001:00000158   110 0001:00000160   114 0001:00000170   116 0001:00000181
   118 0001:00000191   119 0001:00000198   121 0001:0000019e   122 0001:000001a5
   124 0001:000001ab   125 0001:000001b0   127 0001:000001b6   128 0001:000001bb
   130 0001:000001c1   131 0001:000001c9   135 0001:000001d3   134 0001:000001d8
   135 0001:000001dc   138 0001:000001e0   140 0001:000001e3   144 0001:000001f0
   146 0001:000001fa   149 0001:000001fe   150 0001:0000020d   157 0001:0000021c
   156 0001:0000021f   157 0001:00000221   161 0001:00000230   165 0001:0000023d
   166 0001:00000240   167 0001:00000244   170 0001:0000024a   163 0001:0000024d
   170 0001:0000024f   173 0001:00000260   174 0001:00000266   177 0001:00000269
   180 0001:0000026e   182 0001:00000271   184 0001:0000027d   186 0001:00000282
   197 0001:00000290   200 0001:00000298   202 0001:000002b0   206 0001:000002ea
   209 0001:00000330   210 0001:00000336   211 0001:00000343   215 0001:00000350
   216 0001:00000355   219 0001:00000374   220 0001:0000037c   222 0001:00000385
   223 0001:00000392   225 0001:000003a3   236 0001:000003b0   237 0001:000003c6
   246 0001:000003e3   248 0001:00000407   250 0001:0000040d   251 0001:00000410
   246 0001:00000412   248 0001:00000414   250 0001:0000041a   251 0001:0000041d
   239 0001:0000041f   240 0001:00000422   241 0001:00000425   251 0001:00000428
   254 0001:00000460   258 0001:0000046d   260 0001:00000470   261 0001:00000474
   264 0001:0000047a   256 0001:0000047d   264 0001:0000047f   273 0001:00000490
   275 0001:0000049d   322 0001:000004a0   324 0001:000004aa   325 0001:000004b1
   328 0001:000004c0   329 0001:000004c6   332 0001:000004c9   335 0001:000004ce
   337 0001:000004d1   339 0001:000004dd   341 0001:000004e2   352 0001:000004f0
   353 0001:00000508   364 0001:00000523   369 0001:0000054f   370 0001:00000575
   355 0001:00000577   356 0001:000005a0   357 0001:000005a6   358 0001:000005ac
   359 0001:000005b2   370 0001:000005b8   373 0001:000005f0   374 0001:000005f6
   376 0001:000005fb   377 0001:0000060b   439 0001:00000610   444 0001:00000623
   446 0001:00000638   447 0001:00000644   449 0001:00000647   451 0001:00000649
   441 0001:0000064b   457 0001:00000657   458 0001:0000065b   461 0001:00000669
   460 0001:0000066a   461 0001:0000067f   479 0001:00000680   481 0001:0000068e
   482 0001:00000698   486 0001:000006a0   488 0001:000006ba   492 0001:000006c0
   494 0001:000006c5

 48 bytes saved through ICF

