 DGC_MCR

 Timestamp is 4eeae3f9 (Thu Dec 15 23:23:53 2011)

 Preferred load address is 00400000

 Start         Length     Name                   Class
 0001:00000000 0000ab20H .text                   CODE
 0001:0000ab20 00000900H .text$x                 CODE
 0002:00000000 00000224H .idata$5                DATA
 0002:00000228 000000ecH .rdata                  DATA
 0002:00000318 00000044H .rdata$r                DATA
 0002:00000360 00001330H .xdata$x                DATA
 0002:00001690 0000008cH .idata$2                DATA
 0002:0000171c 00000014H .idata$3                DATA
 0002:00001730 00000224H .idata$4                DATA
 0002:00001954 00000532H .idata$6                DATA
 0002:00001e86 00000000H .edata                  DATA
 0003:00000000 00000004H .CRT$XCA                DATA
 0003:00000004 00000030H .CRT$XCU                DATA
 0003:00000034 00000004H .CRT$XCZ                DATA
 0003:00000038 00000004H .CRT$XIA                DATA
 0003:0000003c 00000004H .CRT$XIZ                DATA
 0003:00000040 000030d4H .data                   DATA
 0003:00003118 00011104H .bss                    DATA
 0004:00000000 000000a0H .rsrc$01                DATA
 0004:000000a0 00000340H .rsrc$02                DATA

  Address         Publics by Value              Rva+Base     Lib:Object

 0001:00000000       ??0Thread@@IAE@PAX@Z       00401000 f   ActivationTimer.obj
 0001:00000020       ??_EThread@@MAEPAXI@Z      00401020 f i ActivationTimer.obj
 0001:00000020       ??_GThread@@MAEPAXI@Z      00401020 f i ActivationTimer.obj
 0001:00000040       ??1Thread@@MAE@XZ          00401040 f   ActivationTimer.obj
 0001:00000080       ??0ThreadList@@IAE@PAX@Z   00401080 f   ActivationTimer.obj
 0001:000000f0       ??_EThreadList@@MAEPAXI@Z  004010f0 f i ActivationTimer.obj
 0001:000000f0       ??_GThreadList@@MAEPAXI@Z  004010f0 f i ActivationTimer.obj
 0001:00000110       ?AppendThread@ThreadList@@IAEHPAX@Z 00401110 f   ActivationTimer.obj
 0001:00000170       ?CloseThreadObject@ThreadList@@IAEHH@Z 00401170 f   ActivationTimer.obj
 0001:000001e0       ?GetNumOfThreads@ThreadList@@IBEHXZ 004011e0 f   ActivationTimer.obj
 0001:000001f0       ?IsThreadActive@ThreadList@@IBE_NH@Z 004011f0 f   ActivationTimer.obj
 0001:00000230       ??AThreadList@@IBEPAUThread@@H@Z 00401230 f   ActivationTimer.obj
 0001:00000260       ??1ThreadList@@MAE@XZ      00401260 f   ActivationTimer.obj
 0001:00000290       ??0Task@@IAE@KPAX0@Z       00401290 f   ActivationTimer.obj
 0001:00000310       ??_ETask@@MAEPAXI@Z        00401310 f i ActivationTimer.obj
 0001:00000310       ??_GTask@@MAEPAXI@Z        00401310 f i ActivationTimer.obj
 0001:00000330       ??1Task@@MAE@XZ            00401330 f   ActivationTimer.obj
 0001:00000350       ?Execute@Task@@IAEXXZ      00401350 f   ActivationTimer.obj
 0001:000003b0       ??0TaskList@@IAE@KPAX0@Z   004013b0 f   ActivationTimer.obj
 0001:00000440       ??_ETaskList@@MAEPAXI@Z    00401440 f i ActivationTimer.obj
 0001:00000440       ??_GTaskList@@MAEPAXI@Z    00401440 f i ActivationTimer.obj
 0001:00000460       ??ATaskList@@IBEPAVTask@@H@Z 00401460 f   ActivationTimer.obj
 0001:00000490       ?GetTaskTimeout@TaskList@@IBEKH@Z 00401490 f   ActivationTimer.obj
 0001:000004a0       ?CallTask@TaskList@@IAEXH@Z 004014a0 f   ActivationTimer.obj
 0001:000004c0       ??1TaskList@@MAE@XZ        004014c0 f   ActivationTimer.obj
 0001:000004f0       ??0ActivationTimer@@QAE@KPAX0@Z 004014f0 f   ActivationTimer.obj
 0001:000005d0       ??_EActivationTimer@@UAEPAXI@Z 004015d0 f i ActivationTimer.obj
 0001:000005d0       ??_GActivationTimer@@UAEPAXI@Z 004015d0 f i ActivationTimer.obj
 0001:000005f0       ??1ActivationTimer@@UAE@XZ 004015f0 f   ActivationTimer.obj
 0001:00000610       ?ExecAppropriateFunc@ActivationTimer@@KAXXZ 00401610 f   ActivationTimer.obj
 0001:00000680       ?Halt@ActivationTimer@@QAEXXZ 00401680 f   ActivationTimer.obj
 0001:000006a0       ?Restart@ActivationTimer@@QAEXXZ 004016a0 f   ActivationTimer.obj
 0001:000006c0       ?TimerProc@ActivationTimer@@KGXPAUHWND__@@IIK@Z 004016c0 f   ActivationTimer.obj
 0001:000006d0       ??0CActiveAccounts@@QAE@XZ 004016d0 f   ActiveAccounts.obj
 0001:00000750       ??_ECActiveAccounts@@UAEPAXI@Z 00401750 f i ActiveAccounts.obj
 0001:00000750       ??_GCActiveAccounts@@UAEPAXI@Z 00401750 f i ActiveAccounts.obj
 0001:00000770       ??1CActiveAccounts@@UAE@XZ 00401770 f   ActiveAccounts.obj
 0001:000007f0       ?IsAccountActive@CActiveAccounts@@QAEHPAD@Z 004017f0 f   ActiveAccounts.obj
 0001:00000830       ?AddActiveAccount@CActiveAccounts@@QAEHPAD@Z 00401830 f   ActiveAccounts.obj
 0001:00000860       ?RemoveActiveAccount@CActiveAccounts@@QAEHPAD@Z 00401860 f   ActiveAccounts.obj
 0001:000008a0       ?AssertValid@CObject@@UBEXXZ 004018a0 f i ActiveAccounts.obj
 0001:000008b0       ?Serialize@CObject@@UAEXAAVCArchive@@@Z 004018b0 f i ActiveAccounts.obj
 0001:000008b0       ?Dump@CObject@@UBEXAAVCDumpContext@@@Z 004018b0 f i ActiveAccounts.obj
 0001:000008c0       ?Unlock@CSyncObject@@UAEHJPAJ@Z 004018c0 f i ActiveAccounts.obj
 0001:000008d0       ??_ECCriticalSection@@UAEPAXI@Z 004018d0 f i ActiveAccounts.obj
 0001:000008d0       ??_GCCriticalSection@@UAEPAXI@Z 004018d0 f i ActiveAccounts.obj
 0001:000008f0       ??1CCriticalSection@@UAE@XZ 004018f0 f i ActiveAccounts.obj
 0001:00000910       ?Lock@CCriticalSection@@UAEHK@Z 00401910 f i ActiveAccounts.obj
 0001:00000930       ?Unlock@CCriticalSection@@UAEHXZ 00401930 f i ActiveAccounts.obj
 0001:00000980       ??1CMyDatabase@@QAE@XZ     00401980 f   Database.obj
 0001:00000a00       ??0CMyDatabase@@QAE@XZ     00401a00 f   Database.obj
 0001:00000aa0       ?ReadStationsFromTable@CMyDatabase@@QAEHAAVCDatabase@@@Z 00401aa0 f   Database.obj
 0001:00000e70       ??1CODBCFieldInfo@@QAE@XZ  00401e70 f i Database.obj
 0001:00000e80       ?GetStationCustomPL@CMyDatabase@@QAEXAAU_TagStation@@AAVCDatabase@@H@Z 00401e80 f   Database.obj
 0001:00001160       ?GetUnitOrCurrency@CMyDatabase@@QAEHAAVCDatabase@@@Z 00402160 f   Database.obj
 0001:00001260       ?ReadIni@CMyDatabase@@QAE?AVCString@@XZ 00402260 f   Database.obj
 0001:00001290       ?OpenConnection@CMyDatabase@@QAEHAAVCDatabase@@@Z 00402290 f   Database.obj
 0001:00001370       ?OpenConnection@CMyDatabase@@QAEHAAVCDatabase@@H@Z 00402370 f   Database.obj
 0001:00001430       ?CheckHandle@CMyDatabase@@QAEHAAVCDatabase@@H@Z 00402430 f   Database.obj
 0001:00001550       ?CloseConnection@CMyDatabase@@QAEHAAVCDatabase@@H@Z 00402550 f   Database.obj
 0001:00001600       ?CloseConnection@CMyDatabase@@QAEHAAVCDatabase@@@Z 00402600 f   Database.obj
 0001:000016b0       ?GetGroup@CMyDatabase@@QAEXAAU_NetcashDevice@@AAVCDatabase@@H@Z 004026b0 f   Database.obj
 0001:000018b0       ?GetInsertGuid@CMyDatabase@@QAEXAAU_NetcashDevice@@AAVCDatabase@@H@Z 004028b0 f   Database.obj
 0001:000019e0       ?GetAccMaxSpend@CMyDatabase@@QAEXAAU_NetcashDevice@@AAVCDatabase@@H@Z 004029e0 f   Database.obj
 0001:00001b70       ?GetAt@CStringArray@@QBE?AVCString@@H@Z 00402b70 f i Database.obj
 0001:00001ba0       ?GetOUMaxSpend@CMyDatabase@@QAEXAAU_NetcashDevice@@AAVCDatabase@@H@Z 00402ba0 f   Database.obj
 0001:00001d30       ?GetGlobalMaxSpend@CMyDatabase@@QAEXAAU_NetcashDevice@@AAVCDatabase@@H@Z 00402d30 f   Database.obj
 0001:00001eb0       ?GetAccount@CMyDatabase@@QAEXAAU_NetcashDevice@@AAVCDatabase@@H@Z 00402eb0 f   Database.obj
 0001:000020c0       ?VerifyClient@CMyDatabase@@QAEHAAU_NetcashDevice@@AAVCDatabase@@H@Z 004030c0 f   Database.obj
 0001:00002260       ?VerifyMatter@CMyDatabase@@QAEHAAU_NetcashDevice@@AAVCDatabase@@H@Z 00403260 f   Database.obj
 0001:00002410       ?GetStation@CMyDatabase@@QAEHAAU_NetcashDevice@@AAVCDatabase@@H@Z 00403410 f   Database.obj
 0001:00002730       ?GetAccountID@CMyDatabase@@QAEXAAU_NetcashDevice@@AAVCDatabase@@H@Z 00403730 f   Database.obj
 0001:000028c0       ?GetOfflineAccountID@CMyDatabase@@QAEXAAU_NetcashDevice@@AAVCDatabase@@H@Z 004038c0 f   Database.obj
 0001:00002a10       ?UpdateCopier@CMyDatabase@@QAEXAAU_NetcashDevice@@AAVCDatabase@@H@Z 00403a10 f   Database.obj
 0001:00002a40       ?UpdateOfflineCopier@CMyDatabase@@QAEXAAU_NetcashDevice@@AAVCDatabase@@H@Z 00403a40 f   Database.obj
 0001:00002b20       ?UpdateAccount@CMyDatabase@@QAEXAAU_NetcashDevice@@AAVCDatabase@@H@Z 00403b20 f   Database.obj
 0001:00002c00       ?UpdateOfflineAccount@CMyDatabase@@QAEXAAU_NetcashDevice@@AAVCDatabase@@H@Z 00403c00 f   Database.obj
 0001:00002d00       ?LogCopyJob@CMyDatabase@@QAEXAAU_NetcashDevice@@AAVCDatabase@@H@Z 00403d00 f   Database.obj
 0001:00002e10       ?LogJournel@CMyDatabase@@QAEXAAU_NetcashDevice@@AAVCDatabase@@H@Z 00403e10 f   Database.obj
 0001:00002f30       ?LogCopyJobPL@CMyDatabase@@QAEXAAU_NetcashDevice@@AAVCDatabase@@H@Z 00403f30 f   Database.obj
 0001:00003020       ?Handle_ServiceUp@CMyDatabase@@QAEXAAVCDatabase@@@Z 00404020 f   Database.obj
 0001:00003030       ?RemoveAllActiveSessions@CMyDatabase@@QAEXAAVCDatabase@@@Z 00404030 f   Database.obj
 0001:000030d0       ?DeleteActiveSession@CMyDatabase@@QAEXPADAAVCDatabase@@@Z 004040d0 f   Database.obj
 0001:000031d0       ?AddActiveSession@CMyDatabase@@QAEXPADAAVCDatabase@@@Z 004041d0 f   Database.obj
 0001:000032a0       ?IsActiveSession@CMyDatabase@@QAEHPADAAVCDatabase@@@Z 004042a0 f   Database.obj
 0001:000033f0       ?Handle_DroppedConnection@CMyDatabase@@QAEXAAU_NetcashDevice@@AAVCDatabase@@H@Z 004043f0 f   Database.obj
 0001:000034f0       ?Handle_SessionActive@CMyDatabase@@QAEXAAU_NetcashDevice@@AAVCDatabase@@@Z 004044f0 f   Database.obj
 0001:000035e0       ?Handle_SessionClosed@CMyDatabase@@QAEXAAU_NetcashDevice@@AAVCDatabase@@@Z 004045e0 f   Database.obj
 0001:000036d0       ?Handle_SessionIdle@CMyDatabase@@QAEXAAU_NetcashDevice@@AAVCDatabase@@@Z 004046d0 f   Database.obj
 0001:000037c0       ?Handle_NewConnection@CMyDatabase@@QAEXAAU_NetcashDevice@@AAVCDatabase@@H@Z 004047c0 f   Database.obj
 0001:000038d0       ?UpdateSchema@CMyDatabase@@QAEHAAVCDatabase@@@Z 004048d0 f   Database.obj
 0001:000039f0       ??0CCriticalSection@@QAE@XZ 004049f0 f i Database.obj
 0001:00003a10       ?NetCashActivationThread@@YAIPAX@Z 00404a10 f   Discovery.obj
 0001:00003ae0       ??0CIniEx@@QAE@H@Z         00404ae0 f   IniEx.obj
 0001:00003b80       ??_ECIniEx@@UAEPAXI@Z      00404b80 f i IniEx.obj
 0001:00003b80       ??_GCIniEx@@UAEPAXI@Z      00404b80 f i IniEx.obj
 0001:00003ba0       ??1CIniEx@@UAE@XZ          00404ba0 f   IniEx.obj
 0001:00003c50       ?WriteFile@CIniEx@@QAE?AVCString@@H@Z 00404c50 f   IniEx.obj
 0001:00003ee0       ?FindBackupFile@CIniEx@@AAEXXZ 00404ee0 f   IniEx.obj
 0001:00004010       ?ResetContent@CIniEx@@QAEXXZ 00405010 f   IniEx.obj
 0001:000040b0       ??1CException@@UAE@XZ      004050b0 f i IniEx.obj
 0001:000040c0       ??_GCObject@@UAEPAXI@Z     004050c0 f i IniEx.obj
 0001:000040c0       ??_ECObject@@UAEPAXI@Z     004050c0 f i IniEx.obj
 0001:000040e0       ??_GCFileException@@UAEPAXI@Z 004050e0 f i IniEx.obj
 0001:000040e0       ??_ECFileException@@UAEPAXI@Z 004050e0 f i IniEx.obj
 0001:00004100       ??1CFileException@@UAE@XZ  00405100 f i IniEx.obj
 0001:00004190       ?WriteLog@@YAXPAD0@Z       00405190 f   Logger.obj
 0001:00004490       ?WriteLog@@YAXAAVCString@@PAD@Z 00405490 f   Logger.obj
 0001:00004a20       _main                      00405a20 f   TheApp.obj
 0001:00004e50       ??0CHandler@@QAE@H@Z       00405e50 f   Worker.obj
 0001:00004fa0       ?FireDataIn@CHandler@@UAEHAAPADAAGAAH@Z 00405fa0 f i Worker.obj
 0001:00005b30       ?FireDisconnected@CHandler@@UAEHAAGAAPAD@Z 00406b30 f i Worker.obj
 0001:00005c00       ?FireError@CHandler@@UAEHAAGAAPAD@Z 00406c00 f i Worker.obj
 0001:00005c60       ??_ECHandler@@UAEPAXI@Z    00406c60 f i Worker.obj
 0001:00005c60       ??_GCHandler@@UAEPAXI@Z    00406c60 f i Worker.obj
 0001:00005c80       ??1CHandler@@UAE@XZ        00406c80 f   Worker.obj
 0001:00005f20       ?WorkerThread@@YAIPAX@Z    00406f20 f   Worker.obj
 0001:00007c40       ?StartCopierSession@@YAXAAVCHandler@@@Z 00408c40 f   Worker.obj
 0001:000081d0       ??GCTime@@QBE?AVCTimeSpan@@V0@@Z 004091d0 f i Worker.obj
 0001:000081f0       ?HandleIdler@@YAHAAVCTime@@JJ@Z 004091f0 f   Worker.obj
 0001:000082f0       ?SetHighBalance@@YAXAAVCHandler@@K@Z 004092f0 f   Worker.obj
 0001:000083b0       ?SetPriceLine@@YAHAAVCHandler@@@Z 004093b0 f   Worker.obj
 0001:00008690       ?PingNat@@YAXAAVCHandler@@@Z 00409690 f   Worker.obj
 0001:00008720       ?SetDelay@@YAHAAVCHandler@@@Z 00409720 f   Worker.obj
 0001:00008840       ?SetTime@@YAHAAVCHandler@@@Z 00409840 f   Worker.obj
 0001:000089e0       ?ShowError@@YAXAAVCHandler@@PAD@Z 004099e0 f   Worker.obj
 0001:00008b10       ?SetInitial@@YAHAAVCHandler@@@Z 00409b10 f   Worker.obj
 0001:00008c50       ?SetBadData@@YAHAAVCHandler@@@Z 00409c50 f   Worker.obj
 0001:00008d70       ?SetAuthenticate1@@YAHAAVCHandler@@@Z 00409d70 f   Worker.obj
 0001:00008e80       ?SetAuthenticate2@@YAHAAVCHandler@@@Z 00409e80 f   Worker.obj
 0001:00008fc0       ?RequestLocation@@YAHAAVCHandler@@@Z 00409fc0 f   Worker.obj
 0001:000090d0       ?RequestGateway@@YAHAAVCHandler@@@Z 0040a0d0 f   Worker.obj
 0001:000091e0       ?RequestMac@@YAHAAVCHandler@@@Z 0040a1e0 f   Worker.obj
 0001:000092f0       ?RequestMask@@YAHAAVCHandler@@@Z 0040a2f0 f   Worker.obj
 0001:00009400       ?RequestAddress@@YAHAAVCHandler@@@Z 0040a400 f   Worker.obj
 0001:00009510       ?SetKeyBoard@@YAHAAVCHandler@@H@Z 0040a510 f   Worker.obj
 0001:00009640       ?SetCurrency@@YAHAAVCHandler@@@Z 0040a640 f   Worker.obj
 0001:00009760       ?SetupGetAccount@@YAXAAVCHandler@@@Z 0040a760 f   Worker.obj
 0001:00009b00       ?SetupGetClient@@YAXAAVCHandler@@@Z 0040ab00 f   Worker.obj
 0001:00009ea0       ?SetupGetMatter@@YAXAAVCHandler@@@Z 0040aea0 f   Worker.obj
 0001:0000a240       ?SetupGetPassword@@YAXAAVCHandler@@@Z 0040b240 f   Worker.obj
 0001:0000a5c0       ?HandleCharge@@YAXAAU_NetcashDevice@@@Z 0040b5c0 f   Worker.obj
 0001:0000a620       ?FireDataIn@IPPortA@@UAEHAAPADAAGAAH@Z 0040b620 f i Worker.obj
 0001:0000a630       ?FireConnected@IPPortA@@UAEHAAGAAPAD@Z 0040b630 f i Worker.obj
 0001:0000a630       ?FireDisconnected@IPPortA@@UAEHAAGAAPAD@Z 0040b630 f i Worker.obj
 0001:0000a630       ?FireError@IPPortA@@UAEHAAGAAPAD@Z 0040b630 f i Worker.obj
 0001:0000a640       ?FireReadyToSend@IPPortA@@UAEHXZ 0040b640 f i Worker.obj
 0001:0000a650       ?dSink@IPPortA@@CAHPAXHHQAPAXQAI@Z 0040b650 f i Worker.obj
 0001:0000a740       ??_EIPPortA@@UAEPAXI@Z     0040b740 f i Worker.obj
 0001:0000a740       ??_GIPPortA@@UAEPAXI@Z     0040b740 f i Worker.obj
 0001:0000a770       ??_EIPPort@@UAEPAXI@Z      0040b770 f i Worker.obj
 0001:0000a770       ??_GIPPort@@UAEPAXI@Z      0040b770 f i Worker.obj
 0001:0000a790       ??1IPPort@@UAE@XZ          0040b790 f i Worker.obj
 0001:0000a7b0       ?Packet2Buffer@@YGJPAU_NetcashPacket@@PAE@Z 0040b7b0 f   netcashapi:NETCASHAPI.dll
 0001:0000a7b6       ?Buffer2Packet@@YGJJPAEPAU_NetcashPacket@@@Z 0040b7b6 f   netcashapi:NETCASHAPI.dll
 0001:0000a7bc       _IPPort_Create             0040b7bc f   ipworks5:ipworks5.dll
 0001:0000a7c2       _IPPort_Do                 0040b7c2 f   ipworks5:ipworks5.dll
 0001:0000a7c8       _IPPort_Destroy            0040b7c8 f   ipworks5:ipworks5.dll
 0001:0000a7ce       _IPPort_Set                0040b7ce f   ipworks5:ipworks5.dll
 0001:0000a7d4       _IPPort_Get                0040b7d4 f   ipworks5:ipworks5.dll
 0001:0000a7da       ??3@YAXPAX@Z               0040b7da f   mfc42:MFC42.DLL
 0001:0000a7e0       ??2@YAPAXI@Z               0040b7e0 f   mfc42:MFC42.DLL
 0001:0000a7e6       ?GetRuntimeClass@CCriticalSection@@UBEPAUCRuntimeClass@@XZ 0040b7e6 f   mfc42:MFC42.DLL
 0001:0000a7ec       ??1CStringList@@UAE@XZ     0040b7ec f   mfc42:MFC42.DLL
 0001:0000a7f2       ?RemoveAll@CStringList@@QAEXXZ 0040b7f2 f   mfc42:MFC42.DLL
 0001:0000a7f8       ??0CSyncObject@@QAE@PBD@Z  0040b7f8 f   mfc42:MFC42.DLL
 0001:0000a7fe       ??0CStringList@@QAE@H@Z    0040b7fe f   mfc42:MFC42.DLL
 0001:0000a804       ??1CSyncObject@@UAE@XZ     0040b804 f   mfc42:MFC42.DLL
 0001:0000a80a       ?Find@CStringList@@QBEPAU__POSITION@@PBDPAU2@@Z 0040b80a f   mfc42:MFC42.DLL
 0001:0000a810       ?AddHead@CStringList@@QAEPAU__POSITION@@PBD@Z 0040b810 f   mfc42:MFC42.DLL
 0001:0000a816       ?RemoveAt@CStringList@@QAEXPAU__POSITION@@@Z 0040b816 f   mfc42:MFC42.DLL
 0001:0000a81c       ??1CString@@QAE@XZ         0040b81c f   mfc42:MFC42.DLL
 0001:0000a822       ??4CString@@QAEABV0@PBD@Z  0040b822 f   mfc42:MFC42.DLL
 0001:0000a828       ?Empty@CString@@QAEXXZ     0040b828 f   mfc42:MFC42.DLL
 0001:0000a82e       ??0CString@@QAE@XZ         0040b82e f   mfc42:MFC42.DLL
 0001:0000a834       ??4CString@@QAEABV0@ABV0@@Z 0040b834 f   mfc42:MFC42.DLL
 0001:0000a83a       ??0CString@@QAE@ABV0@@Z    0040b83a f   mfc42:MFC42.DLL
 0001:0000a840       ??0CString@@QAE@PBD@Z      0040b840 f   mfc42:MFC42.DLL
 0001:0000a846       ??1CRecordset@@UAE@XZ      0040b846 f   mfc42:MFC42.DLL
 0001:0000a84c       ?Delete@CException@@QAEXXZ 0040b84c f   mfc42:MFC42.DLL
 0001:0000a852       ?Close@CRecordset@@UAEXXZ  0040b852 f   mfc42:MFC42.DLL
 0001:0000a858       ?IsOpen@CRecordset@@QBEHXZ 0040b858 f   mfc42:MFC42.DLL
 0001:0000a85e       ?GetODBCFieldInfo@CRecordset@@QAEXFAAUCODBCFieldInfo@@@Z 0040b85e f   mfc42:MFC42.DLL
 0001:0000a864       ?GetFieldValue@CRecordset@@QAEXFAAVCString@@@Z 0040b864 f   mfc42:MFC42.DLL
 0001:0000a86a       ?Open@CRecordset@@UAEHIPBDK@Z 0040b86a f   mfc42:MFC42.DLL
 0001:0000a870       ?Format@CString@@QAAXPBDZZ 0040b870 f   mfc42:MFC42.DLL
 0001:0000a876       ??0CRecordset@@QAE@PAVCDatabase@@@Z 0040b876 f   mfc42:MFC42.DLL
 0001:0000a87c       ?ExecuteSQL@CDatabase@@QAEXPBD@Z 0040b87c f   mfc42:MFC42.DLL
 0001:0000a882       ?Replace@CString@@QAEHPBD0@Z 0040b882 f   mfc42:MFC42.DLL
 0001:0000a888       ?AfxBeginThread@@YGPAVCWinThread@@P6AIPAX@Z0HIKPAU_SECURITY_ATTRIBUTES@@@Z 0040b888 f   mfc42:MFC42.DLL
 0001:0000a88e       ??1CStringArray@@UAE@XZ    0040b88e f   mfc42:MFC42.DLL
 0001:0000a894       ??0CStringArray@@QAE@XZ    0040b894 f   mfc42:MFC42.DLL
 0001:0000a89a       ??YCString@@QAEABV0@PBD@Z  0040b89a f   mfc42:MFC42.DLL
 0001:0000a8a0       ?ReverseFind@CString@@QBEHD@Z 0040b8a0 f   mfc42:MFC42.DLL
 0001:0000a8a6       ?ReportError@CException@@UAEHII@Z 0040b8a6 f   mfc42:MFC42.DLL
 0001:0000a8ac       ?GetErrorMessage@CFileException@@UAEHPADIPAI@Z 0040b8ac f   mfc42:MFC42.DLL
 0001:0000a8b2       ?GetRuntimeClass@CFileException@@UBEPAUCRuntimeClass@@XZ 0040b8b2 f   mfc42:MFC42.DLL
 0001:0000a8b8       ?Close@CStdioFile@@UAEXXZ  0040b8b8 f   mfc42:MFC42.DLL
 0001:0000a8be       ??1CStdioFile@@UAE@XZ      0040b8be f   mfc42:MFC42.DLL
 0001:0000a8c4       ?Open@CStdioFile@@UAEHPBDIPAVCFileException@@@Z 0040b8c4 f   mfc42:MFC42.DLL
 0001:0000a8ca       ??0CStdioFile@@QAE@XZ      0040b8ca f   mfc42:MFC42.DLL
 0001:0000a8d0       ??0CException@@QAE@XZ      0040b8d0 f   mfc42:MFC42.DLL
 0001:0000a8d6       ?Delete@CString@@QAEHHH@Z  0040b8d6 f   mfc42:MFC42.DLL
 0001:0000a8dc       ?WriteString@CStdioFile@@UAEXPBD@Z 0040b8dc f   mfc42:MFC42.DLL
 0001:0000a8e2       ?SetSize@CStringArray@@QAEXHH@Z 0040b8e2 f   mfc42:MFC42.DLL
 0001:0000a8e8       ?GetRuntimeClass@CObject@@UBEPAUCRuntimeClass@@XZ 0040b8e8 f   mfc42:MFC42.DLL
 0001:0000a8ee       ??1CFile@@UAE@XZ           0040b8ee f   mfc42:MFC42.DLL
 0001:0000a8f4       ?Format@CTime@@QBE?AVCString@@PBD@Z 0040b8f4 f   mfc42:MFC42.DLL
 0001:0000a8fa       ?GetTickCount@CTime@@SG?AV1@XZ 0040b8fa f   mfc42:MFC42.DLL
 0001:0000a900       ?Close@CFile@@UAEXXZ       0040b900 f   mfc42:MFC42.DLL
 0001:0000a906       ?Open@CFile@@UAEHPBDIPAVCFileException@@@Z 0040b906 f   mfc42:MFC42.DLL
 0001:0000a90c       ??0CFile@@QAE@XZ           0040b90c f   mfc42:MFC42.DLL
 0001:0000a912       ??1CDatabase@@UAE@XZ       0040b912 f   mfc42:MFC42.DLL
 0001:0000a918       ??0CDatabase@@QAE@XZ       0040b918 f   mfc42:MFC42.DLL
 0001:0000a91e       ??0CWinApp@@QAE@PBD@Z      0040b91e f   mfc42:MFC42.DLL
 0001:0000a924       ??1CWinApp@@UAE@XZ         0040b924 f   mfc42:MFC42.DLL
 0001:0000a92a       ?AfxWinInit@@YGHPAUHINSTANCE__@@0PADH@Z 0040b92a f   mfc42:MFC42.DLL
 0001:0000a930       ?GetLocalTm@CTime@@QBEPAUtm@@PAU2@@Z 0040b930 f   mfc42:MFC42.DLL
 0001:0000a936       ___CxxFrameHandler         0040b936 f   msvcrt:MSVCRT.dll
 0001:0000a940       __onexit                   0040b940 f   msvcrt:atonexit.obj
 0001:0000a96c       _atexit                    0040b96c f   msvcrt:atonexit.obj
 0001:0000a97e       ??_Gtype_info@@UAEPAXI@Z   0040b97e f i msvcrt:ti_inst.obj
 0001:0000a97e       ??_Etype_info@@UAEPAXI@Z   0040b97e f i msvcrt:ti_inst.obj
 0001:0000a99a       __ftol                     0040b99a f   msvcrt:MSVCRT.dll
 0001:0000a9a0       __chkstk                   0040b9a0 f   msvcrt:chkstk.obj
 0001:0000a9a0       __alloca_probe             0040b9a0 f   msvcrt:chkstk.obj
 0001:0000a9cf       _mainCRTStartup            0040b9cf f   msvcrt:crtexe.obj
 0001:0000aae0       ___dllonexit               0040bae0 f   msvcrt:MSVCRT.dll
 0001:0000aae6       ??1type_info@@UAE@XZ       0040bae6 f   msvcrt:MSVCRT.dll
 0001:0000aaec       __XcptFilter               0040baec f   msvcrt:MSVCRT.dll
 0001:0000aaf2       __initterm                 0040baf2 f   msvcrt:MSVCRT.dll
 0001:0000aaf8       __setdefaultprecision      0040baf8 f   msvcrt:fp8.obj
 0001:0000ab0a       __matherr                  0040bb0a f   msvcrt:merr.obj
 0001:0000ab0d       __setargv                  0040bb0d f   msvcrt:dllargv.obj
 0001:0000ab0e       __except_handler3          0040bb0e f   msvcrt:MSVCRT.dll
 0001:0000ab14       __controlfp                0040bb14 f   msvcrt:MSVCRT.dll
 0002:00000000       __imp__lstrcpynA@12        0040d000     kernel32:KERNEL32.dll
 0002:00000004       __imp__lstrlenA@4          0040d004     kernel32:KERNEL32.dll
 0002:00000008       __imp__Sleep@4             0040d008     kernel32:KERNEL32.dll
 0002:0000000c       __imp__lstrcpyA@8          0040d00c     kernel32:KERNEL32.dll
 0002:00000010       __imp__GetComputerNameA@8  0040d010     kernel32:KERNEL32.dll
 0002:00000014       __imp__GetCommandLineA@0   0040d014     kernel32:KERNEL32.dll
 0002:00000018       __imp__GetModuleHandleA@4  0040d018     kernel32:KERNEL32.dll
 0002:0000001c       __imp__GetCurrentThreadId@0 0040d01c     kernel32:KERNEL32.dll
 0002:00000020       __imp__CreateEventA@16     0040d020     kernel32:KERNEL32.dll
 0002:00000024       __imp__CloseHandle@4       0040d024     kernel32:KERNEL32.dll
 0002:00000028       __imp__TerminateThread@8   0040d028     kernel32:KERNEL32.dll
 0002:0000002c       __imp__GetExitCodeThread@8 0040d02c     kernel32:KERNEL32.dll
 0002:00000030       __imp__CreateThread@24     0040d030     kernel32:KERNEL32.dll
 0002:00000034       __imp__InitializeCriticalSection@4 0040d034     kernel32:KERNEL32.dll
 0002:00000038       __imp__DeleteCriticalSection@4 0040d038     kernel32:KERNEL32.dll
 0002:0000003c       __imp__EnterCriticalSection@4 0040d03c     kernel32:KERNEL32.dll
 0002:00000040       __imp__LeaveCriticalSection@4 0040d040     kernel32:KERNEL32.dll
 0002:00000044       __imp__WaitForSingleObject@8 0040d044     kernel32:KERNEL32.dll
 0002:00000048       __imp__CopyFileA@12        0040d048     kernel32:KERNEL32.dll
 0002:0000004c       __imp__FindNextFileA@8     0040d04c     kernel32:KERNEL32.dll
 0002:00000050       __imp__FindFirstFileA@8    0040d050     kernel32:KERNEL32.dll
 0002:00000054       __imp__GetModuleFileNameA@12 0040d054     kernel32:KERNEL32.dll
 0002:00000058       __imp__DeleteFileA@4       0040d058     kernel32:KERNEL32.dll
 0002:0000005c       \177KERNEL32_NULL_THUNK_DATA 0040d05c     kernel32:KERNEL32.dll
 0002:00000060       __imp_?Open@CFile@@UAEHPBDIPAVCFileException@@@Z 0040d060     mfc42:MFC42.DLL
 0002:00000064       __imp_??0CFile@@QAE@XZ     0040d064     mfc42:MFC42.DLL
 0002:00000068       __imp_??1CDatabase@@UAE@XZ 0040d068     mfc42:MFC42.DLL
 0002:0000006c       __imp_??0CDatabase@@QAE@XZ 0040d06c     mfc42:MFC42.DLL
 0002:00000070       __imp_??0CWinApp@@QAE@PBD@Z 0040d070     mfc42:MFC42.DLL
 0002:00000074       __imp_??1CWinApp@@UAE@XZ   0040d074     mfc42:MFC42.DLL
 0002:00000078       __imp_?AfxWinInit@@YGHPAUHINSTANCE__@@0PADH@Z 0040d078     mfc42:MFC42.DLL
 0002:0000007c       __imp_?GetLocalTm@CTime@@QBEPAUtm@@PAU2@@Z 0040d07c     mfc42:MFC42.DLL
 0002:00000080       __imp_?Replace@CString@@QAEHPBD0@Z 0040d080     mfc42:MFC42.DLL
 0002:00000084       __imp_?Close@CFile@@UAEXXZ 0040d084     mfc42:MFC42.DLL
 0002:00000088       __imp_?GetTickCount@CTime@@SG?AV1@XZ 0040d088     mfc42:MFC42.DLL
 0002:0000008c       __imp_?Format@CTime@@QBE?AVCString@@PBD@Z 0040d08c     mfc42:MFC42.DLL
 0002:00000090       __imp_??1CFile@@UAE@XZ     0040d090     mfc42:MFC42.DLL
 0002:00000094       __imp_?GetRuntimeClass@CObject@@UBEPAUCRuntimeClass@@XZ 0040d094     mfc42:MFC42.DLL
 0002:00000098       __imp_?SetSize@CStringArray@@QAEXHH@Z 0040d098     mfc42:MFC42.DLL
 0002:0000009c       __imp_?WriteString@CStdioFile@@UAEXPBD@Z 0040d09c     mfc42:MFC42.DLL
 0002:000000a0       __imp_?Delete@CString@@QAEHHH@Z 0040d0a0     mfc42:MFC42.DLL
 0002:000000a4       __imp_??0CException@@QAE@XZ 0040d0a4     mfc42:MFC42.DLL
 0002:000000a8       __imp_??0CStdioFile@@QAE@XZ 0040d0a8     mfc42:MFC42.DLL
 0002:000000ac       __imp_?Open@CStdioFile@@UAEHPBDIPAVCFileException@@@Z 0040d0ac     mfc42:MFC42.DLL
 0002:000000b0       __imp_??1CStdioFile@@UAE@XZ 0040d0b0     mfc42:MFC42.DLL
 0002:000000b4       __imp_?Close@CStdioFile@@UAEXXZ 0040d0b4     mfc42:MFC42.DLL
 0002:000000b8       __imp_?GetRuntimeClass@CFileException@@UBEPAUCRuntimeClass@@XZ 0040d0b8     mfc42:MFC42.DLL
 0002:000000bc       __imp_?GetErrorMessage@CFileException@@UAEHPADIPAI@Z 0040d0bc     mfc42:MFC42.DLL
 0002:000000c0       __imp_?ReportError@CException@@UAEHII@Z 0040d0c0     mfc42:MFC42.DLL
 0002:000000c4       __imp_??3@YAXPAX@Z         0040d0c4     mfc42:MFC42.DLL
 0002:000000c8       __imp_??2@YAPAXI@Z         0040d0c8     mfc42:MFC42.DLL
 0002:000000cc       __imp_?GetRuntimeClass@CCriticalSection@@UBEPAUCRuntimeClass@@XZ 0040d0cc     mfc42:MFC42.DLL
 0002:000000d0       __imp_??1CStringList@@UAE@XZ 0040d0d0     mfc42:MFC42.DLL
 0002:000000d4       __imp_?RemoveAll@CStringList@@QAEXXZ 0040d0d4     mfc42:MFC42.DLL
 0002:000000d8       __imp_??0CSyncObject@@QAE@PBD@Z 0040d0d8     mfc42:MFC42.DLL
 0002:000000dc       __imp_??0CStringList@@QAE@H@Z 0040d0dc     mfc42:MFC42.DLL
 0002:000000e0       __imp_??1CSyncObject@@UAE@XZ 0040d0e0     mfc42:MFC42.DLL
 0002:000000e4       __imp_?Find@CStringList@@QBEPAU__POSITION@@PBDPAU2@@Z 0040d0e4     mfc42:MFC42.DLL
 0002:000000e8       __imp_?AddHead@CStringList@@QAEPAU__POSITION@@PBD@Z 0040d0e8     mfc42:MFC42.DLL
 0002:000000ec       __imp_?RemoveAt@CStringList@@QAEXPAU__POSITION@@@Z 0040d0ec     mfc42:MFC42.DLL
 0002:000000f0       __imp_??1CString@@QAE@XZ   0040d0f0     mfc42:MFC42.DLL
 0002:000000f4       __imp_??4CString@@QAEABV0@PBD@Z 0040d0f4     mfc42:MFC42.DLL
 0002:000000f8       __imp_?Empty@CString@@QAEXXZ 0040d0f8     mfc42:MFC42.DLL
 0002:000000fc       __imp_??0CString@@QAE@XZ   0040d0fc     mfc42:MFC42.DLL
 0002:00000100       __imp_??4CString@@QAEABV0@ABV0@@Z 0040d100     mfc42:MFC42.DLL
 0002:00000104       __imp_??0CString@@QAE@ABV0@@Z 0040d104     mfc42:MFC42.DLL
 0002:00000108       __imp_??0CString@@QAE@PBD@Z 0040d108     mfc42:MFC42.DLL
 0002:0000010c       __imp_??1CRecordset@@UAE@XZ 0040d10c     mfc42:MFC42.DLL
 0002:00000110       __imp_?Delete@CException@@QAEXXZ 0040d110     mfc42:MFC42.DLL
 0002:00000114       __imp_?Close@CRecordset@@UAEXXZ 0040d114     mfc42:MFC42.DLL
 0002:00000118       __imp_?IsOpen@CRecordset@@QBEHXZ 0040d118     mfc42:MFC42.DLL
 0002:0000011c       __imp_?GetODBCFieldInfo@CRecordset@@QAEXFAAUCODBCFieldInfo@@@Z 0040d11c     mfc42:MFC42.DLL
 0002:00000120       __imp_?GetFieldValue@CRecordset@@QAEXFAAVCString@@@Z 0040d120     mfc42:MFC42.DLL
 0002:00000124       __imp_?Open@CRecordset@@UAEHIPBDK@Z 0040d124     mfc42:MFC42.DLL
 0002:00000128       __imp_?Format@CString@@QAAXPBDZZ 0040d128     mfc42:MFC42.DLL
 0002:0000012c       __imp_??0CRecordset@@QAE@PAVCDatabase@@@Z 0040d12c     mfc42:MFC42.DLL
 0002:00000130       __imp_?ExecuteSQL@CDatabase@@QAEXPBD@Z 0040d130     mfc42:MFC42.DLL
 0002:00000134       __imp_?ReverseFind@CString@@QBEHD@Z 0040d134     mfc42:MFC42.DLL
 0002:00000138       __imp_?AfxBeginThread@@YGPAVCWinThread@@P6AIPAX@Z0HIKPAU_SECURITY_ATTRIBUTES@@@Z 0040d138     mfc42:MFC42.DLL
 0002:0000013c       __imp_??1CStringArray@@UAE@XZ 0040d13c     mfc42:MFC42.DLL
 0002:00000140       __imp_??0CStringArray@@QAE@XZ 0040d140     mfc42:MFC42.DLL
 0002:00000144       __imp_??YCString@@QAEABV0@PBD@Z 0040d144     mfc42:MFC42.DLL
 0002:00000148       \177MFC42_NULL_THUNK_DATA  0040d148     mfc42:MFC42.DLL
 0002:0000014c       __imp_?cerr@std@@3V?$basic_ostream@DU?$char_traits@D@std@@@1@A 0040d14c     msvcprt:MSVCP60.dll
 0002:00000150       __imp_??6std@@YAAAV?$basic_ostream@DU?$char_traits@D@std@@@0@AAV10@PBD@Z 0040d150     msvcprt:MSVCP60.dll
 0002:00000154       __imp_?endl@std@@YAAAV?$basic_ostream@DU?$char_traits@D@std@@@1@AAV21@@Z 0040d154     msvcprt:MSVCP60.dll
 0002:00000158       __imp_??1_Winit@std@@QAE@XZ 0040d158     msvcprt:MSVCP60.dll
 0002:0000015c       __imp_??0_Winit@std@@QAE@XZ 0040d15c     msvcprt:MSVCP60.dll
 0002:00000160       __imp_??1Init@ios_base@std@@QAE@XZ 0040d160     msvcprt:MSVCP60.dll
 0002:00000164       __imp_??0Init@ios_base@std@@QAE@XZ 0040d164     msvcprt:MSVCP60.dll
 0002:00000168       \177MSVCP60_NULL_THUNK_DATA 0040d168     msvcprt:MSVCP60.dll
 0002:0000016c       __imp_??1type_info@@UAE@XZ 0040d16c     msvcrt:MSVCRT.dll
 0002:00000170       __imp___exit               0040d170     msvcrt:MSVCRT.dll
 0002:00000174       __imp___XcptFilter         0040d174     msvcrt:MSVCRT.dll
 0002:00000178       __imp__exit                0040d178     msvcrt:MSVCRT.dll
 0002:0000017c       __imp____p___initenv       0040d17c     msvcrt:MSVCRT.dll
 0002:00000180       __imp____getmainargs       0040d180     msvcrt:MSVCRT.dll
 0002:00000184       __imp___initterm           0040d184     msvcrt:MSVCRT.dll
 0002:00000188       __imp___onexit             0040d188     msvcrt:MSVCRT.dll
 0002:0000018c       __imp___adjust_fdiv        0040d18c     msvcrt:MSVCRT.dll
 0002:00000190       __imp____p__commode        0040d190     msvcrt:MSVCRT.dll
 0002:00000194       __imp____p__fmode          0040d194     msvcrt:MSVCRT.dll
 0002:00000198       __imp____set_app_type      0040d198     msvcrt:MSVCRT.dll
 0002:0000019c       __imp___except_handler3    0040d19c     msvcrt:MSVCRT.dll
 0002:000001a0       __imp___controlfp          0040d1a0     msvcrt:MSVCRT.dll
 0002:000001a4       __imp____dllonexit         0040d1a4     msvcrt:MSVCRT.dll
 0002:000001a8       __imp__strstr              0040d1a8     msvcrt:MSVCRT.dll
 0002:000001ac       __imp__fopen               0040d1ac     msvcrt:MSVCRT.dll
 0002:000001b0       __imp__fputs               0040d1b0     msvcrt:MSVCRT.dll
 0002:000001b4       __imp__fclose              0040d1b4     msvcrt:MSVCRT.dll
 0002:000001b8       __imp___splitpath          0040d1b8     msvcrt:MSVCRT.dll
 0002:000001bc       __imp____setusermatherr    0040d1bc     msvcrt:MSVCRT.dll
 0002:000001c0       __imp___strcmpi            0040d1c0     msvcrt:MSVCRT.dll
 0002:000001c0       __imp__strcmpi             0040d1c0     msvcrt:MSVCRT.dll
 0002:000001c4       __imp___stricmp            0040d1c4     msvcrt:MSVCRT.dll
 0002:000001c4       __imp__stricmp             0040d1c4     msvcrt:MSVCRT.dll
 0002:000001c8       __imp____CxxFrameHandler   0040d1c8     msvcrt:MSVCRT.dll
 0002:000001cc       __imp___mbsicmp            0040d1cc     msvcrt:MSVCRT.dll
 0002:000001d0       __imp__strncpy             0040d1d0     msvcrt:MSVCRT.dll
 0002:000001d4       __imp__atof                0040d1d4     msvcrt:MSVCRT.dll
 0002:000001d8       __imp__atoi                0040d1d8     msvcrt:MSVCRT.dll
 0002:000001dc       __imp__printf              0040d1dc     msvcrt:MSVCRT.dll
 0002:000001e0       __imp__sprintf             0040d1e0     msvcrt:MSVCRT.dll
 0002:000001e4       __imp___ftol               0040d1e4     msvcrt:MSVCRT.dll
 0002:000001e8       __imp__atol                0040d1e8     msvcrt:MSVCRT.dll
 0002:000001ec       __imp___msize              0040d1ec     msvcrt:MSVCRT.dll
 0002:000001f0       \177MSVCRT_NULL_THUNK_DATA 0040d1f0     msvcrt:MSVCRT.dll
 0002:000001f4       __imp_?Packet2Buffer@@YGJPAU_NetcashPacket@@PAE@Z 0040d1f4     netcashapi:NETCASHAPI.dll
 0002:000001f8       __imp_?Buffer2Packet@@YGJJPAEPAU_NetcashPacket@@@Z 0040d1f8     netcashapi:NETCASHAPI.dll
 0002:000001fc       \177NETCASHAPI_NULL_THUNK_DATA 0040d1fc     netcashapi:NETCASHAPI.dll
 0002:00000200       __imp__SetTimer@16         0040d200     user32:USER32.dll
 0002:00000204       __imp__KillTimer@8         0040d204     user32:USER32.dll
 0002:00000208       \177USER32_NULL_THUNK_DATA 0040d208     user32:USER32.dll
 0002:0000020c       __imp__IPPort_Do           0040d20c     ipworks5:ipworks5.dll
 0002:00000210       __imp__IPPort_Create       0040d210     ipworks5:ipworks5.dll
 0002:00000214       __imp__IPPort_Get          0040d214     ipworks5:ipworks5.dll
 0002:00000218       __imp__IPPort_Destroy      0040d218     ipworks5:ipworks5.dll
 0002:0000021c       __imp__IPPort_Set          0040d21c     ipworks5:ipworks5.dll
 0002:00000220       \177ipworks5_NULL_THUNK_DATA 0040d220     ipworks5:ipworks5.dll
 0002:00000228       ??_7Thread@@6B@            0040d228     ActivationTimer.obj
 0002:0000022c       ??_7ThreadList@@6B@        0040d22c     ActivationTimer.obj
 0002:00000230       ??_7Task@@6B@              0040d230     ActivationTimer.obj
 0002:00000234       ??_7TaskList@@6B@          0040d234     ActivationTimer.obj
 0002:00000238       ??_7ActivationTimer@@6B@   0040d238     ActivationTimer.obj
 0002:0000023c       ??_7CActiveAccounts@@6B@   0040d23c     ActiveAccounts.obj
 0002:00000240       ??_7CCriticalSection@@6B@  0040d240     ActiveAccounts.obj
 0002:00000260       __real@4@00000000000000000000 0040d260     Database.obj
 0002:00000268       __real@8@00000000000000000000 0040d268     Database.obj
 0002:00000270       ??_7CIniEx@@6B@            0040d270     IniEx.obj
 0002:00000274       ??_7CFileException@@6B@    0040d274     IniEx.obj
 0002:00000290       ??_7CObject@@6B@           0040d290     IniEx.obj
 0002:000002b4       ??_7CHandler@@6B@          0040d2b4     Worker.obj
 0002:000002cc       ??_7IPPort@@6B@            0040d2cc     Worker.obj
 0002:000002e4       ??_7IPPortA@@6B@           0040d2e4     Worker.obj
 0002:000002fc       __real@4@4005c800000000000000 0040d2fc     Worker.obj
 0002:00000304       ??_7type_info@@6B@         0040d304     msvcrt:ti_inst.obj
 0002:00000318       ??_R1A@?0A@A@type_info@@8  0040d318     msvcrt:ti_inst.obj
 0002:00000330       ??_R2type_info@@8          0040d330     msvcrt:ti_inst.obj
 0002:00000338       ??_R3type_info@@8          0040d338     msvcrt:ti_inst.obj
 0002:00000348       ??_R4type_info@@6B@        0040d348     msvcrt:ti_inst.obj
 0002:00001690       __IMPORT_DESCRIPTOR_NETCASHAPI 0040e690     netcashapi:NETCASHAPI.dll
 0002:000016a4       __IMPORT_DESCRIPTOR_ipworks5 0040e6a4     ipworks5:ipworks5.dll
 0002:000016b8       __IMPORT_DESCRIPTOR_KERNEL32 0040e6b8     kernel32:KERNEL32.dll
 0002:000016cc       __IMPORT_DESCRIPTOR_USER32 0040e6cc     user32:USER32.dll
 0002:000016e0       __IMPORT_DESCRIPTOR_MFC42  0040e6e0     mfc42:MFC42.DLL
 0002:000016f4       __IMPORT_DESCRIPTOR_MSVCRT 0040e6f4     msvcrt:MSVCRT.dll
 0002:00001708       __IMPORT_DESCRIPTOR_MSVCP60 0040e708     msvcprt:MSVCP60.dll
 0002:0000171c       __NULL_IMPORT_DESCRIPTOR   0040e71c     netcashapi:NETCASHAPI.dll
 0003:00000000       ___xc_a                    0040f000     msvcrt:cinitexe.obj
 0003:00000034       ___xc_z                    0040f034     msvcrt:cinitexe.obj
 0003:00000038       ___xi_a                    0040f038     msvcrt:cinitexe.obj
 0003:0000003c       ___xi_z                    0040f03c     msvcrt:cinitexe.obj
 0003:00000040       ??_C@_01PLJA@0?$AA@        0040f040     Database.obj
 0003:00000044       ??_C@_04KAEN@1?400?$AA@    0040f044     Database.obj
 0003:00000050       ??_R0PAVCDBException@@@8   0040f050     Database.obj
 0003:0000006c       ??_C@_0BM@OKHO@CMyDatabase?3?3GetAccount?$CI?$CFs?$CJ?$AA@ 0040f06c     Database.obj
 0003:00000088       ??_C@_0BH@NKAI@CTLUNIT_PULSE_IDLE_MIN?$AA@ 0040f088     Database.obj
 0003:000000a0       ??_C@_0BE@HOO@CTLUNIT_KEYBRD_MODE?$AA@ 0040f0a0     Database.obj
 0003:000000b4       ??_C@_0BI@IPFI@CTLUNIT_COPYPIN_ENABLED?$AA@ 0040f0b4     Database.obj
 0003:000000cc       ??_C@_0BD@EMKP@CTLUNIT_CONN_RESET?$AA@ 0040f0cc     Database.obj
 0003:000000e0       ??_C@_0BD@PHBL@CTLUNIT_REQ_MATTER?$AA@ 0040f0e0     Database.obj
 0003:000000f4       ??_C@_0BD@MLEO@CTLUNIT_REQ_CLIENT?$AA@ 0040f0f4     Database.obj
 0003:00000108       ??_C@_0BA@GKNL@CTLUNIT_PORT_NO?$AA@ 0040f108     Database.obj
 0003:00000118       ??_C@_0L@GGGH@CTLUNIT_IP?$AA@ 0040f118     Database.obj
 0003:00000124       ??_C@_0BA@HAG@CTLUNIT_OU_GUID?$AA@ 0040f124     Database.obj
 0003:00000134       ??_C@_0N@LMIL@CTLUNIT_GUID?$AA@ 0040f134     Database.obj
 0003:00000144       ??_C@_0EF@CCCD@SELECT?5?$CK?5FROM?5DOCUGATE_GENERAL_C@ 0040f144     Database.obj
 0003:0000018c       ??_C@_0CH@GHBF@SELECT?5?$CK?5FROM?5DOCUGATE_GENERAL_C@ 0040f18c     Database.obj
 0003:000001b4       ??_C@_0DA@IJPI@CMyDatabase?3?3GetStationCustomPL?$CI@ 0040f1b4     Database.obj
 0003:000001e4       ??_C@_0DO@EKNN@CMyDatabase?3?3GetStationCustomPL?$CI@ 0040f1e4     Database.obj
 0003:00000224       ??_C@_03LAFH@PL4?$AA@      0040f224     Database.obj
 0003:00000228       ??_C@_03OFLC@PL3?$AA@      0040f228     Database.obj
 0003:0000022c       ??_C@_03EPCF@PL2?$AA@      0040f22c     Database.obj
 0003:00000230       ??_C@_03LAJM@PL1?$AA@      0040f230     Database.obj
 0003:00000234       ??_C@_07IKEP@ENABLED?$AA@  0040f234     Database.obj
 0003:0000023c       ??_C@_0CE@EEDN@CMyDatabase?3?3GetStationCustomPL?$CI@ 0040f23c     Database.obj
 0003:00000260       ??_C@_0EL@CLEB@SELECT?5?$CK?5FROM?5DOCUGATE_GENERAL_C@ 0040f260     Database.obj
 0003:000002ac       ??_C@_0CD@OACJ@CMyDatabase?3?3GetUnitOrCurrency?$CI?$CF@ 0040f2ac     Database.obj
 0003:000002d0       ??_C@_0FA@CKNF@SELECT?5GLOBALS_UNITVALUE?0GLOBALS@ 0040f2d0     Database.obj
 0003:00000320       ??_C@_03HHKO@?$CFs?6?$AA@  0040f320     Database.obj
 0003:00000324       ??_C@_0CA@KGGF@CMyDatabase?3?3OpenConnection?$CI?$CFs?$CJ?$AA@ 0040f324     Database.obj
 0003:00000344       ??_C@_0BN@NPAL@CMyDatabase?3?3CheckHandle?$CI?$CFs?$CJ?$AA@ 0040f344     Database.obj
 0003:00000364       ??_C@_0BC@DOKK@SELECT?5GETDATE?$CI?$CJ?$DL?$AA@ 0040f364     Database.obj
 0003:00000378       ??_C@_0CB@CHCL@CMyDatabase?3?3CloseConnection?$CI?$CFs?$CJ@ 0040f378     Database.obj
 0003:0000039c       ??_C@_0BK@GHNG@CMyDatabase?3?3GetGroup?$CI?$CFs?$CJ?$AA@ 0040f39c     Database.obj
 0003:000003b8       ??_C@_0IB@EPFI@SELECT?5OU_DEFAULT_CLIENT?0OU_DEFA@ 0040f3b8     Database.obj
 0003:0000043c       ??_C@_0P@IJLI@SELECT?5NEWID?$CI?$CJ?$AA@ 0040f43c     Database.obj
 0003:0000044c       ??_C@_0CA@DFEO@CMyDatabase?3?3GetAccMaxSpend?$CI?$CFs?$CJ?$AA@ 0040f44c     Database.obj
 0003:0000046c       ??_C@_0EP@KOCJ@SELECT?5ENABLED?0AMOUNT?5FROM?5DOCUG@ 0040f46c     Database.obj
 0003:000004bc       ??_C@_0EN@IIHI@SELECT?5ENABLED?0AMOUNT?5FROM?5DOCUG@ 0040f4bc     Database.obj
 0003:0000050c       ??_C@_0EO@FPEF@SELECT?5GLOBALS_MAXSPEND_ENABLED?0@ 0040f50c     Database.obj
 0003:0000055c       ??_C@_0IO@HII@SELECT?5ACC_DEFAULT_CLIENT?0ACC_DE@ 0040f55c     Database.obj
 0003:000005ec       ??_C@_0BO@GCLA@CMyDatabase?3?3VerifyClient?$CI?$CFs?$CJ?$AA@ 0040f5ec     Database.obj
 0003:0000060c       ??_C@_0DO@PJO@SELECT?5COUNT?$CI?$CK?$CJ?5FROM?5DOCUGATE_GE@ 0040f60c     Database.obj
 0003:0000064c       ??_C@_0BO@FKPO@CMyDatabase?3?3VerifyMatter?$CI?$CFs?$CJ?$AA@ 0040f64c     Database.obj
 0003:0000066c       ??_C@_0FA@LKBM@SELECT?5COUNT?$CI?$CK?$CJ?5FROM?5DOCUGATE_CM@ 0040f66c     Database.obj
 0003:000006bc       ??_C@_0BM@KKLM@CMyDatabase?3?3GetStation?$CI?$CFs?$CJ?$AA@ 0040f6bc     Database.obj
 0003:000006d8       ??_C@_0HI@HCCA@SELECT?5GLOBALS_SFBW?0?5GLOBALS_LFB@ 0040f6d8     Database.obj
 0003:00000750       ??_C@_0BO@ODPE@CMyDatabase?3?3GetAccountID?$CI?$CFs?$CJ?$AA@ 0040f750     Database.obj
 0003:00000770       ??_C@_02DILL@?$CFs?$AA@    0040f770     Database.obj
 0003:00000774       ??_C@_0EH@JIBB@SELECT?5ACC_OU_GUID?5FROM?5DOCUGATE@ 0040f774     Database.obj
 0003:000007bc       ??_C@_0EG@OMID@SELECT?5ACC_ACC_GUID?5FROM?5DOCUGAT@ 0040f7bc     Database.obj
 0003:00000804       ??_C@_0FN@DBGI@SELECT?5ACC_ACC_GUID?5FROM?5DOCUGAT@ 0040f804     Database.obj
 0003:00000864       ??_C@_0CF@CDDL@CMyDatabase?3?3GetOffLineAccountID@ 0040f864     Database.obj
 0003:0000088c       ??_C@_0DD@KO@SELECT?5ACCOUNTID?5FROM?5ACCOUNTS?5W@ 0040f88c     Database.obj
 0003:000008c0       ??_C@_0CF@NBFA@CMyDatabase?3?3UpdateOffLineCopier@ 0040f8c0     Database.obj
 0003:000008e8       ??_C@_0EI@HNLG@UPDATE?5DEVICES?5SET?5CURRENTCOUNT?5@ 0040f8e8     Database.obj
 0003:00000930       ??_C@_0BP@BFAP@CMyDatabase?3?3UpdateAccount?$CI?$CFs?$CJ?$AA@ 0040f930     Database.obj
 0003:00000950       ??_C@_0EJ@IHOF@UPDATE?5DOCUGATE_GENERAL_ACC?5SET?5@ 0040f950     Database.obj
 0003:0000099c       ??_C@_0CG@PFPA@CMyDatabase?3?3UpdateOffLineAccoun@ 0040f99c     Database.obj
 0003:000009c4       ??_C@_0EA@GICM@UPDATE?5ACCOUNTS?5SET?5BALANCE?5?$DN?5BA@ 0040f9c4     Database.obj
 0003:00000a04       ??_C@_0EA@KPEC@UPDATE?5ACCOUNTS?5SET?5BALANCE?5?$DN?5BA@ 0040fa04     Database.obj
 0003:00000a44       ??_C@_0BM@FMPE@CMyDatabase?3?3LogCopyJob?$CI?$CFs?$CJ?$AA@ 0040fa44     Database.obj
 0003:00000a60       ??_C@_0BCC@FPHL@INSERT?5INTO?5DOCUGATE_GENERAL_ACT@ 0040fa60     Database.obj
 0003:00000b84       ??_C@_0BM@JPDM@CMyDatabase?3?3LogJournel?$CI?$CFs?$CJ?$AA@ 0040fb84     Database.obj
 0003:00000ba0       ??_C@_0HG@MOFC@INSERT?5INTO?5DOCUGATE_GENERAL_ACT@ 0040fba0     Database.obj
 0003:00000c18       ??_C@_0BO@OOEE@MCR?5Unit?5?$CFs?0?5?$CD?5of?5Copies?5?$DN?5?$CFd?$AA@ 0040fc18     Database.obj
 0003:00000c38       ??_C@_0FO@PBJL@INSERT?5INTO?5DOCUGATE_GENERAL_ACT@ 0040fc38     Database.obj
 0003:00000c98       ??_C@_0CK@NNMN@CMyDatabase?3?3RemoveActiveCopySes@ 0040fc98     Database.obj
 0003:00000cc4       ??_C@_0CM@LBAA@DELETE?5FROM?5DOCUGATE_GENERAL_ACT@ 0040fcc4     Database.obj
 0003:00000cf0       ??_C@_0CJ@HJCD@CMyDatabase?3?3DeleteActiveCopySes@ 0040fcf0     Database.obj
 0003:00000d1c       ??_C@_0EC@BHJC@DELETE?5FROM?5DOCUGATE_GENERAL_ACT@ 0040fd1c     Database.obj
 0003:00000d60       ??_C@_0CG@KNLI@CMyDatabase?3?3AddActiveCopySessio@ 0040fd60     Database.obj
 0003:00000d88       ??_C@_0EF@PNMO@INSERT?5INTO?5DOCUGATE_GENERAL_ACT@ 0040fd88     Database.obj
 0003:00000dd0       ??_C@_0CB@DHMP@CMyDatabase?3?3IsActiveSession?$CI?$CFs?$CJ@ 0040fdd0     Database.obj
 0003:00000df4       ??_C@_0FL@MD@SELECT?5count?$CI?$CK?$CJ?5as?5SessionCount?5@ 0040fdf4     Database.obj
 0003:00000e50       ??_C@_05JKGC@NOW?$CI?$CJ?$AA@ 0040fe50     Database.obj
 0003:00000e58       ??_C@_09BIJN@GETDATE?$CI?$CJ?$AA@ 0040fe58     Database.obj
 0003:00000e64       ??_C@_0EK@IFLO@UPDATE?5SMARTPRINT_STATIONS?5SET?5S@ 0040fe64     Database.obj
 0003:00000eb0       ??_C@_0CK@FBPN@CMyDatabase?3?3Handle_DroppedConne@ 0040feb0     Database.obj
 0003:00000edc       ??_C@_0FJ@DMIG@UPDATE?5SMARTPRINT_STATIONS?5SET?5S@ 0040fedc     Database.obj
 0003:00000f38       ??_C@_0CG@HJLP@CMyDatabase?3?3Handle_SessionActiv@ 0040ff38     Database.obj
 0003:00000f60       ??_C@_0FJ@PIOG@UPDATE?5DOCUGATE_GENERAL_CTLUNIT?5@ 0040ff60     Database.obj
 0003:00000fbc       ??_C@_0FI@PMGN@UPDATE?5DOCUGATE_GENERAL_CTLUNIT?5@ 0040ffbc     Database.obj
 0003:00001014       ??_C@_0CG@KEHH@CMyDatabase?3?3Handle_SessionClose@ 00410014     Database.obj
 0003:0000103c       ??_C@_0FI@MILI@UPDATE?5DOCUGATE_GENERAL_CTLUNIT?5@ 0041003c     Database.obj
 0003:00001094       ??_C@_0CE@JOEO@CMyDatabase?3?3Handle_SessionIdle?$CI@ 00410094     Database.obj
 0003:000010b8       ??_C@_0FG@KLCI@UPDATE?5DOCUGATE_GENERAL_CTLUNIT?5@ 004100b8     Database.obj
 0003:00001110       ??_C@_0CG@HFJB@CMyDatabase?3?3Handle_NewConnectio@ 00410110     Database.obj
 0003:00001138       ??_C@_0GA@OBJE@UPDATE?5DOCUGATE_GENERAL_CTLUNIT?5@ 00410138     Database.obj
 0003:00001198       ??_C@_0BO@ILDL@CMyDatabase?3?3UpdateSchema?$CI?$CFs?$CJ?$AA@ 00410198     Database.obj
 0003:000011b8       ??_C@_0LF@EHF@if?5not?5exists?5?$CIselect?5?$CK?5from?5sys@ 004101b8     Database.obj
 0003:00001270       ??_C@_0LH@ODI@if?5not?5exists?5?$CIselect?5?$CK?5from?5sys@ 00410270     Database.obj
 0003:00001328       ??_C@_0LJ@CCJG@if?5not?5exists?5?$CIselect?5?$CK?5from?5sys@ 00410328     Database.obj
 0003:000013e4       ??_C@_0LN@GAAM@if?5not?5exists?5?$CIselect?5?$CK?5from?5sys@ 004103e4     Database.obj
 0003:000014a4       ??_C@_0FM@INKG@DG?5Control?$CI1027?$CJ?5Monitor?5Thread?5@ 004104a4     Discovery.obj
 0003:00001500       ??_C@_01KPOD@?$DN?$AA@     00410500     IniEx.obj
 0003:00001504       ??_C@_07OJDM@?$CFs?$CFs?$CFs?6?$AA@ 00410504     IniEx.obj
 0003:0000150c       ??_C@_05NIPM@?$FL?$CFs?$FN?6?$AA@ 0041050c     IniEx.obj
 0003:00001514       ??_C@_07EGPA@?$CFs?4?$CF?43d?$AA@ 00410514     IniEx.obj
 0003:0000151c       ??_C@_03DCMC@?$CK?4?$CK?$AA@ 0041051c     IniEx.obj
 0003:00001520       ??_C@_0N@ILDM@?$CFs?0?$CFs?0?$CFs?0?$CFs?6?$AA@ 00410520     Logger.obj
 0003:00001530       ??_C@_02JBML@?$CFc?$AA@    00410530     Logger.obj
 0003:00001534       ??_C@_01FNLH@a?$AA@        00410534     Logger.obj
 0003:00001538       ??_C@_06KKCN@?$CFs?$CFs?$CFs?$AA@ 00410538     Logger.obj
 0003:00001540       ?Length@@3KA               00410540     TheApp.obj
 0003:00001544       ??_C@_0FJ@NFEJ@Driver?$DN?$HLSQL?5Server?$HN?$DLServer?$DN?$CFs?$DLDa@ 00410544     TheApp.obj
 0003:000015a0       ??_C@_0EA@JMNI@Main?$CI?$CJ?5Thread?5ID?3?$CFd?$DL?5Active?5conn@ 004105a0     TheApp.obj
 0003:000015e0       ??_C@_0DJ@OPAM@Thread?5ID?3?$CFd?$DL?5Thread?5started?5for@ 004105e0     TheApp.obj
 0003:0000161c       ??_C@_0CE@BHBM@Main?$CI?$CJ?5Thread?5ID?3?$CFd?$DLDatabase?5Clo@ 0041061c     TheApp.obj
 0003:00001640       ??_C@_0DM@FBKP@Main?$CI?$CJ?5Thread?5ID?3?$CFd?$DLService?5Star@ 00410640     TheApp.obj
 0003:0000167c       ??_C@_0CM@OPG@Main?$CI?$CJ?5Thread?5ID?3?$CFd?$DLDatabase?5Sch@ 0041067c     TheApp.obj
 0003:000016a8       ??_C@_0CK@PHP@Main?$CI?$CJ?5Thread?5ID?3?$CFd?$DLDatabase?5Ope@ 004106a8     TheApp.obj
 0003:000016d4       ??_C@_0EH@KGHI@Main?$CI?$CJ?5Thread?5ID?3?$CFd?$DL?5Failed?5to?5e@ 004106d4     TheApp.obj
 0003:0000171c       ??_C@_0M@CDAJ@DGC_MCR?4log?$AA@ 0041071c     TheApp.obj
 0003:00001728       ??_C@_0P@KNKH@DGC_MCR_?$CFs?4log?$AA@ 00410728     TheApp.obj
 0003:00001738       ??_C@_0EB@MPLA@Main?$CI?$CJ?5Thread?5ID?3?$CFd?$DLNeed?5the?5Hos@ 00410738     TheApp.obj
 0003:0000177c       ??_C@_0CH@DBEI@Fatal?5Error?3?5MFC?5initialization?5@ 0041077c     TheApp.obj
 0003:000017a4       ??_C@_0DC@OAMH@DG?5Control?5?$CI?$CFs?$CJ?3?5No?5Database?5Con@ 004107a4     Worker.obj
 0003:000017d8       ??_C@_0BN@GAAC@No?5Database?5Connection?5?$EA?5?$CFs?6?$AA@ 004107d8     Worker.obj
 0003:000017f8       ??_C@_0IB@NBDG@3150433541414E584333334635353235@ 004107f8     Worker.obj
 0003:0000187c       ??_C@_0CL@NHFO@Thread?5ID?3?$CFd?$DLDG?5Control?5?$CI?$CFs?$CJ?3?5Ma@ 0041087c     Worker.obj
 0003:000018a8       ??_C@_0CL@GKPG@Thread?5ID?3?$CFd?$DLDG?5Control?5?$CI?$CFs?$CJ?3?5Cl@ 004108a8     Worker.obj
 0003:000018d4       ??_C@_0CN@JBKN@Thread?5ID?3?$CFd?$DLDG?5Control?5?$CI?$CFs?$CJ?3?5Pa@ 004108d4     Worker.obj
 0003:00001904       ??_C@_0CL@NJKI@Thread?5ID?3?$CFd?$DLDG?5Control?5?$CI?$CFs?$CJ?3?5Ac@ 00410904     Worker.obj
 0003:00001930       ??_C@_05HIBB@CLEAR?$AA@    00410930     Worker.obj
 0003:00001938       ??_C@_02IALM@UP?$AA@       00410938     Worker.obj
 0003:0000193c       ??_C@_04MFOA@DOWN?$AA@     0041093c     Worker.obj
 0003:00001944       ??_C@_0BH@IELM@Station?5Location?5?$DN?5?$CFs?6?$AA@ 00410944     Worker.obj
 0003:0000195c       ??_C@_0BD@OJKA@Location?5received?6?$AA@ 0041095c     Worker.obj
 0003:00001970       ??_C@_0BC@JKM@Gateway?5received?6?$AA@ 00410970     Worker.obj
 0003:00001984       ??_C@_0P@PJBH@Mask?5received?6?$AA@ 00410984     Worker.obj
 0003:00001994       ??_C@_0M@IBML@?$CFd?4?$CFd?4?$CFd?4?$CFd?$AA@ 00410994     Worker.obj
 0003:000019a0       ??_C@_0BC@OJBM@Address?5received?6?$AA@ 004109a0     Worker.obj
 0003:000019b4       ??_C@_0BH@OMHN@Currency?5Ack?5received?6?$AA@ 004109b4     Worker.obj
 0003:000019cc       ??_C@_0P@EFBK@Session?3?5$?$CF?42f?$AA@ 004109cc     Worker.obj
 0003:000019dc       ??_C@_0BC@PNAP@Session?3?5?$CFd?5Units?$AA@ 004109dc     Worker.obj
 0003:000019f0       ??_C@_0P@EFEJ@Balance?3?5$?$CF?42f?$AA@ 004109f0     Worker.obj
 0003:00001a00       ??_C@_0BC@POPL@Balance?3?5?$CFd?5Units?$AA@ 00410a00     Worker.obj
 0003:00001a14       ??_C@_0DK@IANA@Thread?5ID?3?$CFd?$DLDG?5Control?5?$CI?$CFs?$CJ?3?5MC@ 00410a14     Worker.obj
 0003:00001a50       ??_C@_0CE@NCK@HOST?5Session?5Terminated?5clean?5?9?5@ 00410a50     Worker.obj
 0003:00001a74       ??_C@_0DK@KOHB@Thread?5ID?3?$CFd?$DLDG?5Control?5?$CI?$CFs?$CJ?3?5MC@ 00410a74     Worker.obj
 0003:00001ab0       ??_C@_0CD@OGEP@MCR?5Session?5Terminated?5clean?5?9?5?$CF@ 00410ab0     Worker.obj
 0003:00001ad4       ??_C@_0P@FBMK@Clock?5Set?5Ack?6?$AA@ 00410ad4     Worker.obj
 0003:00001ae4       ??_C@_0BE@FOCP@Delay?5Ack?5received?6?$AA@ 00410ae4     Worker.obj
 0003:00001af8       ??_C@_0O@HMLF@Mac?5received?6?$AA@ 00410af8     Worker.obj
 0003:00001b08       ??_C@_0BK@DMJK@Offline?5Max?5Ack?5received?6?$AA@ 00410b08     Worker.obj
 0003:00001b24       ??_C@_0BL@KGKE@Offline?5mode?5Ack?5received?6?$AA@ 00410b24     Worker.obj
 0003:00001b40       ??_C@_0CL@FKNN@Display?5At?5ack?5received?5for?5Row?5@ 00410b40     Worker.obj
 0003:00001b6c       ??_C@_07MBKB@COPYJOB?$AA@  00410b6c     Worker.obj
 0003:00001b74       ??_C@_07CNPM@UNKNOWN?$AA@  00410b74     Worker.obj
 0003:00001b7c       ??_C@_0CG@GLND@OffLine?5Count?5Rcved?0?5?$CFd?5Transact@ 00410b7c     Worker.obj
 0003:00001ba4       ??_C@_0DG@PKMC@Thread?5ID?3?$CFd?$DLDG?5Control?5?$CI?$CFs?$CJ?3?5Ab@ 00410ba4     Worker.obj
 0003:00001bdc       ??_C@_0DE@PKOC@Connection?5was?5Terminated?5?9?5Acti@ 00410bdc     Worker.obj
 0003:00001c10       ??_C@_0DB@ECGC@Thread?5ID?3?$CFd?$DLDG?5Control?5?$CI?$CFs?$CJ?3?5Ab@ 00410c10     Worker.obj
 0003:00001c44       ??_C@_0CE@EJJB@Thread?5ID?3?$CFd?$DLThread?5Terminated?5?$EA@ 00410c44     Worker.obj
 0003:00001c68       ??_C@_0BI@PEEL@Thread?5Terminated?5?$EA?5?$CFs?6?$AA@ 00410c68     Worker.obj
 0003:00001c80       ??_C@_0DN@MIHF@Thread?5ID?3?$CFd?$DLTCPIP?5Connection?5Di@ 00410c80     Worker.obj
 0003:00001cc0       ??_C@_0CH@KJGL@Thread?5Disconnected?5?$EA?5?$CFs?5?9?5Resul@ 00410cc0     Worker.obj
 0003:00001ce8       ??_C@_0DJ@ODCK@Thread?5ID?3?$CFd?$DLTCPIP?5Connection?5Di@ 00410ce8     Worker.obj
 0003:00001d24       ??_C@_0BL@FPNK@Thread?5Disconnecting?5?$EA?5?$CFs?6?$AA@ 00410d24     Worker.obj
 0003:00001d40       ??_C@_0GB@HNHJ@Thread?5ID?3?$CFd?$DLDG?5Control?5?$CI?$CFs?$CJ?3?5No@ 00410d40     Worker.obj
 0003:00001da4       ??_C@_0DJ@DAHP@No?5Response?5to?5set?5SetPriceLine?$CI@ 00410da4     Worker.obj
 0003:00001de0       ??_C@_0GB@MKIE@Thread?5ID?3?$CFd?$DLDG?5Control?5?$CI?$CFs?$CJ?3?5No@ 00410de0     Worker.obj
 0003:00001e44       ??_C@_0DJ@CKIN@No?5Response?5to?5set?5SetKeyBoard?$CI0@ 00410e44     Worker.obj
 0003:00001e80       ??_C@_0GF@MHLD@Thread?5ID?3?$CFd?$DLDG?5Control?5?$CI?$CFs?$CJ?3?5No@ 00410e80     Worker.obj
 0003:00001ee8       ??_C@_0DN@GCLO@No?5Response?5to?5set?5SetAuthentica@ 00410ee8     Worker.obj
 0003:00001f28       ??_C@_0GF@FFMC@Thread?5ID?3?$CFd?$DLDG?5Control?5?$CI?$CFs?$CJ?3?5No@ 00410f28     Worker.obj
 0003:00001f90       ??_C@_0DN@KFFN@No?5Response?5to?5set?5SetAuthentica@ 00410f90     Worker.obj
 0003:00001fd0       ??_C@_0EP@CPPI@Thread?5ID?3?$CFd?$DLDG?5Control?5?$CI?$CFs?$CJ?3?5No@ 00410fd0     Worker.obj
 0003:00002020       ??_C@_0BN@OAFF@no?5Database?5Connection?5?$EA?5?$CFs?6?$AA@ 00411020     Worker.obj
 0003:00002040       ??_C@_0CN@NDA@Thread?5ID?$DN?$CFs?0Address?$DN?$CFs?0State?$DNNo@ 00411040     Worker.obj
 0003:00002070       ??_C@_0DG@MMHH@Thread?5ID?$DN?$CFs?0Address?$DN?$CFs?0State?$DNNo@ 00411070     Worker.obj
 0003:000020a8       ??_C@_0DH@IAH@Thread?5ID?3?$CFd?$DLDG?5Control?5?$CI?$CFs?$CJ?3?5Id@ 004110a8     Worker.obj
 0003:000020e0       ??_C@_0CA@OPLC@Idle?5Connection?5Detected?5?5?$EA?5?$CFs?6?$AA@ 004110e0     Worker.obj
 0003:00002100       ??_C@_0FP@IGPP@Thread?5ID?3?$CFd?$DLDG?5Control?5?$CI?$CFs?$CJ?3?5No@ 00411100     Worker.obj
 0003:00002160       ??_C@_0DD@KJLN@No?5Response?5to?5SetBadData?$CI?$CJ?5with@ 00411160     Worker.obj
 0003:00002194       ??_C@_0FN@FJOI@Thread?5ID?3?$CFd?$DLDG?5Control?5?$CI?$CFs?$CJ?3?5No@ 00411194     Worker.obj
 0003:000021f4       ??_C@_0DF@LCBH@No?5Response?5to?5set?5SetDelay?$CI?$CJ?5wi@ 004111f4     Worker.obj
 0003:0000222c       ??_C@_0GA@KEJO@Thread?5ID?3?$CFd?$DLDG?5Control?5?$CI?$CFs?$CJ?3?5No@ 0041122c     Worker.obj
 0003:0000228c       ??_C@_0DI@JNN@No?5Response?5to?5set?5SetCurrency?$CI?$CJ@ 0041128c     Worker.obj
 0003:000022c4       ??_C@_0GD@EKKB@Thread?5ID?3?$CFd?$DLDG?5Control?5?$CI?$CFs?$CJ?3?5No@ 004112c4     Worker.obj
 0003:00002328       ??_C@_0DF@FIJA@no?5response?5to?5RequestAddress?5wi@ 00411328     Worker.obj
 0003:00002360       ??_C@_0GA@COEE@Thread?5ID?3?$CFd?$DLDG?5Control?5?$CI?$CFs?$CJ?3?5No@ 00411360     Worker.obj
 0003:000023c0       ??_C@_0DC@ONIG@no?5response?5to?5RequestMask?5withi@ 004113c0     Worker.obj
 0003:000023f4       ??_C@_0GD@FLD@Thread?5ID?3?$CFd?$DLDG?5Control?5?$CI?$CFs?$CJ?3?5No@ 004113f4     Worker.obj
 0003:00002458       ??_C@_0DF@EBMO@no?5response?5to?5RequestGateway?5wi@ 00411458     Worker.obj
 0003:00002490       ??_C@_0FP@BIKP@Thread?5ID?3?$CFd?$DLDG?5Control?5?$CI?$CFs?$CJ?3?5No@ 00411490     Worker.obj
 0003:000024f0       ??_C@_0DB@NBD@no?5response?5to?5requestMac?5within@ 004114f0     Worker.obj
 0003:00002524       ??_C@_0GE@GGDO@Thread?5ID?3?$CFd?$DLDG?5Control?5?$CI?$CFs?$CJ?3?5No@ 00411524     Worker.obj
 0003:00002588       ??_C@_0DL@PGOI@no?5response?5to?5RequestLocation?5t@ 00411588     Worker.obj
 0003:000025c4       ??_C@_0FP@LOHO@Thread?5ID?3?$CFd?$DLDG?5Control?5?$CI?$CFs?$CJ?3?5No@ 004115c4     Worker.obj
 0003:00002624       ??_C@_0DD@LK@No?5response?5to?5SetInitial?$CI?$CJ?5with@ 00411624     Worker.obj
 0003:00002658       ??_C@_0FM@BEK@Thread?5ID?3?$CFd?$DLDG?5Control?5?$CI?$CFs?$CJ?3?5No@ 00411658     Worker.obj
 0003:000026b4       ??_C@_0DA@LGAP@No?5response?5to?5SetTime?$CI?$CJ?5within?5@ 004116b4     Worker.obj
 0003:000026e4       ??_C@_0GA@LENK@Thread?5ID?3?$CFd?$DLDG?5Control?5?$CI?$CFs?$CJ?3?5No@ 004116e4     Worker.obj
 0003:00002744       ??_C@_0DE@JHKA@no?5response?5to?5SetKeyBoard?$CI?$CJ?5wit@ 00411744     Worker.obj
 0003:00002778       ??_C@_0DD@EICB@Dead?5Connection?5Detected?5?9?5Activ@ 00411778     Worker.obj
 0003:000027ac       ??_C@_0CG@PPMP@Thread?5ID?3?$CFd?$DLDead?5Connection?5Det@ 004117ac     Worker.obj
 0003:000027d4       ??_C@_0BK@HNHP@Dead?5Conn?5Detected?5?5?$EA?5?$CFs?6?$AA@ 004117d4     Worker.obj
 0003:000027f0       ??_C@_0DF@HNAK@Thread?5ID?3?$CFd?$DLDG?5Control?5?$CI?$CFs?$CJ?3?5Ca@ 004117f0     Worker.obj
 0003:00002828       ??_C@_0BL@BLF@Calling?5SetPriceLine?5?$EA?5?$CFs?6?$AA@ 00411828     Worker.obj
 0003:00002844       ??_C@_02JBAA@?$CFf?$AA@    00411844     Worker.obj
 0003:00002848       ??_C@_0P@CFEM@Error?3?5DG?90008?$AA@ 00411848     Worker.obj
 0003:00002858       ??_C@_0P@CEBB@Error?3?5DG?90007?$AA@ 00411858     Worker.obj
 0003:00002868       ??_C@_0P@HBDP@Error?3?5DG?90005?$AA@ 00411868     Worker.obj
 0003:00002878       ??_C@_0P@IPNL@Error?3?5DG?90009?$AA@ 00411878     Worker.obj
 0003:00002888       ??_C@_0BA@GM@Error?3?5DG?90001a?$AA@ 00411888     Worker.obj
 0003:00002898       ??_C@_0P@NLGD@Error?3?5DG?90001?$AA@ 00411898     Worker.obj
 0003:000028a8       ??_C@_0BL@FDAD@Account?5Already?5Logged?5On?6?$AA@ 004118a8     Worker.obj
 0003:000028c4       ??_C@_0P@NLKI@Error?3?5DG?90004?$AA@ 004118c4     Worker.obj
 0003:000028d4       ??_C@_0BO@HGJK@No?5Account?5Located?5for?5ID?5?$CFs?6?$AA@ 004118d4     Worker.obj
 0003:000028f4       ??_C@_0P@GHFO@Error?3?5DG?90010?$AA@ 004118f4     Worker.obj
 0003:00002904       ??_C@_0DF@CECE@Thread?5ID?3?$CFd?$DLDG?5Control?5?$CI?$CFs?$CJ?3?5Ca@ 00411904     Worker.obj
 0003:0000293c       ??_C@_0BN@NBGE@Calling?5SetKeyBoard?$CI0?$CJ?5?$EA?5?$CFs?6?$AA@ 0041193c     Worker.obj
 0003:0000295c       ??_C@_0DJ@LBFP@Thread?5ID?3?$CFd?$DLDG?5Control?5?$CI?$CFs?$CJ?3?5Ca@ 0041195c     Worker.obj
 0003:00002998       ??_C@_0CB@ICKO@Calling?5SetAuthenticate2?$CI?$CJ?5?$EA?5?$CFs?6@ 00411998     Worker.obj
 0003:000029bc       ??_C@_0DJ@EHGE@Thread?5ID?3?$CFd?$DLDG?5Control?5?$CI?$CFs?$CJ?3?5Ca@ 004119bc     Worker.obj
 0003:000029f8       ??_C@_0CB@MEHG@Calling?5SetAuthenticate1?$CI?$CJ?5?$EA?5?$CFs?6@ 004119f8     Worker.obj
 0003:00002a1c       ??_C@_0EJ@BNMK@Thread?5ID?3?$CFd?$DLDG?5Control?5?$CI?$CFs?$CJ?3?5Au@ 00411a1c     Worker.obj
 0003:00002a68       ??_C@_0DD@FFFB@Thread?5ID?3?$CFd?$DLDG?5Control?5?$CI?$CFs?$CJ?3?5Ca@ 00411a68     Worker.obj
 0003:00002a9c       ??_C@_0BL@HKLE@Calling?5SetBadData?$CI?$CJ?5?$EA?5?$CFs?6?$AA@ 00411a9c     Worker.obj
 0003:00002ab8       ??_C@_0DB@DJHN@Thread?5ID?3?$CFd?$DLDG?5Control?5?$CI?$CFs?$CJ?3?5Ca@ 00411ab8     Worker.obj
 0003:00002aec       ??_C@_0BJ@BIHH@Calling?5SetDelay?$CI?$CJ?5?$EA?5?$CFs?6?$AA@ 00411aec     Worker.obj
 0003:00002b08       ??_C@_0DE@HIAK@Thread?5ID?3?$CFd?$DLDG?5Control?5?$CI?$CFs?$CJ?3?5Ca@ 00411b08     Worker.obj
 0003:00002b3c       ??_C@_0BK@FMPF@Calling?5SetCurrency?5?$EA?5?$CFs?6?$AA@ 00411b3c     Worker.obj
 0003:00002b58       ??_C@_0DB@PCGH@Thread?5ID?3?$CFd?$DLDG?5Control?5?$CI?$CFs?$CJ?3?5Re@ 00411b58     Worker.obj
 0003:00002b8c       ??_C@_0BJ@FJJH@Requesting?5Address?5?$EA?5?$CFs?6?$AA@ 00411b8c     Worker.obj
 0003:00002ba8       ??_C@_0CO@IDNP@Thread?5ID?3?$CFd?$DLDG?5Control?5?$CI?$CFs?$CJ?3?5Re@ 00411ba8     Worker.obj
 0003:00002bd8       ??_C@_0BG@GOOE@Requesting?5Mask?5?$EA?5?$CFs?6?$AA@ 00411bd8     Worker.obj
 0003:00002bf0       ??_C@_0DB@LINN@Thread?5ID?3?$CFd?$DLDG?5Control?5?$CI?$CFs?$CJ?3?5Re@ 00411bf0     Worker.obj
 0003:00002c24       ??_C@_0BJ@EAM@Requesting?5Gateway?5?$EA?5?$CFs?6?$AA@ 00411c24     Worker.obj
 0003:00002c40       ??_C@_0CN@FHBH@Thread?5ID?3?$CFd?$DLDG?5Control?5?$CI?$CFs?$CJ?3?5Re@ 00411c40     Worker.obj
 0003:00002c70       ??_C@_0BF@BOGM@Requesting?5Mac?5?$EA?5?$CFs?6?$AA@ 00411c70     Worker.obj
 0003:00002c88       ??_C@_0DC@LDGH@Thread?5ID?3?$CFd?$DLDG?5Control?5?$CI?$CFs?$CJ?3?5Re@ 00411c88     Worker.obj
 0003:00002cbc       ??_C@_0BK@EOKE@Requesting?5Location?5?$EA?5?$CFs?6?$AA@ 00411cbc     Worker.obj
 0003:00002cd8       ??_C@_0DD@NIPF@Thread?5ID?3?$CFd?$DLDG?5Control?5?$CI?$CFs?$CJ?3?5Ca@ 00411cd8     Worker.obj
 0003:00002d0c       ??_C@_0BL@HGJP@Calling?5SetInitial?$CI?$CJ?5?$EA?5?$CFs?6?$AA@ 00411d0c     Worker.obj
 0003:00002d28       ??_C@_0DA@HILB@Thread?5ID?3?$CFd?$DLDG?5Control?5?$CI?$CFs?$CJ?3?5Ca@ 00411d28     Worker.obj
 0003:00002d58       ??_C@_0BI@GOJO@Calling?5SetTime?$CI?$CJ?5?$EA?5?$CFs?6?$AA@ 00411d58     Worker.obj
 0003:00002d70       ??_C@_0DE@LMAC@Thread?5ID?3?$CFd?$DLDG?5Control?5?$CI?$CFs?$CJ?3?5Ca@ 00411d70     Worker.obj
 0003:00002da4       ??_C@_0BE@JIHD@SetKeyboard?$CI?$CJ?5?$EA?5?$CFs?6?$AA@ 00411da4     Worker.obj
 0003:00002db8       ??_C@_0BH@DECL@Thread?5ID?3?$CFd?$DLPong?5Sent?$AA@ 00411db8     Worker.obj
 0003:00002dd0       ??_C@_0BF@ECJK@Fire?5Connected?5?$EA?5?$CFs?6?$AA@ 00411dd0     Worker.obj
 0003:00002de8       ??_C@_0CH@BLFF@Thread?5ID?3?$CFd?$DLTCP?1IP?5Connection?5S@ 00411de8     Worker.obj
 0003:00002e10       ??_C@_0BO@JGKF@Connection?5Failed?5?$EA?5?$CFs?5?9?5?$CI?$CFd?$CJ?$AA@ 00411e10     Worker.obj
 0003:00002e30       ??_C@_0CK@ECLP@Thread?5ID?3?$CFd?$DLTCP?1IP?5Connection?5F@ 00411e30     Worker.obj
 0003:00002e5c       ??_C@_02MECO@?$CFd?$AA@    00411e5c     Worker.obj
 0003:00002e60       ??_C@_0CJ@DCFM@Thread?5ID?3?$CFd?$DLDatabase?5Connection@ 00411e60     Worker.obj
 0003:00002e8c       ??_C@_0CI@BMNG@Thread?5ID?3?$CFd?$DLDatabase?5Connection@ 00411e8c     Worker.obj
 0003:00002eb4       ??_C@_0DB@KNAH@Thread?5ID?3?$CFd?$DLStation?5Address?3?$CFs?5@ 00411eb4     Worker.obj
 0003:00002ee8       ??_C@_0BB@EILC@Session?3?50?5Units?$AA@ 00411ee8     Worker.obj
 0003:00002efc       ??_C@_0P@HOLG@Session?3?5$0?400?$AA@ 00411efc     Worker.obj
 0003:00002f0c       ??_C@_0BD@IOAL@Press?5CLEAR?5to?5End?$AA@ 00411f0c     Worker.obj
 0003:00002f20       ??_C@_0BB@PJDJ@Copier?5Activated?$AA@ 00411f20     Worker.obj
 0003:00002f34       ??_C@_01FBAH@1?$AA@        00411f34     Worker.obj
 0003:00002f38       ??_C@_0BC@ICPB@Set?5Balance?5?$DN?5?$CFd?6?$AA@ 00411f38     Worker.obj
 0003:00002f4c       ??_C@_0P@FCHD@Price?$CI4?$CJ?5?$DN?5?$CFd?6?$AA@ 00411f4c     Worker.obj
 0003:00002f5c       ??_C@_0P@KKLK@Price?$CI3?$CJ?5?$DN?5?$CFd?6?$AA@ 00411f5c     Worker.obj
 0003:00002f6c       ??_C@_0P@OCJE@Price?$CI2?$CJ?5?$DN?5?$CFd?6?$AA@ 00411f6c     Worker.obj
 0003:00002f7c       ??_C@_0P@DKOH@Price?$CI1?$CJ?5?$DN?5?$CFd?6?$AA@ 00411f7c     Worker.obj
 0003:00002f8c       ??_C@_0BB@KPDJ@Initializing?5?$CB?$CB?$CB?$AA@ 00411f8c     Worker.obj
 0003:00002fa0       ??_C@_0BE@DBCK@Authorizing?5Usage?5?$CB?$AA@ 00411fa0     Worker.obj
 0003:00002fb4       ??_C@_05PGEK@ALPHA?$AA@    00411fb4     Worker.obj
 0003:00002fbc       ??_C@_0L@BPOP@Account?5?$CD?3?$AA@ 00411fbc     Worker.obj
 0003:00002fc8       ??_C@_0BC@PILJ@Account?5?$CD?5?$CG?5ENTER?$AA@ 00411fc8     Worker.obj
 0003:00002fdc       ??_C@_0BE@KIIA@Swipe?5Badge?5or?5Type?$AA@ 00411fdc     Worker.obj
 0003:00002ff0       ??_C@_0BB@MOFL@DocuGate?5Systems?$AA@ 00411ff0     Worker.obj
 0003:00003004       ??_C@_0L@NFDB@?5Client?5?$CD?3?$AA@ 00412004     Worker.obj
 0003:00003010       ??_C@_0BC@DHNO@?5Client?5?$CD?5?$CG?5ENTER?$AA@ 00412010     Worker.obj
 0003:00003024       ??_C@_0BC@DDIP@?5if?5required?5type?$AA@ 00412024     Worker.obj
 0003:00003038       ??_C@_0L@JLBP@?5Matter?5?$CD?3?$AA@ 00412038     Worker.obj
 0003:00003044       ??_C@_0BC@OHBG@?5Matter?5?$CD?5?$CG?5ENTER?$AA@ 00412044     Worker.obj
 0003:00003058       ??_C@_0BC@LNL@?5If?5required?5type?$AA@ 00412058     Worker.obj
 0003:0000306c       ??_C@_0N@HGII@?5copy?5pin?5?$CD?3?$AA@ 0041206c     Worker.obj
 0003:0000307c       ??_C@_0O@CMDI@?5Enter?5PIN?5?$CD?3?$AA@ 0041207c     Worker.obj
 0003:0000308c       ??_C@_0BC@KOHH@?5copy?5pin?5?$CG?5ENTER?$AA@ 0041208c     Worker.obj
 0003:000030a0       ??_C@_0BD@NEEI@?5Enter?5PIN?5?$CG?5ENTER?$AA@ 004120a0     Worker.obj
 0003:000030b4       ??_C@_0BC@BPLN@?5Please?5type?5your?$AA@ 004120b4     Worker.obj
 0003:000030c8       ??_C@_05ODGO@DEBIT?$AA@    004120c8     Worker.obj
 0003:000030d0       ??_C@_08CDEN@NOCHARGE?$AA@ 004120d0     Worker.obj
 0003:000030dc       ??_C@_06BLHK@CREDIT?$AA@   004120dc     Worker.obj
 0003:000030f0       ??_R0?AVtype_info@@@8      004120f0     msvcrt:ti_inst.obj
 0003:00003110       ___defaultmatherr          00412110     msvcrt:merr.obj
 0003:00003118       ?curTimeout@ActivationTimer@@1KA 00412118     ActivationTimer.obj
 0003:0000311c       ?maxTimeout@ActivationTimer@@1KA 0041211c     ActivationTimer.obj
 0003:00003120       ?minTimeout@ActivationTimer@@1KA 00412120     ActivationTimer.obj
 0003:00003124       ?TimerId@ActivationTimer@@1IA 00412124     ActivationTimer.obj
 0003:00003128       ?listOfTasks@ActivationTimer@@1PAVTaskList@@A 00412128     ActivationTimer.obj
 0003:00003130       ?m_DBLock@@3VCCriticalSection@@A 00412130     Database.obj
 0003:00003150       ??_C@_00A@?$AA@            00412150     Database.obj
 0003:00003158       ?mWriteLog@@3VCCriticalSection@@A 00412158     Logger.obj
 0003:00003180       ?m_ActiveAccounts@@3VCActiveAccounts@@A 00412180     TheApp.obj
 0003:000031c0       ?m_gLogFileName@@3PADA     004121c0     TheApp.obj
 0003:000032c8       ?m_gIni@@3VCIniEx@@A       004122c8     TheApp.obj
 0003:00003318       ?m_gStationArray@@3VCStringArray@@A 00412318     TheApp.obj
 0003:0000332c       ?hGlobalThreadWait@@3PAXA  0041232c     TheApp.obj
 0003:00003330       ?ThisMachineName@@3PADA    00412330     TheApp.obj
 0003:00003340       ?ProcessLock@@3VCCriticalSection@@A 00412340     TheApp.obj
 0003:00003360       ?theApp@@3VCWinApp@@A      00412360     TheApp.obj
 0003:00003424       ?m_gConnect@@3VCString@@A  00412424     TheApp.obj
 0003:00003428       ?argv@@3PAPADA             00412428     TheApp.obj
 0003:0000342c       ?timer@@3VActivationTimer@@A 0041242c     TheApp.obj
 0003:00003430       ?szWindowClass@@3PADA      00412430     TheApp.obj
 0003:00003494       ?szTitle@@3PADA            00412494     TheApp.obj
 0003:000034f8       ?hInst@@3PAUHINSTANCE__@@A 004124f8     TheApp.obj
 0003:000034fc       ?_Message@@3PADA           004124fc     TheApp.obj
 0003:000035fc       ?_Result@@3PADA            004125fc     TheApp.obj
 0003:00003700       ?Stations@@3PAU_TagStation@@A 00412700     TheApp.obj
 0003:000141f4       ?u@@3T__unnamed@@A         004231f4     Worker.obj
 0003:000141f8       __afxForceEXCLUDE          004231f8     mfcs42:nolib.obj
 0003:000141fc       __afxForceSTDAFX           004231fc     mfcs42:stdafx.obj
 0003:00014200       __dowildcard               00423200     msvcrt:wildcard.obj
 0003:00014204       __newmode                  00423204     msvcrt:_newmode.obj
 0003:00014208       __commode                  00423208     msvcrt:xncommod.obj
 0003:0001420c       __fmode                    0042320c     msvcrt:xtxtmode.obj
 0003:00014210       __adjust_fdiv              00423210     <common>
 0003:00014214       ___onexitend               00423214     <common>
 0003:00014218       ___onexitbegin             00423218     <common>

 entry point at        0001:0000a9cf

 Static symbols

 0001:00004820       _$E252                     00405820 f   TheApp.obj
 0001:00004830       _$E249                     00405830 f   TheApp.obj
 0001:00004850       _$E251                     00405850 f   TheApp.obj
 0001:00004860       _$E250                     00405860 f   TheApp.obj
 0001:00004870       _$E257                     00405870 f   TheApp.obj
 0001:00004880       _$E254                     00405880 f   TheApp.obj
 0001:00004890       _$E256                     00405890 f   TheApp.obj
 0001:000048a0       _$E255                     004058a0 f   TheApp.obj
 0001:000048b0       _$E262                     004058b0 f   TheApp.obj
 0001:000048c0       _$E259                     004058c0 f   TheApp.obj
 0001:000048d0       _$E261                     004058d0 f   TheApp.obj
 0001:000048e0       _$E260                     004058e0 f   TheApp.obj
 0001:000048f0       _$E265                     004058f0 f   TheApp.obj
 0001:00004900       _$E264                     00405900 f   TheApp.obj
 0001:00004920       _$E270                     00405920 f   TheApp.obj
 0001:00004930       _$E267                     00405930 f   TheApp.obj
 0001:00004940       _$E269                     00405940 f   TheApp.obj
 0001:00004950       _$E268                     00405950 f   TheApp.obj
 0001:00004960       _$E275                     00405960 f   TheApp.obj
 0001:00004970       _$E272                     00405970 f   TheApp.obj
 0001:00004980       _$E274                     00405980 f   TheApp.obj
 0001:00004990       _$E273                     00405990 f   TheApp.obj
 0001:000049a0       _$E280                     004059a0 f   TheApp.obj
 0001:000049b0       _$E277                     004059b0 f   TheApp.obj
 0001:000049c0       _$E279                     004059c0 f   TheApp.obj
 0001:000049d0       _$E278                     004059d0 f   TheApp.obj
 0001:000049e0       _$E285                     004059e0 f   TheApp.obj
 0001:000049f0       _$E282                     004059f0 f   TheApp.obj
 0001:00004a00       _$E284                     00405a00 f   TheApp.obj
 0001:00004a10       _$E283                     00405a10 f   TheApp.obj
 0001:000047a0       _$E236                     004057a0 f   StdAfx.obj
 0001:000047b0       _$E233                     004057b0 f   StdAfx.obj
 0001:000047c0       _$E235                     004057c0 f   StdAfx.obj
 0001:000047d0       _$E234                     004057d0 f   StdAfx.obj
 0001:000047e0       _$E242                     004057e0 f   StdAfx.obj
 0001:000047f0       _$E239                     004057f0 f   StdAfx.obj
 0001:00004800       _$E241                     00405800 f   StdAfx.obj
 0001:00004810       _$E240                     00405810 f   StdAfx.obj
 0001:00004150       _$E262                     00405150 f   Logger.obj
 0001:00004160       _$E259                     00405160 f   Logger.obj
 0001:00004170       _$E261                     00405170 f   Logger.obj
 0001:00004180       _$E260                     00405180 f   Logger.obj
 0001:00000940       _$E252                     00401940 f   Database.obj
 0001:00000950       _$E249                     00401950 f   Database.obj
 0001:00000960       _$E251                     00401960 f   Database.obj
 0001:00000970       _$E250                     00401970 f   Database.obj

Line numbers for .\Release\Worker.obj(Z:\myoung\Docugate Sources\Docugate (DGC App Release 7.3)\ipport.h) segment .text

   105 0001:0000a620   107 0001:0000a630   108 0001:0000a640   114 0001:0000a650
   115 0001:0000a651   117 0001:0000a666   121 0001:0000a66a   126 0001:0000a678
   171 0001:0000a68a   129 0001:0000a68c   131 0001:0000a690   133 0001:0000a69d
   138 0001:0000a6a4   171 0001:0000a6c0   141 0001:0000a6c2   145 0001:0000a6c6
   150 0001:0000a6d4   171 0001:0000a6e7   153 0001:0000a6e9   157 0001:0000a6ed
   162 0001:0000a6fb   171 0001:0000a70e   166 0001:0000a710   171 0001:0000a719
   170 0001:0000a71b   171 0001:0000a71d

Line numbers for .\Release\Worker.obj(C:\Program Files\Microsoft Visual Studio\VC98\MFC\INCLUDE\afx.inl) segment .text

   297 0001:000081d0

Line numbers for .\Release\Worker.obj(Z:\myoung\Docugate Sources\Docugate (DGC App Release 7.3)\Worker.cpp) segment .text

   534 0001:00004e50   542 0001:00004ec2   547 0001:00004ec9   549 0001:00004f0d
   550 0001:00004f16   552 0001:00004f21   553 0001:00004f32   554 0001:00004f60
   557 0001:00004f78   129 0001:00004fa0   131 0001:00004fa6   133 0001:00004fb8
   134 0001:00004fc2   135 0001:00004fdd   136 0001:00004fff   141 0001:00005005
   145 0001:0000501e   144 0001:00005024   145 0001:00005035   146 0001:0000504c
   148 0001:0000505a   149 0001:00005061   152 0001:00005067   155 0001:00005099
   156 0001:0000509f   157 0001:000050b1   158 0001:000050c0   159 0001:000050ca
   165 0001:000050cf   167 0001:000050e3   171 0001:000050e5   175 0001:00005106
   180 0001:0000510a   181 0001:00005138   183 0001:00005141   184 0001:0000514f
   185 0001:00005161   186 0001:00005173   188 0001:0000517a   190 0001:0000517c
   191 0001:00005190   192 0001:000051a4   193 0001:000051aa   196 0001:000051c1
   197 0001:000051c7   198 0001:000051cd   200 0001:000051eb   201 0001:000051ff
   204 0001:00005213   206 0001:0000521d   208 0001:00005222   210 0001:00005236
   212 0001:0000525b   214 0001:0000527b   216 0001:0000529b   218 0001:000052bb
   220 0001:000052db   224 0001:000052fb   225 0001:0000530f   226 0001:00005326
   227 0001:00005344   228 0001:0000534e   232 0001:00005353   233 0001:00005367
   236 0001:0000537b   251 0001:0000537d   252 0001:00005385   257 0001:00005394
   267 0001:000053a7   270 0001:000053c6   268 0001:000053da   269 0001:000053ee
   274 0001:000053fa   275 0001:00005407   281 0001:00005415   284 0001:0000542f
   285 0001:0000543c   286 0001:00005444   288 0001:00005456   290 0001:00005458
   293 0001:00005470   295 0001:0000547e   296 0001:000054a2   297 0001:000054ad
   300 0001:000054e4   301 0001:000054f7   308 0001:00005505   311 0001:0000551f
   312 0001:0000552c   313 0001:00005534   315 0001:00005546   317 0001:00005548
   321 0001:00005560   323 0001:00005571   324 0001:0000558c   325 0001:00005597
   327 0001:000055ce   328 0001:000055ee   330 0001:00005602   333 0001:00005607
   334 0001:00005615   337 0001:0000561a   338 0001:00005632   339 0001:00005667
   342 0001:0000566c   343 0001:00005684   344 0001:000056b9   347 0001:000056be
   348 0001:000056d6   349 0001:0000570b   353 0001:00005710   354 0001:0000572a
   355 0001:0000573f   356 0001:00005747   357 0001:00005767   358 0001:00005771
   362 0001:00005776   365 0001:00005795   368 0001:000057a8   374 0001:000057bb
   380 0001:000057d4   382 0001:000057ea   383 0001:000057f0   385 0001:000057f6
   387 0001:000057fb   388 0001:00005807   389 0001:0000581f   394 0001:0000583a
   395 0001:0000585f   396 0001:00005869   402 0001:00005888   410 0001:0000588d
   412 0001:000058a3   413 0001:000058a9   415 0001:000058af   417 0001:000058b4
   418 0001:000058c0   419 0001:000058d8   421 0001:000058f3   430 0001:00005921
   443 0001:00005926   444 0001:00005935   445 0001:0000594d   448 0001:00005968
   453 0001:00005996   465 0001:00005998   466 0001:000059a7   467 0001:000059bf
   468 0001:000059dd   492 0001:000059f9   493 0001:000059fc   497 0001:00005b30
   500 0001:00005b35   501 0001:00005b46   503 0001:00005b59   504 0001:00005b6e
   505 0001:00005b89   508 0001:00005b95   510 0001:00005ba2   511 0001:00005bba
   512 0001:00005bd8   513 0001:00005be2   515 0001:00005bee   516 0001:00005bf1
   520 0001:00005c00   524 0001:00005c26   525 0001:00005c44   526 0001:00005c4e
   527 0001:00005c58   528 0001:00005c5c   561 0001:00005c80   562 0001:00005cab
   566 0001:00005cc2   571 0001:00005d01   572 0001:00005d34   573 0001:00005d66
   575 0001:00005d85   576 0001:00005d96   578 0001:00005daa   579 0001:00005dd6
   580 0001:00005e09   583 0001:00005e2b   584 0001:00005e54   585 0001:00005e86
   587 0001:00005ea8   588 0001:00005ebe   589 0001:00005ec1   627 0001:00005f20
   629 0001:00005f3f   630 0001:00005f4c   635 0001:00005f59   636 0001:00005f62
   637 0001:00005f7c   651 0001:00005fa5   653 0001:00005fc6   654 0001:00005fd4
   659 0001:00005fe4   660 0001:00005ff4   664 0001:00006004   665 0001:00006025
   668 0001:00006039   669 0001:00006055   672 0001:0000605e   674 0001:00006073
   675 0001:00006085   676 0001:00006096   679 0001:0000609b   680 0001:000060aa
   683 0001:000060b8   684 0001:000060c6   685 0001:000060d7   686 0001:000060e7
   687 0001:00006105   711 0001:00006122   715 0001:000061d7   716 0001:00006201
   717 0001:00006217   718 0001:00006220   719 0001:00006227   720 0001:0000622e
   732 0001:00006235   733 0001:0000623b   734 0001:00006248   739 0001:0000624e
   740 0001:0000629f   741 0001:000062ba   742 0001:000062e0   744 0001:000062f7
   746 0001:00006311   747 0001:00006322   749 0001:00006333   750 0001:0000633f
   751 0001:00006371   754 0001:00006376   755 0001:00006386   757 0001:00006397
   758 0001:000063a3   762 0001:000063d4   765 0001:00006402   767 0001:0000640e
   769 0001:00006434   773 0001:0000645c   779 0001:00006483   780 0001:00006492
   781 0001:000064b6   782 0001:000064d4   785 0001:000064d9   786 0001:000064dd
   788 0001:000064ee   801 0001:00006501   802 0001:00006551   828 0001:0000655a
   832 0001:00006574   834 0001:0000657f   835 0001:0000658f   837 0001:00006597
   839 0001:0000659c   845 0001:000065b7   849 0001:000065bc   851 0001:000065c7
   852 0001:000065d7   862 0001:000065df   866 0001:000065e4   868 0001:000065ef
   869 0001:000065ff   880 0001:00006607   884 0001:0000660c   886 0001:00006617
   887 0001:00006627   896 0001:0000662f   904 0001:00006634   906 0001:00006650
   921 0001:00006680   922 0001:00006734   923 0001:00006749   925 0001:00006757
   938 0001:00006771   939 0001:000067a6   940 0001:000067b5   941 0001:000067c4
   942 0001:000067d3   944 0001:000067e2   946 0001:000067ed   951 0001:000067f2
   954 0001:0000681b   955 0001:0000685b   956 0001:00006870   957 0001:0000687e
   967 0001:00006891   968 0001:000068c3   969 0001:000068d8   970 0001:000068e6
   979 0001:000068ff   981 0001:0000690a   986 0001:0000690f   989 0001:00006938
   990 0001:0000697e   991 0001:00006993   992 0001:000069a1  1002 0001:000069b4
  1003 0001:000069e6  1004 0001:000069fb  1005 0001:00006a09  1014 0001:00006a1c
  1015 0001:00006a54  1016 0001:00006a69  1017 0001:00006a77  1026 0001:00006a8a
  1027 0001:00006abc  1028 0001:00006ad1  1029 0001:00006adf  1038 0001:00006af2
  1039 0001:00006b2a  1040 0001:00006b3f  1041 0001:00006b4d  1051 0001:00006b60
  1052 0001:00006b92  1053 0001:00006ba7  1054 0001:00006bb5  1064 0001:00006bc8
  1065 0001:00006c00  1066 0001:00006c15  1067 0001:00006c23  1076 0001:00006c36
  1077 0001:00006c68  1078 0001:00006c7d  1079 0001:00006c8b  1094 0001:00006ca4
  1096 0001:00006caf  1100 0001:00006cb4  1101 0001:00006cd0  1102 0001:00006cdf
  1104 0001:00006d03  1113 0001:00006d22  1129 0001:00006d27  1130 0001:00006d3a
  1141 0001:00006d3f  1142 0001:00006d51  1143 0001:00006d6d  1145 0001:00006d89
  1147 0001:00006d98  1148 0001:00006dbc  1149 0001:00006de0  1150 0001:00006e04
  1153 0001:00006e28  1305 0001:00006e37  1306 0001:00006e46  1161 0001:00006e4b
  1163 0001:00006e5a  1165 0001:00006e8e  1166 0001:00006eba  1168 0001:00006ec8
  1182 0001:00006ee9  1183 0001:00006f27  1184 0001:00006f3c  1185 0001:00006f4a
  1194 0001:00006f5d  1195 0001:00006f95  1196 0001:00006faa  1197 0001:00006fb8
  1206 0001:00006fcb  1207 0001:00006ffd  1208 0001:00007012  1209 0001:00007020
  1219 0001:0000703b  1221 0001:00007064  1223 0001:00007071  1227 0001:00007076
  1228 0001:0000709a  1230 0001:000070ad  1231 0001:000070c0  1305 0001:000070d5
  1306 0001:000070e0  1239 0001:000070e5  1241 0001:000070fc  1242 0001:00007107
  1305 0001:0000711c  1306 0001:00007127  1250 0001:0000712c  1252 0001:0000714d
  1253 0001:00007158  1255 0001:0000715d  1259 0001:0000715f  1261 0001:00007178
  1263 0001:000071a0  1265 0001:000071ad  1270 0001:000071b2  1272 0001:000071c7
  1274 0001:000071ef  1276 0001:000071f4  1282 0001:000071f9  1283 0001:0000721d
  1285 0001:0000722e  1287 0001:0000723b  1291 0001:00007240  1292 0001:00007264
  1294 0001:0000726e  1296 0001:00007273  1301 0001:00007275  1302 0001:00007282
  1304 0001:000072b6  1305 0001:000072cb  1306 0001:000072d6  1311 0001:000072db
  1312 0001:00007307  1313 0001:0000732b  1316 0001:0000734f  1318 0001:0000735d
  1321 0001:00007367  1322 0001:00007378  1323 0001:00007391  1329 0001:0000739f
  1331 0001:000073b1  1332 0001:000073bc  1334 0001:000073c0  1336 0001:000073cd
[...]
    75 0001:00004550    76 0001:00004555    80 0001:00004561    81 0001:00004597
    82 0001:000045c2    84 0001:000045e7    85 0001:000045f0    88 0001:00004636
    90 0001:00004657    91 0001:00004665    93 0001:00004670    94 0001:00004678
    98 0001:00004683    99 0001:00004698   101 0001:000046a0   102 0001:000046a9
   103 0001:000046be   104 0001:00004716   105 0001:00004722   106 0001:0000472c
   108 0001:0000473d   109 0001:00004748   111 0001:00004779

Line numbers for .\Release\IniEx.obj(C:\Program Files\Microsoft Visual Studio\VC98\MFC\INCLUDE\afx.inl) segment .text

    51 0001:000040b0    82 0001:00004100

Line numbers for .\Release\IniEx.obj(Z:\myoung\Docugate Sources\Docugate (DGC App Release 7.3)\IniEx.cpp) segment .text

    21 0001:00003ae0    22 0001:00003b3b    31 0001:00003b3f    34 0001:00003ba0
    35 0001:00003bc5    36 0001:00003bd4    37 0001:00003bed    38 0001:00003bf4
   294 0001:00003c50   295 0001:00003c70   296 0001:00003c90   298 0001:00003c9d
   300 0001:00003cae   302 0001:00003cb6   305 0001:00003cbd   309 0001:00003ccb
   310 0001:00003cd4   315 0001:00003cef   318 0001:00003d08   319 0001:00003d11
   321 0001:00003d21   323 0001:00003d48   324 0001:00003d7d   326 0001:00003d91
   327 0001:00003d9c   332 0001:00003da8   334 0001:00003e48   319 0001:00003e6c
   339 0001:00003e7d   340 0001:00003e86   343 0001:00003ec3   364 0001:00003ee0
   367 0001:00003efe   368 0001:00003f12   369 0001:00003f22   370 0001:00003f35
   371 0001:00003f49   374 0001:00003f57   377 0001:00003f71   379 0001:00003f85
   380 0001:00003f97   382 0001:00003fb1   384 0001:00003fd2   388 0001:00004010
   389 0001:00004014   390 0001:00004022   391 0001:0000402b   393 0001:00004039
   395 0001:0000403f   396 0001:00004049   397 0001:00004050   398 0001:0000405a
   400 0001:00004066   401 0001:0000406f   405 0001:0000407c   407 0001:0000408d
   408 0001:0000409d   410 0001:000040a3

Line numbers for .\Release\Discovery.obj(Z:\myoung\Docugate Sources\Docugate (DGC App Release 7.3)\Discovery.cpp) segment .text

    21 0001:00003a10    23 0001:00003a17    26 0001:00003a27    29 0001:00003a4d
    31 0001:00003a54    33 0001:00003a6c    35 0001:00003a75    37 0001:00003a8b
    46 0001:00003ac7    45 0001:00003ace    46 0001:00003ad1

Line numbers for .\Release\Database.obj(C:\Program Files\Microsoft Visual Studio\VC98\MFC\INCLUDE\afxmt.inl) segment .text

    38 0001:000039f0

Line numbers for .\Release\Database.obj(C:\Program Files\Microsoft Visual Studio\VC98\MFC\INCLUDE\afxcoll.inl) segment .text

   222 0001:00001b70   223 0001:00001b71

Line numbers for .\Release\Database.obj(Z:\myoung\Docugate Sources\Docugate (DGC App Release 7.3)\Database.cpp) segment .text

     3 0001:00000950     6 0001:00000980     7 0001:0000099d    10 0001:00000a00
    11 0001:00000a62    12 0001:00000a6e    13 0001:00000a7a    14 0001:00000a86
    50 0001:00000aa0    53 0001:00000abe    56 0001:00000ad7    62 0001:00000ae5
    63 0001:00000af1    64 0001:00000b02    65 0001:00000b04    67 0001:00000b19
    68 0001:00000b2b    70 0001:00000b40    73 0001:00000b4b    74 0001:00000b53
    76 0001:00000b5f    78 0001:00000b72    79 0001:00000b82    81 0001:00000b95
    82 0001:00000ba7    85 0001:00000bc4    86 0001:00000bd6    88 0001:00000bf3
    89 0001:00000c05    91 0001:00000c1d    92 0001:00000c34    94 0001:00000c4b
    95 0001:00000c62    97 0001:00000c7a    98 0001:00000c91   100 0001:00000ca9
   101 0001:00000cc0   103 0001:00000cd7   104 0001:00000cee   106 0001:00000d06
   107 0001:00000d1a   109 0001:00000d32   110 0001:00000d46   113 0001:00000d6f
   117 0001:00000d71   118 0001:00000da7   120 0001:00000dc4   121 0001:00000dd3
   123 0001:00000dde   126 0001:00000de0   127 0001:00000de8   128 0001:00000e01
   129 0001:00000e12   130 0001:00000e19   132 0001:00000e2e   133 0001:00000e4f
   137 0001:00000e80   139 0001:00000e9e   141 0001:00000eb5   142 0001:00000ec0
   147 0001:00000ecc   148 0001:00000ee8   149 0001:00000f00   151 0001:00000f0e
   152 0001:00000f23   156 0001:00000f2c   157 0001:00000f34   158 0001:00000f40
   159 0001:00000f46   161 0001:00000f5d   162 0001:00000f6d   164 0001:00000f7d
   165 0001:00000f8f   166 0001:00000fa5   167 0001:00000fb7   168 0001:00000fcd
   169 0001:00000fdf   170 0001:00000ff8   171 0001:0000100a   172 0001:00001023
   173 0001:00001035   159 0001:00001048   176 0001:0000104e   177 0001:0000106d
   180 0001:0000107e   182 0001:00001098   183 0001:000010aa   188 0001:000010bb
   189 0001:000010ca   200 0001:000010d5   194 0001:00001115   195 0001:0000111d
   196 0001:00001136   197 0001:00001147   198 0001:0000114e   206 0001:00001160
   213 0001:0000117e   215 0001:0000119a   216 0001:000011b1   218 0001:000011b6
   219 0001:000011c6   222 0001:000011d7   223 0001:000011e6   225 0001:000011f1
   236 0001:000011ff   229 0001:00001214   230 0001:0000121c   231 0001:00001235
   232 0001:00001246   233 0001:0000124d   239 0001:00001260   240 0001:00001264
   241 0001:00001276   242 0001:00001285   245 0001:00001290   248 0001:000012b3
   249 0001:000012b5   253 0001:000012cd   254 0001:000012d0   255 0001:000012e9
   266 0001:000012ee   259 0001:00001301   260 0001:0000131a   261 0001:0000132c
   262 0001:00001340   263 0001:00001347   266 0001:0000134d   270 0001:00001370
   276 0001:0000138e   277 0001:00001394   279 0001:000013af   283 0001:000013b1
   284 0001:000013e9   285 0001:000013fd   286 0001:00001404   289 0001:0000140d
   317 0001:00001430   320 0001:00001451   325 0001:00001461   326 0001:00001479
   327 0001:0000148b   329 0001:000014a4   330 0001:000014b3   332 0001:000014be
   333 0001:000014cd   335 0001:000014cf   337 0001:000014d1   338 0001:00001504
   339 0001:00001518   340 0001:0000151f   342 0001:00001528   344 0001:00001537
   348 0001:00001550   352 0001:0000156e   353 0001:00001585   365 0001:0000158a
   359 0001:0000159f   360 0001:000015d0   361 0001:000015e4   362 0001:000015eb
   368 0001:00001600   372 0001:0000161e   373 0001:00001635   385 0001:0000163a
   379 0001:0000164f   380 0001:00001680   381 0001:00001694   382 0001:0000169b
   390 0001:000016b0   392 0001:000016ce   393 0001:000016e3   398 0001:000016f2
   399 0001:0000170e   401 0001:00001727   403 0001:00001732   404 0001:0000173a
   405 0001:00001764   406 0001:00001784   407 0001:000017aa   408 0001:000017ca
   409 0001:000017e4   410 0001:0000180a   412 0001:00001816   413 0001:00001825
   424 0001:00001830   417 0001:00001864   418 0001:0000186c   419 0001:00001885
   420 0001:00001896   421 0001:0000189d   427 0001:000018b0   429 0001:000018ce
   430 0001:000018e3   435 0001:000018f2   437 0001:0000190d   438 0001:00001914
   440 0001:0000193a   441 0001:00001949   452 0001:00001954   446 0001:00001988
   447 0001:00001990   448 0001:000019a9   449 0001:000019ba   450 0001:000019c1
   456 0001:000019e0   459 0001:000019fe   460 0001:00001a13   465 0001:00001a22
   466 0001:00001a3f   468 0001:00001a58   470 0001:00001a5f   472 0001:00001a67
   473 0001:00001a7c   475 0001:00001a8f   476 0001:00001aa0   477 0001:00001aad
   479 0001:00001ab5   481 0001:00001acc   482 0001:00001adb   493 0001:00001ae6
   487 0001:00001b1a   488 0001:00001b22   489 0001:00001b3b   490 0001:00001b4c
   491 0001:00001b53   496 0001:00001ba0   499 0001:00001bbe   500 0001:00001bd3
   505 0001:00001be2   506 0001:00001bff   508 0001:00001c18   510 0001:00001c1f
   513 0001:00001c27   514 0001:00001c3c   516 0001:00001c4f   517 0001:00001c60
   518 0001:00001c6d   519 0001:00001c75   521 0001:00001c8c   522 0001:00001c9b
   534 0001:00001ca6   528 0001:00001cda   529 0001:00001ce2   530 0001:00001cfb
   531 0001:00001d0c   532 0001:00001d13   537 0001:00001d30   539 0001:00001d4e
   540 0001:00001d63   545 0001:00001d72   546 0001:00001d85   548 0001:00001d9e
   550 0001:00001da5   554 0001:00001dad   555 0001:00001dc2   557 0001:00001dd2
   558 0001:00001de9   559 0001:00001df6   560 0001:00001dfe   562 0001:00001e15
   563 0001:00001e24   574 0001:00001e2f   568 0001:00001e63   569 0001:00001e6b
   570 0001:00001e84   571 0001:00001e95   572 0001:00001e9c   580 0001:00001eb0
   582 0001:00001ece   583 0001:00001ee3   588 0001:00001ef2   589 0001:00001f12
   591 0001:00001f2b   593 0001:00001f36   594 0001:00001f3e   595 0001:00001f68
   596 0001:00001f88   597 0001:00001fab   598 0001:00001fcf   599 0001:00001fef
   600 0001:0000200f   602 0001:0000201a   603 0001:00002029   614 0001:00002034
   608 0001:00002068   609 0001:00002070   610 0001:00002089   611 0001:0000209a
   612 0001:000020a1   657 0001:000020c0   659 0001:000020de   660 0001:000020f5
   661 0001:00002100   663 0001:00002111   664 0001:00002125   692 0001:00002153
   674 0001:00002166   675 0001:00002179   676 0001:00002192   678 0001:000021a2
   679 0001:000021b1   682 0001:000021bc   684 0001:000021be   685 0001:000021c6
   686 0001:000021df   687 0001:000021f0   688 0001:000021f7   690 0001:0000220b
   692 0001:0000224a   695 0001:00002260   697 0001:0000227e   698 0001:00002295
   699 0001:000022a0   701 0001:000022b1   702 0001:000022c8   727 0001:000022f6
   709 0001:00002309   710 0001:00002320   711 0001:00002339   713 0001:00002349
   714 0001:00002358   717 0001:00002363   719 0001:00002365   720 0001:0000236d
   721 0001:00002386   722 0001:00002397   723 0001:0000239e   725 0001:000023b2
   727 0001:000023f1   732 0001:00002410   734 0001:0000242e   735 0001:00002445
   742 0001:00002450   743 0001:00002469   745 0001:00002482   747 0001:0000248b
   748 0001:00002493   750 0001:00002496   751 0001:000024b0   752 0001:000024ba
   753 0001:000024d0   755 0001:000024da   756 0001:000024eb   757 0001:000024f5
   758 0001:0000250b   760 0001:00002515   761 0001:00002525   762 0001:0000252f
   763 0001:00002545   765 0001:0000254f   766 0001:00002560   767 0001:0000256a
   768 0001:00002580   770 0001:0000258a   771 0001:000025ae   775 0001:000025be
   776 0001:000025cd   779 0001:000025d8   783 0001:000025ef   784 0001:00002601
   785 0001:00002614   787 0001:0000261e   788 0001:0000262a   789 0001:0000263d
   791 0001:00002647   792 0001:00002653   793 0001:00002666   795 0001:00002670
   796 0001:0000267c   797 0001:0000268f   802 0001:00002695   805 0001:00002697
   806 0001:000026a6   807 0001:000026bf   808 0001:000026d0   809 0001:000026d7
   796 0001:000026ed   813 0001:000026ef   816 0001:0000270c   821 0001:00002730
   823 0001:0000274e   824 0001:00002763   831 0001:00002772   832 0001:00002781
   833 0001:00002797   834 0001:00002799   836 0001:000027ab   839 0001:000027c0
   841 0001:000027d9   843 0001:000027e0   844 0001:000027e8   845 0001:000027fd
   846 0001:00002810   848 0001:0000281b   849 0001:0000282a   861 0001:00002835
   854 0001:00002869   855 0001:00002871   856 0001:0000288a   857 0001:0000289b
   858 0001:000028a2   865 0001:000028c0   868 0001:000028de   869 0001:000028f3
   876 0001:00002902   878 0001:00002919   880 0001:00002932   882 0001:00002939
   883 0001:00002941   884 0001:00002963   886 0001:00002974   887 0001:00002983
   898 0001:0000298e   892 0001:000029c2   893 0001:000029ca   894 0001:000029e3
   895 0001:000029f4   896 0001:000029fb   937 0001:00002a10   958 0001:00002a26
   961 0001:00002a40   963 0001:00002a5e   967 0001:00002a69   968 0001:00002a93
   978 0001:00002aa2   979 0001:00002aad   972 0001:00002acf   973 0001:00002ad7
   974 0001:00002af0   975 0001:00002b01   976 0001:00002b08   983 0001:00002b20
   985 0001:00002b3e   989 0001:00002b49   990 0001:00002b78  1000 0001:00002b87
   994 0001:00002ba9   995 0001:00002bb1   996 0001:00002bca   997 0001:00002bdb
   998 0001:00002be2  1004 0001:00002c00  1006 0001:00002c1e  1011 0001:00002c29
  1020 0001:00002c45  1021 0001:00002c66  1037 0001:00002c75  1014 0001:00002c97
  1028 0001:00002caf  1030 0001:00002cb1  1031 0001:00002cb9  1032 0001:00002cd2
  1033 0001:00002ce3  1035 0001:00002cea  1041 0001:00002d00  1042 0001:00002d21
  1053 0001:00002d2c  1057 0001:00002d85  1068 0001:00002d98  1061 0001:00002dba
  1062 0001:00002dd0  1063 0001:00002dec  1064 0001:00002e00  1065 0001:00002e07
  1072 0001:00002e10  1074 0001:00002e31  1075 0001:00002e3c  1076 0001:00002e4b
  1081 0001:00002e6e  1085 0001:00002e96  1094 0001:00002ea9  1089 0001:00002eda
  1090 0001:00002ef0  1091 0001:00002f0c  1092 0001:00002f20  1093 0001:00002f27
  1099 0001:00002f30  1100 0001:00002f51  1106 0001:00002f5c  1110 0001:00002f96
  1121 0001:00002fa9  1114 0001:00002fcb  1115 0001:00002fe1  1116 0001:00002ffd
  1117 0001:00003011  1118 0001:00003018  1132 0001:00003020  1139 0001:00003030
  1143 0001:0000304e  1153 0001:00003068  1147 0001:0000307b  1148 0001:00003091
  1149 0001:000030ad  1150 0001:000030c1  1151 0001:000030c8  1157 0001:000030d0
  1159 0001:000030f1  1163 0001:000030fc  1164 0001:00003119  1177 0001:00003128
  1169 0001:0000314a  1170 0001:00003160  1171 0001:0000317e  1172 0001:0000318f
  1173 0001:000031a1  1174 0001:000031b5  1175 0001:000031bc  1181 0001:000031d0
  1185 0001:000031f1  1186 0001:000031f3  1187 0001:00003201  1188 0001:00003217
  1189 0001:00003226  1199 0001:00003231  1192 0001:00003244  1193 0001:0000325a
  1194 0001:00003276  1195 0001:0000328a  1196 0001:00003291  1203 0001:000032a0
  1206 0001:000032be  1207 0001:000032d5  1208 0001:000032e0  1214 0001:000032ec
  1215 0001:00003305  1216 0001:0000331e  1218 0001:0000332e  1219 0001:0000333d
  1221 0001:00003348  1227 0001:0000335d  1229 0001:0000335f  1230 0001:00003367
  1231 0001:00003380  1232 0001:00003391  1233 0001:00003398  1236 0001:000033af
  1239 0001:000033db  1290 0001:000033f0  1292 0001:0000340e  1296 0001:00003419
  1297 0001:0000343c  1299 0001:0000344d  1300 0001:0000345f  1301 0001:00003471
  1312 0001:0000347c  1306 0001:0000349e  1307 0001:000034a6  1308 0001:000034bf
  1309 0001:000034d0  1310 0001:000034d7  1316 0001:000034f0  1318 0001:0000350e
  1322 0001:00003519  1323 0001:0000353c  1325 0001:0000354d  1326 0001:0000355c
  1338 0001:0000356a  1332 0001:0000358c  1333 0001:00003594  1334 0001:000035ad
  1335 0001:000035be  1336 0001:000035c5  1342 0001:000035e0  1344 0001:000035fe
  1349 0001:00003609  1350 0001:0000362c  1352 0001:0000363d  1353 0001:0000364c
  1367 0001:0000365a  1360 0001:0000367c  1361 0001:00003684  1362 0001:0000369d
  1363 0001:000036ae  1365 0001:000036b5  1370 0001:000036d0  1372 0001:000036ee
  1375 0001:000036f9  1376 0001:0000371c  1377 0001:0000372d  1378 0001:0000373c
  1389 0001:0000374a  1383 0001:0000376c  1384 0001:00003774  1385 0001:0000378d
  1386 0001:0000379e  1387 0001:000037a5  1394 0001:000037c0  1396 0001:000037e1
  1397 0001:000037ec  1398 0001:00003802  1402 0001:0000380e  1403 0001:00003829
  1414 0001:00003837  1408 0001:00003877  1409 0001:0000387f  1410 0001:00003898
  1411 0001:000038a9  1412 0001:000038b0  1418 0001:000038d0  1420 0001:000038ee
  1424 0001:000038f9  1425 0001:00003912  1426 0001:00003923  1427 0001:00003931
  1428 0001:0000393f  1429 0001:0000394d  1430 0001:0000395b  1431 0001:00003969
  1442 0001:00003977  1444 0001:00003986  1436 0001:0000399b  1437 0001:000039a3
  1438 0001:000039bc  1439 0001:000039cd  1440 0001:000039d4

Line numbers for .\Release\ActiveAccounts.obj(C:\Program Files\Microsoft Visual Studio\VC98\MFC\INCLUDE\afxmt.inl) segment .text

    42 0001:000008f0    46 0001:00000910    48 0001:00000930

Line numbers for .\Release\ActiveAccounts.obj(C:\Program Files\Microsoft Visual Studio\VC98\MFC\INCLUDE\afxmt.h) segment .text

    67 0001:000008c0

Line numbers for .\Release\ActiveAccounts.obj(C:\Program Files\Microsoft Visual Studio\VC98\MFC\INCLUDE\afx.inl) segment .text

    37 0001:000008a0    39 0001:000008b0

Line numbers for .\Release\ActiveAccounts.obj(Z:\myoung\Docugate Sources\Docugate (DGC App Release 7.3)\ActiveAccounts.cpp) segment .text

    21 0001:000006d0    22 0001:0000071f    23 0001:00000731    27 0001:00000770
    28 0001:00000794    30 0001:000007a6    38 0001:000007f0    43 0001:000007f4
    44 0001:000007f6    45 0001:00000800    46 0001:0000080e    47 0001:00000812
    48 0001:00000817    49 0001:00000820    51 0001:00000824    58 0001:00000830
    61 0001:00000833    62 0001:0000083d    64 0001:0000084a    65 0001:00000853
    66 0001:00000856    73 0001:00000860    78 0001:00000864    79 0001:0000086e
    80 0001:0000087f    81 0001:00000883    82 0001:0000088b    84 0001:00000895
    85 0001:00000898

Line numbers for .\Release\ActivationTimer.obj(Z:\myoung\Docugate Sources\Docugate (DGC App Release 7.3)\ActivationTimer.cpp) segment .text

    40 0001:00000000    46 0001:00000002    48 0001:00000009    49 0001:00000014
    50 0001:00000017    53 0001:00000040    57 0001:00000044    64 0001:00000059
    65 0001:00000063    67 0001:0000006f    68 0001:0000007a    79 0001:00000080
    82 0001:00000092    83 0001:00000095    84 0001:00000098    93 0001:0000009b
    89 0001:000000a2    90 0001:000000bb    92 0001:000000be    93 0001:000000c5
    89 0001:000000cc    92 0001:000000ce    93 0001:000000db    97 0001:00000110
    98 0001:00000113   100 0001:00000131   101 0001:00000138   109 0001:0000013e
   110 0001:00000146   104 0001:00000149   105 0001:0000014f   106 0001:00000155
   109 0001:00000158   110 0001:00000160   114 0001:00000170   116 0001:00000181
   118 0001:00000191   119 0001:00000198   121 0001:0000019e   122 0001:000001a5
   124 0001:000001ab   125 0001:000001b0   127 0001:000001b6   128 0001:000001bb
   130 0001:000001c1   131 0001:000001c9   135 0001:000001d3   134 0001:000001d8
   135 0001:000001dc   138 0001:000001e0   140 0001:000001e3   144 0001:000001f0
   146 0001:000001fa   149 0001:000001fe   150 0001:0000020d   157 0001:0000021c
   156 0001:0000021f   157 0001:00000221   161 0001:00000230   165 0001:0000023d
   166 0001:00000240   167 0001:00000244   170 0001:0000024a   163 0001:0000024d
   170 0001:0000024f   173 0001:00000260   174 0001:00000266   177 0001:00000269
   180 0001:0000026e   182 0001:00000271   184 0001:0000027d   186 0001:00000282
   197 0001:00000290   200 0001:00000298   202 0001:000002b0   206 0001:000002ea
   209 0001:00000330   210 0001:00000336   211 0001:00000343   215 0001:00000350
   216 0001:00000355   219 0001:00000374   220 0001:0000037c   222 0001:00000385
   223 0001:00000392   225 0001:000003a3   236 0001:000003b0   237 0001:000003c6
   246 0001:000003e3   248 0001:00000407   250 0001:0000040d   251 0001:00000410
   246 0001:00000412   248 0001:00000414   250 0001:0000041a   251 0001:0000041d
   239 0001:0000041f   240 0001:00000422   241 0001:00000425   251 0001:00000428
   254 0001:00000460   258 0001:0000046d   260 0001:00000470   261 0001:00000474
   264 0001:0000047a   256 0001:0000047d   264 0001:0000047f   273 0001:00000490
   275 0001:0000049d   322 0001:000004a0   324 0001:000004aa   325 0001:000004b1
   328 0001:000004c0   329 0001:000004c6   332 0001:000004c9   335 0001:000004ce
   337 0001:000004d1   339 0001:000004dd   341 0001:000004e2   352 0001:000004f0
   353 0001:00000508   364 0001:00000523   369 0001:0000054f   370 0001:00000575
   355 0001:00000577   356 0001:000005a0   357 0001:000005a6   358 0001:000005ac
   359 0001:000005b2   370 0001:000005b8   373 0001:000005f0   374 0001:000005f6
   376 0001:000005fb   377 0001:0000060b   439 0001:00000610   444 0001:00000623
   446 0001:00000638   447 0001:00000644   449 0001:00000647   451 0001:00000649
   441 0001:0000064b   457 0001:00000657   458 0001:0000065b   461 0001:00000669
   460 0001:0000066a   461 0001:0000067f   479 0001:00000680   481 0001:0000068e
   482 0001:00000698   486 0001:000006a0   488 0001:000006ba   492 0001:000006c0
   494 0001:000006c5

 48 bytes saved through ICF

